------------------------------------------------------------
Timing Analyzer Summary
------------------------------------------------------------

Type  : Slow 1200mV 85C Model Setup 'clock'
Slack : -2.586
TNS   : -44.010

Type  : Slow 1200mV 85C Model Hold 'clock'
Slack : 0.358
TNS   : 0.000

Type  : Slow 1200mV 85C Model Recovery 'RX'
Slack : -0.982
TNS   : -0.982

Type  : Slow 1200mV 85C Model Recovery 'clock'
Slack : -0.698
TNS   : -4.171

Type  : Slow 1200mV 85C Model Removal 'clock'
Slack : 0.551
TNS   : 0.000

Type  : Slow 1200mV 85C Model Removal 'RX'
Slack : 1.459
TNS   : 0.000

Type  : Slow 1200mV 85C Model Minimum Pulse Width 'clock'
Slack : -3.000
TNS   : -51.000

Type  : Slow 1200mV 85C Model Minimum Pulse Width 'RX'
Slack : -3.000
TNS   : -4.000

Type  : Slow 1200mV 0C Model Setup 'clock'
Slack : -2.202
TNS   : -34.786

Type  : Slow 1200mV 0C Model Hold 'clock'
Slack : 0.311
TNS   : 0.000

Type  : Slow 1200mV 0C Model Recovery 'RX'
Slack : -0.803
TNS   : -0.803

Type  : Slow 1200mV 0C Model Recovery 'clock'
Slack : -0.515
TNS   : -2.630

Type  : Slow 1200mV 0C Model Removal 'clock'
Slack : 0.499
TNS   : 0.000

Type  : Slow 1200mV 0C Model Removal 'RX'
Slack : 1.366
TNS   : 0.000

Type  : Slow 1200mV 0C Model Minimum Pulse Width 'clock'
Slack : -3.000
TNS   : -51.000

Type  : Slow 1200mV 0C Model Minimum Pulse Width 'RX'
Slack : -3.000
TNS   : -4.000

Type  : Fast 1200mV 0C Model Setup 'clock'
Slack : -1.012
TNS   : -9.420

Type  : Fast 1200mV 0C Model Hold 'clock'
Slack : 0.187
TNS   : 0.000

Type  : Fast 1200mV 0C Model Recovery 'RX'
Slack : -0.062
TNS   : -0.062

Type  : Fast 1200mV 0C Model Recovery 'clock'
Slack : 0.019
TNS   : 0.000

Type  : Fast 1200mV 0C Model Removal 'clock'
Slack : 0.303
TNS   : 0.000

Type  : Fast 1200mV 0C Model Removal 'RX'
Slack : 0.703
TNS   : 0.000

Type  : Fast 1200mV 0C Model Minimum Pulse Width 'clock'
Slack : -3.000
TNS   : -53.843

Type  : Fast 1200mV 0C Model Minimum Pulse Width 'RX'
Slack : -3.000
TNS   : -4.171

------------------------------------------------------------
