Archive member included to satisfy reference by file (symbol)

c:/devtools/intel/intelfpga_lite/18.1/nios2eds/bin/gnu/h-x86_64-mingw32/bin/../lib/gcc/nios2-elf/5.3.0/../../../../../H-x86_64-mingw32/nios2-elf/lib/mno-hw-mul\libsmallc.a(lib_a-printf.o)
                              obj/default/hello_world_small.o (printf)
c:/devtools/intel/intelfpga_lite/18.1/nios2eds/bin/gnu/h-x86_64-mingw32/bin/../lib/gcc/nios2-elf/5.3.0/../../../../../H-x86_64-mingw32/nios2-elf/lib/mno-hw-mul\libsmallc.a(lib_a-vfprintf.o)
                              c:/devtools/intel/intelfpga_lite/18.1/nios2eds/bin/gnu/h-x86_64-mingw32/bin/../lib/gcc/nios2-elf/5.3.0/../../../../../H-x86_64-mingw32/nios2-elf/lib/mno-hw-mul\libsmallc.a(lib_a-printf.o) (___vfprintf_internal_r)
c:/devtools/intel/intelfpga_lite/18.1/nios2eds/bin/gnu/h-x86_64-mingw32/bin/../lib/gcc/nios2-elf/5.3.0/../../../../../H-x86_64-mingw32/nios2-elf/lib/mno-hw-mul\libsmallc.a(lib_a-fvwrite_small_dev.o)
                              c:/devtools/intel/intelfpga_lite/18.1/nios2eds/bin/gnu/h-x86_64-mingw32/bin/../lib/gcc/nios2-elf/5.3.0/../../../../../H-x86_64-mingw32/nios2-elf/lib/mno-hw-mul\libsmallc.a(lib_a-printf.o) (__sfvwrite_small_dev)
c:/devtools/intel/intelfpga_lite/18.1/nios2eds/bin/gnu/h-x86_64-mingw32/bin/../lib/gcc/nios2-elf/5.3.0/../../../../../H-x86_64-mingw32/nios2-elf/lib/mno-hw-mul\libsmallc.a(lib_a-impure.o)
                              c:/devtools/intel/intelfpga_lite/18.1/nios2eds/bin/gnu/h-x86_64-mingw32/bin/../lib/gcc/nios2-elf/5.3.0/../../../../../H-x86_64-mingw32/nios2-elf/lib/mno-hw-mul\libsmallc.a(lib_a-printf.o) (_impure_ptr)
c:/devtools/intel/intelfpga_lite/18.1/nios2eds/bin/gnu/h-x86_64-mingw32/bin/../lib/gcc/nios2-elf/5.3.0/../../../../../H-x86_64-mingw32/nios2-elf/lib/mno-hw-mul\libsmallc.a(lib_a-strlen.o)
                              c:/devtools/intel/intelfpga_lite/18.1/nios2eds/bin/gnu/h-x86_64-mingw32/bin/../lib/gcc/nios2-elf/5.3.0/../../../../../H-x86_64-mingw32/nios2-elf/lib/mno-hw-mul\libsmallc.a(lib_a-vfprintf.o) (strlen)
c:/devtools/intel/intelfpga_lite/18.1/nios2eds/bin/gnu/h-x86_64-mingw32/bin/../lib/gcc/nios2-elf/5.3.0/../../../../../H-x86_64-mingw32/nios2-elf/lib/mno-hw-mul\libsmallc.a(lib_a-writer.o)
                              c:/devtools/intel/intelfpga_lite/18.1/nios2eds/bin/gnu/h-x86_64-mingw32/bin/../lib/gcc/nios2-elf/5.3.0/../../../../../H-x86_64-mingw32/nios2-elf/lib/mno-hw-mul\libsmallc.a(lib_a-fvwrite_small_dev.o) (_write_r)
c:/devtools/intel/intelfpga_lite/18.1/nios2eds/bin/gnu/h-x86_64-mingw32/bin/../lib/gcc/nios2-elf/5.3.0/../../../../../H-x86_64-mingw32/nios2-elf/lib/mno-hw-mul\libsmallc.a(lib_a-int_errno.o)
                              c:/devtools/intel/intelfpga_lite/18.1/nios2eds/bin/gnu/h-x86_64-mingw32/bin/../lib/gcc/nios2-elf/5.3.0/../../../../../H-x86_64-mingw32/nios2-elf/lib/mno-hw-mul\libsmallc.a(lib_a-writer.o) (errno)
c:/devtools/intel/intelfpga_lite/18.1/nios2eds/bin/gnu/h-x86_64-mingw32/bin/../lib/gcc/nios2-elf/5.3.0/mno-hw-mul\libgcc.a(lib2-divmod.o)
                              c:/devtools/intel/intelfpga_lite/18.1/nios2eds/bin/gnu/h-x86_64-mingw32/bin/../lib/gcc/nios2-elf/5.3.0/../../../../../H-x86_64-mingw32/nios2-elf/lib/mno-hw-mul\libsmallc.a(lib_a-vfprintf.o) (__udivsi3)
c:/devtools/intel/intelfpga_lite/18.1/nios2eds/bin/gnu/h-x86_64-mingw32/bin/../lib/gcc/nios2-elf/5.3.0/mno-hw-mul\libgcc.a(lib2-mul.o)
                              c:/devtools/intel/intelfpga_lite/18.1/nios2eds/bin/gnu/h-x86_64-mingw32/bin/../lib/gcc/nios2-elf/5.3.0/../../../../../H-x86_64-mingw32/nios2-elf/lib/mno-hw-mul\libsmallc.a(lib_a-vfprintf.o) (__mulsi3)
C:/Users/SofianeAOUCI/Desktop/BE-VHDL/BE/SOPC_dev/NIOS/software/SOPC_BarreFranche_bsp/\libhal_bsp.a(alt_load.o)
                              C:/Users/SofianeAOUCI/Desktop/BE-VHDL/BE/SOPC_dev/NIOS/software/SOPC_BarreFranche_bsp//obj/HAL/src/crt0.o (alt_load)
C:/Users/SofianeAOUCI/Desktop/BE-VHDL/BE/SOPC_dev/NIOS/software/SOPC_BarreFranche_bsp/\libhal_bsp.a(alt_main.o)
                              C:/Users/SofianeAOUCI/Desktop/BE-VHDL/BE/SOPC_dev/NIOS/software/SOPC_BarreFranche_bsp//obj/HAL/src/crt0.o (alt_main)
C:/Users/SofianeAOUCI/Desktop/BE-VHDL/BE/SOPC_dev/NIOS/software/SOPC_BarreFranche_bsp/\libhal_bsp.a(alt_putstr.o)
                              obj/default/hello_world_small.o (alt_putstr)
C:/Users/SofianeAOUCI/Desktop/BE-VHDL/BE/SOPC_dev/NIOS/software/SOPC_BarreFranche_bsp/\libhal_bsp.a(alt_write.o)
                              c:/devtools/intel/intelfpga_lite/18.1/nios2eds/bin/gnu/h-x86_64-mingw32/bin/../lib/gcc/nios2-elf/5.3.0/../../../../../H-x86_64-mingw32/nios2-elf/lib/mno-hw-mul\libsmallc.a(lib_a-writer.o) (write)
C:/Users/SofianeAOUCI/Desktop/BE-VHDL/BE/SOPC_dev/NIOS/software/SOPC_BarreFranche_bsp/\libhal_bsp.a(alt_sys_init.o)
                              C:/Users/SofianeAOUCI/Desktop/BE-VHDL/BE/SOPC_dev/NIOS/software/SOPC_BarreFranche_bsp/\libhal_bsp.a(alt_main.o) (alt_irq_init)
C:/Users/SofianeAOUCI/Desktop/BE-VHDL/BE/SOPC_dev/NIOS/software/SOPC_BarreFranche_bsp/\libhal_bsp.a(altera_avalon_jtag_uart_write.o)
                              C:/Users/SofianeAOUCI/Desktop/BE-VHDL/BE/SOPC_dev/NIOS/software/SOPC_BarreFranche_bsp/\libhal_bsp.a(alt_putstr.o) (altera_avalon_jtag_uart_write)
C:/Users/SofianeAOUCI/Desktop/BE-VHDL/BE/SOPC_dev/NIOS/software/SOPC_BarreFranche_bsp/\libhal_bsp.a(alt_dcache_flush_all.o)
                              C:/Users/SofianeAOUCI/Desktop/BE-VHDL/BE/SOPC_dev/NIOS/software/SOPC_BarreFranche_bsp/\libhal_bsp.a(alt_load.o) (alt_dcache_flush_all)
C:/Users/SofianeAOUCI/Desktop/BE-VHDL/BE/SOPC_dev/NIOS/software/SOPC_BarreFranche_bsp/\libhal_bsp.a(alt_errno.o)
                              C:/Users/SofianeAOUCI/Desktop/BE-VHDL/BE/SOPC_dev/NIOS/software/SOPC_BarreFranche_bsp/\libhal_bsp.a(alt_write.o) (alt_errno)
C:/Users/SofianeAOUCI/Desktop/BE-VHDL/BE/SOPC_dev/NIOS/software/SOPC_BarreFranche_bsp/\libhal_bsp.a(alt_icache_flush_all.o)
                              C:/Users/SofianeAOUCI/Desktop/BE-VHDL/BE/SOPC_dev/NIOS/software/SOPC_BarreFranche_bsp/\libhal_bsp.a(alt_load.o) (alt_icache_flush_all)
C:/Users/SofianeAOUCI/Desktop/BE-VHDL/BE/SOPC_dev/NIOS/software/SOPC_BarreFranche_bsp/\libhal_bsp.a(altera_nios2_gen2_irq.o)
                              C:/Users/SofianeAOUCI/Desktop/BE-VHDL/BE/SOPC_dev/NIOS/software/SOPC_BarreFranche_bsp/\libhal_bsp.a(alt_sys_init.o) (altera_nios2_gen2_irq_init)

Allocating common symbols
Common symbol       size              file

errno               0x4               c:/devtools/intel/intelfpga_lite/18.1/nios2eds/bin/gnu/h-x86_64-mingw32/bin/../lib/gcc/nios2-elf/5.3.0/../../../../../H-x86_64-mingw32/nios2-elf/lib/mno-hw-mul\libsmallc.a(lib_a-int_errno.o)

Memory Configuration

Name             Origin             Length             Attributes
reset            0x0000000000010000 0x0000000000000020
SRAM             0x0000000000010020 0x0000000000009fe0
*default*        0x0000000000000000 0xffffffffffffffff

Linker script and memory map

LOAD C:/Users/SofianeAOUCI/Desktop/BE-VHDL/BE/SOPC_dev/NIOS/software/SOPC_BarreFranche_bsp//obj/HAL/src/crt0.o
LOAD obj/default/hello_world_small.o
LOAD c:/devtools/intel/intelfpga_lite/18.1/nios2eds/bin/gnu/h-x86_64-mingw32/bin/../lib/gcc/nios2-elf/5.3.0/../../../../../H-x86_64-mingw32/nios2-elf/lib/mno-hw-mul\libstdc++.a
LOAD c:/devtools/intel/intelfpga_lite/18.1/nios2eds/bin/gnu/h-x86_64-mingw32/bin/../lib/gcc/nios2-elf/5.3.0/../../../../../H-x86_64-mingw32/nios2-elf/lib/mno-hw-mul\libm.a
LOAD c:/devtools/intel/intelfpga_lite/18.1/nios2eds/bin/gnu/h-x86_64-mingw32/bin/../lib/gcc/nios2-elf/5.3.0/mno-hw-mul\libgcc.a
START GROUP
LOAD c:/devtools/intel/intelfpga_lite/18.1/nios2eds/bin/gnu/h-x86_64-mingw32/bin/../lib/gcc/nios2-elf/5.3.0/../../../../../H-x86_64-mingw32/nios2-elf/lib/mno-hw-mul\libsmallc.a
LOAD c:/devtools/intel/intelfpga_lite/18.1/nios2eds/bin/gnu/h-x86_64-mingw32/bin/../lib/gcc/nios2-elf/5.3.0/mno-hw-mul\libgcc.a
LOAD C:/Users/SofianeAOUCI/Desktop/BE-VHDL/BE/SOPC_dev/NIOS/software/SOPC_BarreFranche_bsp/\libhal_bsp.a
LOAD c:/devtools/intel/intelfpga_lite/18.1/nios2eds/bin/gnu/h-x86_64-mingw32/bin/../lib/gcc/nios2-elf/5.3.0/../../../../../H-x86_64-mingw32/nios2-elf/lib/mno-hw-mul\libm.a
END GROUP
LOAD c:/devtools/intel/intelfpga_lite/18.1/nios2eds/bin/gnu/h-x86_64-mingw32/bin/../lib/gcc/nios2-elf/5.3.0/mno-hw-mul\libgcc.a
                0x0000000000010000                __alt_mem_SRAM = 0x10000

.entry          0x0000000000010000       0x20
 *(.entry)
 .entry         0x0000000000010000       0x20 C:/Users/SofianeAOUCI/Desktop/BE-VHDL/BE/SOPC_dev/NIOS/software/SOPC_BarreFranche_bsp//obj/HAL/src/crt0.o
                0x0000000000010000                __reset
                0x000000000001000c                _exit

.exceptions     0x0000000000010020        0x0
                0x0000000000010020                PROVIDE (__ram_exceptions_start, ABSOLUTE (.))
                0x0000000000010020                . = ALIGN (0x20)
 *(.irq)
 *(.exceptions.entry.label)
 *(.exceptions.entry.user)
 *(.exceptions.entry.ecc_fatal)
 *(.exceptions.entry)
 *(.exceptions.irqtest.user)
 *(.exceptions.irqtest)
 *(.exceptions.irqhandler.user)
 *(.exceptions.irqhandler)
 *(.exceptions.irqreturn.user)
 *(.exceptions.irqreturn)
 *(.exceptions.notirq.label)
 *(.exceptions.notirq.user)
 *(.exceptions.notirq)
 *(.exceptions.soft.user)
 *(.exceptions.soft)
 *(.exceptions.unknown.user)
 *(.exceptions.unknown)
 *(.exceptions.exit.label)
 *(.exceptions.exit.user)
 *(.exceptions.exit)
 *(.exceptions)
                0x0000000000010020                PROVIDE (__ram_exceptions_end, ABSOLUTE (.))
                0x0000000000010020                PROVIDE (__flash_exceptions_start, LOADADDR (.exceptions))

.text           0x0000000000010020      0xd54
                [!provide]                        PROVIDE (stext, ABSOLUTE (.))
 *(.interp)
 *(.hash)
 *(.dynsym)
 *(.dynstr)
 *(.gnu.version)
 *(.gnu.version_d)
 *(.gnu.version_r)
 *(.rel.init)
 *(.rela.init)
 *(.rel.text .rel.text.* .rel.gnu.linkonce.t.*)
 *(.rela.text .rela.text.* .rela.gnu.linkonce.t.*)
 *(.rel.fini)
 *(.rela.fini)
 *(.rel.rodata .rel.rodata.* .rel.gnu.linkonce.r.*)
 *(.rela.rodata .rela.rodata.* .rela.gnu.linkonce.r.*)
 *(.rel.data .rel.data.* .rel.gnu.linkonce.d.*)
 *(.rela.data .rela.data.* .rela.gnu.linkonce.d.*)
 *(.rel.tdata .rel.tdata.* .rel.gnu.linkonce.td.*)
 *(.rela.tdata .rela.tdata.* .rela.gnu.linkonce.td.*)
 *(.rel.tbss .rel.tbss.* .rel.gnu.linkonce.tb.*)
 *(.rela.tbss .rela.tbss.* .rela.gnu.linkonce.tb.*)
 *(.rel.ctors)
 *(.rela.ctors)
 *(.rel.dtors)
 *(.rela.dtors)
 *(.rel.got)
 *(.rela.got)
 *(.rel.sdata .rel.sdata.* .rel.gnu.linkonce.s.*)
 *(.rela.sdata .rela.sdata.* .rela.gnu.linkonce.s.*)
 *(.rel.sbss .rel.sbss.* .rel.gnu.linkonce.sb.*)
 *(.rela.sbss .rela.sbss.* .rela.gnu.linkonce.sb.*)
 *(.rel.sdata2 .rel.sdata2.* .rel.gnu.linkonce.s2.*)
 *(.rela.sdata2 .rela.sdata2.* .rela.gnu.linkonce.s2.*)
 *(.rel.sbss2 .rel.sbss2.* .rel.gnu.linkonce.sb2.*)
 *(.rela.sbss2 .rela.sbss2.* .rela.gnu.linkonce.sb2.*)
 *(.rel.bss .rel.bss.* .rel.gnu.linkonce.b.*)
 *(.rela.bss .rela.bss.* .rela.gnu.linkonce.b.*)
 *(.rel.plt)
 *(.rela.plt)
 *(.rel.dyn)
 *(.init)
 *(.plt)
 *(.text .stub .text.* .gnu.linkonce.t.*)
 .text          0x0000000000010020       0x3c C:/Users/SofianeAOUCI/Desktop/BE-VHDL/BE/SOPC_dev/NIOS/software/SOPC_BarreFranche_bsp//obj/HAL/src/crt0.o
                0x0000000000010020                _start
 .text          0x000000000001005c       0x98 obj/default/hello_world_small.o
                0x000000000001005c                NMEA_TX_Data
                0x0000000000010090                NMEA_RX_Data
                0x00000000000100d4                delay
 .text.startup  0x00000000000100f4      0x130 obj/default/hello_world_small.o
                0x00000000000100f4                main
 .text          0x0000000000010224        0x0 c:/devtools/intel/intelfpga_lite/18.1/nios2eds/bin/gnu/h-x86_64-mingw32/bin/../lib/gcc/nios2-elf/5.3.0/../../../../../H-x86_64-mingw32/nios2-elf/lib/mno-hw-mul\libsmallc.a(lib_a-printf.o)
 .text._printf_r
                0x0000000000010224       0x3c c:/devtools/intel/intelfpga_lite/18.1/nios2eds/bin/gnu/h-x86_64-mingw32/bin/../lib/gcc/nios2-elf/5.3.0/../../../../../H-x86_64-mingw32/nios2-elf/lib/mno-hw-mul\libsmallc.a(lib_a-printf.o)
                0x0000000000010224                _printf_r
 .text.printf   0x0000000000010260       0x4c c:/devtools/intel/intelfpga_lite/18.1/nios2eds/bin/gnu/h-x86_64-mingw32/bin/../lib/gcc/nios2-elf/5.3.0/../../../../../H-x86_64-mingw32/nios2-elf/lib/mno-hw-mul\libsmallc.a(lib_a-printf.o)
                0x0000000000010260                printf
 .text          0x00000000000102ac        0x0 c:/devtools/intel/intelfpga_lite/18.1/nios2eds/bin/gnu/h-x86_64-mingw32/bin/../lib/gcc/nios2-elf/5.3.0/../../../../../H-x86_64-mingw32/nios2-elf/lib/mno-hw-mul\libsmallc.a(lib_a-vfprintf.o)
 .text.print_repeat
                0x00000000000102ac       0x6c c:/devtools/intel/intelfpga_lite/18.1/nios2eds/bin/gnu/h-x86_64-mingw32/bin/../lib/gcc/nios2-elf/5.3.0/../../../../../H-x86_64-mingw32/nios2-elf/lib/mno-hw-mul\libsmallc.a(lib_a-vfprintf.o)
 .text.___vfprintf_internal_r
                0x0000000000010318      0x52c c:/devtools/intel/intelfpga_lite/18.1/nios2eds/bin/gnu/h-x86_64-mingw32/bin/../lib/gcc/nios2-elf/5.3.0/../../../../../H-x86_64-mingw32/nios2-elf/lib/mno-hw-mul\libsmallc.a(lib_a-vfprintf.o)
                0x0000000000010318                ___vfprintf_internal_r
 .text.__vfprintf_internal
                0x0000000000010844       0x1c c:/devtools/intel/intelfpga_lite/18.1/nios2eds/bin/gnu/h-x86_64-mingw32/bin/../lib/gcc/nios2-elf/5.3.0/../../../../../H-x86_64-mingw32/nios2-elf/lib/mno-hw-mul\libsmallc.a(lib_a-vfprintf.o)
                0x0000000000010844                __vfprintf_internal
 .text          0x0000000000010860        0x0 c:/devtools/intel/intelfpga_lite/18.1/nios2eds/bin/gnu/h-x86_64-mingw32/bin/../lib/gcc/nios2-elf/5.3.0/../../../../../H-x86_64-mingw32/nios2-elf/lib/mno-hw-mul\libsmallc.a(lib_a-fvwrite_small_dev.o)
 .text.__sfvwrite_small_dev
                0x0000000000010860       0xb8 c:/devtools/intel/intelfpga_lite/18.1/nios2eds/bin/gnu/h-x86_64-mingw32/bin/../lib/gcc/nios2-elf/5.3.0/../../../../../H-x86_64-mingw32/nios2-elf/lib/mno-hw-mul\libsmallc.a(lib_a-fvwrite_small_dev.o)
                0x0000000000010860                __sfvwrite_small_dev
 .text          0x0000000000010918        0x0 c:/devtools/intel/intelfpga_lite/18.1/nios2eds/bin/gnu/h-x86_64-mingw32/bin/../lib/gcc/nios2-elf/5.3.0/../../../../../H-x86_64-mingw32/nios2-elf/lib/mno-hw-mul\libsmallc.a(lib_a-impure.o)
 .text          0x0000000000010918        0x0 c:/devtools/intel/intelfpga_lite/18.1/nios2eds/bin/gnu/h-x86_64-mingw32/bin/../lib/gcc/nios2-elf/5.3.0/../../../../../H-x86_64-mingw32/nios2-elf/lib/mno-hw-mul\libsmallc.a(lib_a-strlen.o)
 .text.strlen   0x0000000000010918       0x1c c:/devtools/intel/intelfpga_lite/18.1/nios2eds/bin/gnu/h-x86_64-mingw32/bin/../lib/gcc/nios2-elf/5.3.0/../../../../../H-x86_64-mingw32/nios2-elf/lib/mno-hw-mul\libsmallc.a(lib_a-strlen.o)
                0x0000000000010918                strlen
 .text          0x0000000000010934        0x0 c:/devtools/intel/intelfpga_lite/18.1/nios2eds/bin/gnu/h-x86_64-mingw32/bin/../lib/gcc/nios2-elf/5.3.0/../../../../../H-x86_64-mingw32/nios2-elf/lib/mno-hw-mul\libsmallc.a(lib_a-writer.o)
 .text._write_r
                0x0000000000010934       0x58 c:/devtools/intel/intelfpga_lite/18.1/nios2eds/bin/gnu/h-x86_64-mingw32/bin/../lib/gcc/nios2-elf/5.3.0/../../../../../H-x86_64-mingw32/nios2-elf/lib/mno-hw-mul\libsmallc.a(lib_a-writer.o)
                0x0000000000010934                _write_r
 .text          0x000000000001098c        0x0 c:/devtools/intel/intelfpga_lite/18.1/nios2eds/bin/gnu/h-x86_64-mingw32/bin/../lib/gcc/nios2-elf/5.3.0/../../../../../H-x86_64-mingw32/nios2-elf/lib/mno-hw-mul\libsmallc.a(lib_a-int_errno.o)
 .text          0x000000000001098c      0x1b4 c:/devtools/intel/intelfpga_lite/18.1/nios2eds/bin/gnu/h-x86_64-mingw32/bin/../lib/gcc/nios2-elf/5.3.0/mno-hw-mul\libgcc.a(lib2-divmod.o)
                0x000000000001098c                __divsi3
                0x0000000000010a10                __modsi3
                0x0000000000010a84                __udivsi3
                0x0000000000010ae8                __umodsi3
 .text          0x0000000000010b40       0x28 c:/devtools/intel/intelfpga_lite/18.1/nios2eds/bin/gnu/h-x86_64-mingw32/bin/../lib/gcc/nios2-elf/5.3.0/mno-hw-mul\libgcc.a(lib2-mul.o)
                0x0000000000010b40                __mulsi3
 .text          0x0000000000010b68       0xe0 C:/Users/SofianeAOUCI/Desktop/BE-VHDL/BE/SOPC_dev/NIOS/software/SOPC_BarreFranche_bsp/\libhal_bsp.a(alt_load.o)
                0x0000000000010b68                alt_load
 .text          0x0000000000010c48       0x2c C:/Users/SofianeAOUCI/Desktop/BE-VHDL/BE/SOPC_dev/NIOS/software/SOPC_BarreFranche_bsp/\libhal_bsp.a(alt_main.o)
                0x0000000000010c48                alt_main
 .text          0x0000000000010c74       0x38 C:/Users/SofianeAOUCI/Desktop/BE-VHDL/BE/SOPC_dev/NIOS/software/SOPC_BarreFranche_bsp/\libhal_bsp.a(alt_putstr.o)
                0x0000000000010c74                alt_putstr
 .text          0x0000000000010cac       0x60 C:/Users/SofianeAOUCI/Desktop/BE-VHDL/BE/SOPC_dev/NIOS/software/SOPC_BarreFranche_bsp/\libhal_bsp.a(alt_write.o)
                0x0000000000010cac                write
 .text          0x0000000000010d0c       0x24 C:/Users/SofianeAOUCI/Desktop/BE-VHDL/BE/SOPC_dev/NIOS/software/SOPC_BarreFranche_bsp/\libhal_bsp.a(alt_sys_init.o)
                0x0000000000010d0c                alt_irq_init
                0x0000000000010d2c                alt_sys_init
 .text          0x0000000000010d30       0x34 C:/Users/SofianeAOUCI/Desktop/BE-VHDL/BE/SOPC_dev/NIOS/software/SOPC_BarreFranche_bsp/\libhal_bsp.a(altera_avalon_jtag_uart_write.o)
                0x0000000000010d30                altera_avalon_jtag_uart_write
 .text          0x0000000000010d64        0x4 C:/Users/SofianeAOUCI/Desktop/BE-VHDL/BE/SOPC_dev/NIOS/software/SOPC_BarreFranche_bsp/\libhal_bsp.a(alt_dcache_flush_all.o)
                0x0000000000010d64                alt_dcache_flush_all
 .text          0x0000000000010d68        0x0 C:/Users/SofianeAOUCI/Desktop/BE-VHDL/BE/SOPC_dev/NIOS/software/SOPC_BarreFranche_bsp/\libhal_bsp.a(alt_errno.o)
 .text          0x0000000000010d68        0x4 C:/Users/SofianeAOUCI/Desktop/BE-VHDL/BE/SOPC_dev/NIOS/software/SOPC_BarreFranche_bsp/\libhal_bsp.a(alt_icache_flush_all.o)
                0x0000000000010d68                alt_icache_flush_all
 .text          0x0000000000010d6c        0x8 C:/Users/SofianeAOUCI/Desktop/BE-VHDL/BE/SOPC_dev/NIOS/software/SOPC_BarreFranche_bsp/\libhal_bsp.a(altera_nios2_gen2_irq.o)
                0x0000000000010d6c                altera_nios2_gen2_irq_init
 *(.gnu.warning.*)
 *(.fini)
                [!provide]                        PROVIDE (__etext, ABSOLUTE (.))
                [!provide]                        PROVIDE (_etext, ABSOLUTE (.))
                [!provide]                        PROVIDE (etext, ABSOLUTE (.))
 *(.eh_frame_hdr)
                0x0000000000010d74                . = ALIGN (0x4)
                [!provide]                        PROVIDE (__preinit_array_start, ABSOLUTE (.))
 *(.preinit_array)
                [!provide]                        PROVIDE (__preinit_array_end, ABSOLUTE (.))
                [!provide]                        PROVIDE (__init_array_start, ABSOLUTE (.))
 *(.init_array)
                [!provide]                        PROVIDE (__init_array_end, ABSOLUTE (.))
                [!provide]                        PROVIDE (__fini_array_start, ABSOLUTE (.))
 *(.fini_array)
                [!provide]                        PROVIDE (__fini_array_end, ABSOLUTE (.))
 *(.eh_frame)
 *(.gcc_except_table .gcc_except_table.*)
 *(.dynamic)
                [!provide]                        PROVIDE (__CTOR_LIST__, ABSOLUTE (.))
 *(.ctors)
 *(SORT(.ctors.*))
                [!provide]                        PROVIDE (__CTOR_END__, ABSOLUTE (.))
                [!provide]                        PROVIDE (__DTOR_LIST__, ABSOLUTE (.))
 *(.dtors)
 *(SORT(.dtors.*))
                [!provide]                        PROVIDE (__DTOR_END__, ABSOLUTE (.))
 *(.jcr)
                0x0000000000010d74                . = ALIGN (0x4)

.rodata         0x0000000000010d74       0x30
                0x0000000000010d74                PROVIDE (__ram_rodata_start, ABSOLUTE (.))
                0x0000000000010d74                . = ALIGN (0x4)
 *(.rodata .rodata.* .gnu.linkonce.r.*)
 .rodata.str1.4
                0x0000000000010d74       0x30 obj/default/hello_world_small.o
                                         0x2f (size before relaxing)
 *(.rodata1)
                0x0000000000010da4                . = ALIGN (0x4)
                0x0000000000010da4                PROVIDE (__ram_rodata_end, ABSOLUTE (.))
                0x0000000000010d74                PROVIDE (__flash_rodata_start, LOADADDR (.rodata))

.rwdata         0x0000000000010da4       0xf0 load address 0x0000000000010e94
                0x0000000000010da4                PROVIDE (__ram_rwdata_start, ABSOLUTE (.))
                0x0000000000010da4                . = ALIGN (0x4)
 *(.got.plt)
 *(.got)
 *(.data1)
 *(.data .data.* .gnu.linkonce.d.*)
 .data          0x0000000000010da4        0x0 C:/Users/SofianeAOUCI/Desktop/BE-VHDL/BE/SOPC_dev/NIOS/software/SOPC_BarreFranche_bsp//obj/HAL/src/crt0.o
 .data          0x0000000000010da4        0x0 obj/default/hello_world_small.o
 .data          0x0000000000010da4        0x0 c:/devtools/intel/intelfpga_lite/18.1/nios2eds/bin/gnu/h-x86_64-mingw32/bin/../lib/gcc/nios2-elf/5.3.0/../../../../../H-x86_64-mingw32/nios2-elf/lib/mno-hw-mul\libsmallc.a(lib_a-printf.o)
 .data          0x0000000000010da4        0x0 c:/devtools/intel/intelfpga_lite/18.1/nios2eds/bin/gnu/h-x86_64-mingw32/bin/../lib/gcc/nios2-elf/5.3.0/../../../../../H-x86_64-mingw32/nios2-elf/lib/mno-hw-mul\libsmallc.a(lib_a-vfprintf.o)
 .data          0x0000000000010da4        0x0 c:/devtools/intel/intelfpga_lite/18.1/nios2eds/bin/gnu/h-x86_64-mingw32/bin/../lib/gcc/nios2-elf/5.3.0/../../../../../H-x86_64-mingw32/nios2-elf/lib/mno-hw-mul\libsmallc.a(lib_a-fvwrite_small_dev.o)
 .data          0x0000000000010da4        0x0 c:/devtools/intel/intelfpga_lite/18.1/nios2eds/bin/gnu/h-x86_64-mingw32/bin/../lib/gcc/nios2-elf/5.3.0/../../../../../H-x86_64-mingw32/nios2-elf/lib/mno-hw-mul\libsmallc.a(lib_a-impure.o)
 .data.impure_data
                0x0000000000010da4       0xe0 c:/devtools/intel/intelfpga_lite/18.1/nios2eds/bin/gnu/h-x86_64-mingw32/bin/../lib/gcc/nios2-elf/5.3.0/../../../../../H-x86_64-mingw32/nios2-elf/lib/mno-hw-mul\libsmallc.a(lib_a-impure.o)
 .data          0x0000000000010e84        0x0 c:/devtools/intel/intelfpga_lite/18.1/nios2eds/bin/gnu/h-x86_64-mingw32/bin/../lib/gcc/nios2-elf/5.3.0/../../../../../H-x86_64-mingw32/nios2-elf/lib/mno-hw-mul\libsmallc.a(lib_a-strlen.o)
 .data          0x0000000000010e84        0x0 c:/devtools/intel/intelfpga_lite/18.1/nios2eds/bin/gnu/h-x86_64-mingw32/bin/../lib/gcc/nios2-elf/5.3.0/../../../../../H-x86_64-mingw32/nios2-elf/lib/mno-hw-mul\libsmallc.a(lib_a-writer.o)
 .data          0x0000000000010e84        0x0 c:/devtools/intel/intelfpga_lite/18.1/nios2eds/bin/gnu/h-x86_64-mingw32/bin/../lib/gcc/nios2-elf/5.3.0/../../../../../H-x86_64-mingw32/nios2-elf/lib/mno-hw-mul\libsmallc.a(lib_a-int_errno.o)
 .data          0x0000000000010e84        0x0 c:/devtools/intel/intelfpga_lite/18.1/nios2eds/bin/gnu/h-x86_64-mingw32/bin/../lib/gcc/nios2-elf/5.3.0/mno-hw-mul\libgcc.a(lib2-divmod.o)
 .data          0x0000000000010e84        0x0 c:/devtools/intel/intelfpga_lite/18.1/nios2eds/bin/gnu/h-x86_64-mingw32/bin/../lib/gcc/nios2-elf/5.3.0/mno-hw-mul\libgcc.a(lib2-mul.o)
 .data          0x0000000000010e84        0x0 C:/Users/SofianeAOUCI/Desktop/BE-VHDL/BE/SOPC_dev/NIOS/software/SOPC_BarreFranche_bsp/\libhal_bsp.a(alt_load.o)
 .data          0x0000000000010e84        0x0 C:/Users/SofianeAOUCI/Desktop/BE-VHDL/BE/SOPC_dev/NIOS/software/SOPC_BarreFranche_bsp/\libhal_bsp.a(alt_main.o)
 .data          0x0000000000010e84        0x0 C:/Users/SofianeAOUCI/Desktop/BE-VHDL/BE/SOPC_dev/NIOS/software/SOPC_BarreFranche_bsp/\libhal_bsp.a(alt_putstr.o)
 .data          0x0000000000010e84        0x0 C:/Users/SofianeAOUCI/Desktop/BE-VHDL/BE/SOPC_dev/NIOS/software/SOPC_BarreFranche_bsp/\libhal_bsp.a(alt_write.o)
 .data          0x0000000000010e84        0x0 C:/Users/SofianeAOUCI/Desktop/BE-VHDL/BE/SOPC_dev/NIOS/software/SOPC_BarreFranche_bsp/\libhal_bsp.a(alt_sys_init.o)
 .data          0x0000000000010e84        0x0 C:/Users/SofianeAOUCI/Desktop/BE-VHDL/BE/SOPC_dev/NIOS/software/SOPC_BarreFranche_bsp/\libhal_bsp.a(altera_avalon_jtag_uart_write.o)
 .data          0x0000000000010e84        0x0 C:/Users/SofianeAOUCI/Desktop/BE-VHDL/BE/SOPC_dev/NIOS/software/SOPC_BarreFranche_bsp/\libhal_bsp.a(alt_dcache_flush_all.o)
 .data          0x0000000000010e84        0x0 C:/Users/SofianeAOUCI/Desktop/BE-VHDL/BE/SOPC_dev/NIOS/software/SOPC_BarreFranche_bsp/\libhal_bsp.a(alt_errno.o)
 .data          0x0000000000010e84        0x0 C:/Users/SofianeAOUCI/Desktop/BE-VHDL/BE/SOPC_dev/NIOS/software/SOPC_BarreFranche_bsp/\libhal_bsp.a(alt_icache_flush_all.o)
 .data          0x0000000000010e84        0x0 C:/Users/SofianeAOUCI/Desktop/BE-VHDL/BE/SOPC_dev/NIOS/software/SOPC_BarreFranche_bsp/\libhal_bsp.a(altera_nios2_gen2_irq.o)
                0x0000000000018e84                _gp = ABSOLUTE ((. + 0x8000))
                [!provide]                        PROVIDE (gp, _gp)
 *(.rwdata .rwdata.*)
 *(.sdata .sdata.* .gnu.linkonce.s.*)
 .sdata._global_impure_ptr
                0x0000000000010e84        0x4 c:/devtools/intel/intelfpga_lite/18.1/nios2eds/bin/gnu/h-x86_64-mingw32/bin/../lib/gcc/nios2-elf/5.3.0/../../../../../H-x86_64-mingw32/nios2-elf/lib/mno-hw-mul\libsmallc.a(lib_a-impure.o)
                0x0000000000010e84                _global_impure_ptr
 .sdata._impure_ptr
                0x0000000000010e88        0x4 c:/devtools/intel/intelfpga_lite/18.1/nios2eds/bin/gnu/h-x86_64-mingw32/bin/../lib/gcc/nios2-elf/5.3.0/../../../../../H-x86_64-mingw32/nios2-elf/lib/mno-hw-mul\libsmallc.a(lib_a-impure.o)
                0x0000000000010e88                _impure_ptr
 .sdata         0x0000000000010e8c        0x4 C:/Users/SofianeAOUCI/Desktop/BE-VHDL/BE/SOPC_dev/NIOS/software/SOPC_BarreFranche_bsp/\libhal_bsp.a(alt_sys_init.o)
                0x0000000000010e8c                jtag
 .sdata         0x0000000000010e90        0x4 C:/Users/SofianeAOUCI/Desktop/BE-VHDL/BE/SOPC_dev/NIOS/software/SOPC_BarreFranche_bsp/\libhal_bsp.a(alt_errno.o)
                0x0000000000010e90                alt_errno
 *(.sdata2 .sdata2.* .gnu.linkonce.s2.*)
                0x0000000000010e94                . = ALIGN (0x4)
                0x0000000000010e94                _edata = ABSOLUTE (.)
                [!provide]                        PROVIDE (edata, ABSOLUTE (.))
                0x0000000000010e94                PROVIDE (__ram_rwdata_end, ABSOLUTE (.))
                0x0000000000010e94                PROVIDE (__flash_rwdata_start, LOADADDR (.rwdata))

.bss            0x0000000000010f84       0x10
                0x0000000000010f84                __bss_start = ABSOLUTE (.)
                [!provide]                        PROVIDE (__sbss_start, ABSOLUTE (.))
                [!provide]                        PROVIDE (___sbss_start, ABSOLUTE (.))
 *(.dynsbss)
 *(.sbss .sbss.* .gnu.linkonce.sb.*)
 .sbss          0x0000000000010f84        0x4 c:/devtools/intel/intelfpga_lite/18.1/nios2eds/bin/gnu/h-x86_64-mingw32/bin/../lib/gcc/nios2-elf/5.3.0/../../../../../H-x86_64-mingw32/nios2-elf/lib/mno-hw-mul\libsmallc.a(lib_a-int_errno.o)
                0x0000000000010f84                errno
 .sbss          0x0000000000010f88        0xc C:/Users/SofianeAOUCI/Desktop/BE-VHDL/BE/SOPC_dev/NIOS/software/SOPC_BarreFranche_bsp/\libhal_bsp.a(alt_main.o)
                0x0000000000010f88                alt_envp
                0x0000000000010f8c                alt_argv
                0x0000000000010f90                alt_argc
 *(.sbss2 .sbss2.* .gnu.linkonce.sb2.*)
 *(.scommon)
                [!provide]                        PROVIDE (__sbss_end, ABSOLUTE (.))
                [!provide]                        PROVIDE (___sbss_end, ABSOLUTE (.))
 *(.dynbss)
 *(.bss .bss.* .gnu.linkonce.b.*)
 .bss           0x0000000000010f94        0x0 C:/Users/SofianeAOUCI/Desktop/BE-VHDL/BE/SOPC_dev/NIOS/software/SOPC_BarreFranche_bsp//obj/HAL/src/crt0.o
 .bss           0x0000000000010f94        0x0 obj/default/hello_world_small.o
 .bss           0x0000000000010f94        0x0 c:/devtools/intel/intelfpga_lite/18.1/nios2eds/bin/gnu/h-x86_64-mingw32/bin/../lib/gcc/nios2-elf/5.3.0/../../../../../H-x86_64-mingw32/nios2-elf/lib/mno-hw-mul\libsmallc.a(lib_a-printf.o)
 .bss           0x0000000000010f94        0x0 c:/devtools/intel/intelfpga_lite/18.1/nios2eds/bin/gnu/h-x86_64-mingw32/bin/../lib/gcc/nios2-elf/5.3.0/../../../../../H-x86_64-mingw32/nios2-elf/lib/mno-hw-mul\libsmallc.a(lib_a-vfprintf.o)
 .bss           0x0000000000010f94        0x0 c:/devtools/intel/intelfpga_lite/18.1/nios2eds/bin/gnu/h-x86_64-mingw32/bin/../lib/gcc/nios2-elf/5.3.0/../../../../../H-x86_64-mingw32/nios2-elf/lib/mno-hw-mul\libsmallc.a(lib_a-fvwrite_small_dev.o)
 .bss           0x0000000000010f94        0x0 c:/devtools/intel/intelfpga_lite/18.1/nios2eds/bin/gnu/h-x86_64-mingw32/bin/../lib/gcc/nios2-elf/5.3.0/../../../../../H-x86_64-mingw32/nios2-elf/lib/mno-hw-mul\libsmallc.a(lib_a-impure.o)
 .bss           0x0000000000010f94        0x0 c:/devtools/intel/intelfpga_lite/18.1/nios2eds/bin/gnu/h-x86_64-mingw32/bin/../lib/gcc/nios2-elf/5.3.0/../../../../../H-x86_64-mingw32/nios2-elf/lib/mno-hw-mul\libsmallc.a(lib_a-strlen.o)
 .bss           0x0000000000010f94        0x0 c:/devtools/intel/intelfpga_lite/18.1/nios2eds/bin/gnu/h-x86_64-mingw32/bin/../lib/gcc/nios2-elf/5.3.0/../../../../../H-x86_64-mingw32/nios2-elf/lib/mno-hw-mul\libsmallc.a(lib_a-writer.o)
 .bss           0x0000000000010f94        0x0 c:/devtools/intel/intelfpga_lite/18.1/nios2eds/bin/gnu/h-x86_64-mingw32/bin/../lib/gcc/nios2-elf/5.3.0/../../../../../H-x86_64-mingw32/nios2-elf/lib/mno-hw-mul\libsmallc.a(lib_a-int_errno.o)
 .bss           0x0000000000010f94        0x0 c:/devtools/intel/intelfpga_lite/18.1/nios2eds/bin/gnu/h-x86_64-mingw32/bin/../lib/gcc/nios2-elf/5.3.0/mno-hw-mul\libgcc.a(lib2-divmod.o)
 .bss           0x0000000000010f94        0x0 c:/devtools/intel/intelfpga_lite/18.1/nios2eds/bin/gnu/h-x86_64-mingw32/bin/../lib/gcc/nios2-elf/5.3.0/mno-hw-mul\libgcc.a(lib2-mul.o)
 .bss           0x0000000000010f94        0x0 C:/Users/SofianeAOUCI/Desktop/BE-VHDL/BE/SOPC_dev/NIOS/software/SOPC_BarreFranche_bsp/\libhal_bsp.a(alt_load.o)
 .bss           0x0000000000010f94        0x0 C:/Users/SofianeAOUCI/Desktop/BE-VHDL/BE/SOPC_dev/NIOS/software/SOPC_BarreFranche_bsp/\libhal_bsp.a(alt_main.o)
 .bss           0x0000000000010f94        0x0 C:/Users/SofianeAOUCI/Desktop/BE-VHDL/BE/SOPC_dev/NIOS/software/SOPC_BarreFranche_bsp/\libhal_bsp.a(alt_putstr.o)
 .bss           0x0000000000010f94        0x0 C:/Users/SofianeAOUCI/Desktop/BE-VHDL/BE/SOPC_dev/NIOS/software/SOPC_BarreFranche_bsp/\libhal_bsp.a(alt_write.o)
 .bss           0x0000000000010f94        0x0 C:/Users/SofianeAOUCI/Desktop/BE-VHDL/BE/SOPC_dev/NIOS/software/SOPC_BarreFranche_bsp/\libhal_bsp.a(alt_sys_init.o)
 .bss           0x0000000000010f94        0x0 C:/Users/SofianeAOUCI/Desktop/BE-VHDL/BE/SOPC_dev/NIOS/software/SOPC_BarreFranche_bsp/\libhal_bsp.a(altera_avalon_jtag_uart_write.o)
 .bss           0x0000000000010f94        0x0 C:/Users/SofianeAOUCI/Desktop/BE-VHDL/BE/SOPC_dev/NIOS/software/SOPC_BarreFranche_bsp/\libhal_bsp.a(alt_dcache_flush_all.o)
 .bss           0x0000000000010f94        0x0 C:/Users/SofianeAOUCI/Desktop/BE-VHDL/BE/SOPC_dev/NIOS/software/SOPC_BarreFranche_bsp/\libhal_bsp.a(alt_errno.o)
 .bss           0x0000000000010f94        0x0 C:/Users/SofianeAOUCI/Desktop/BE-VHDL/BE/SOPC_dev/NIOS/software/SOPC_BarreFranche_bsp/\libhal_bsp.a(alt_icache_flush_all.o)
 .bss           0x0000000000010f94        0x0 C:/Users/SofianeAOUCI/Desktop/BE-VHDL/BE/SOPC_dev/NIOS/software/SOPC_BarreFranche_bsp/\libhal_bsp.a(altera_nios2_gen2_irq.o)
 *(COMMON)
                0x0000000000010f94                . = ALIGN (0x4)
                0x0000000000010f94                __bss_end = ABSOLUTE (.)

.SRAM           0x0000000000010f94        0x0
                [!provide]                        PROVIDE (_alt_partition_SRAM_start, ABSOLUTE (.))
 *(.SRAM .SRAM. SRAM.*)
                0x0000000000010f94                . = ALIGN (0x4)
                [!provide]                        PROVIDE (_alt_partition_SRAM_end, ABSOLUTE (.))
                0x0000000000010f94                _end = ABSOLUTE (.)
                0x0000000000010f94                end = ABSOLUTE (.)
                0x0000000000010f94                __alt_stack_base = ABSOLUTE (.)
                [!provide]                        PROVIDE (_alt_partition_SRAM_load_addr, LOADADDR (.SRAM))

.stab
 *(.stab)

.stabstr
 *(.stabstr)

.stab.excl
 *(.stab.excl)

.stab.exclstr
 *(.stab.exclstr)

.stab.index
 *(.stab.index)

.stab.indexstr
 *(.stab.indexstr)

.comment        0x0000000000000000       0x23
 *(.comment)
 .comment       0x0000000000000000       0x23 obj/default/hello_world_small.o
                                         0x24 (size before relaxing)
 .comment       0x0000000000000023       0x24 c:/devtools/intel/intelfpga_lite/18.1/nios2eds/bin/gnu/h-x86_64-mingw32/bin/../lib/gcc/nios2-elf/5.3.0/../../../../../H-x86_64-mingw32/nios2-elf/lib/mno-hw-mul\libsmallc.a(lib_a-printf.o)
 .comment       0x0000000000000023       0x24 c:/devtools/intel/intelfpga_lite/18.1/nios2eds/bin/gnu/h-x86_64-mingw32/bin/../lib/gcc/nios2-elf/5.3.0/../../../../../H-x86_64-mingw32/nios2-elf/lib/mno-hw-mul\libsmallc.a(lib_a-vfprintf.o)
 .comment       0x0000000000000023       0x24 c:/devtools/intel/intelfpga_lite/18.1/nios2eds/bin/gnu/h-x86_64-mingw32/bin/../lib/gcc/nios2-elf/5.3.0/../../../../../H-x86_64-mingw32/nios2-elf/lib/mno-hw-mul\libsmallc.a(lib_a-fvwrite_small_dev.o)
 .comment       0x0000000000000023       0x24 c:/devtools/intel/intelfpga_lite/18.1/nios2eds/bin/gnu/h-x86_64-mingw32/bin/../lib/gcc/nios2-elf/5.3.0/../../../../../H-x86_64-mingw32/nios2-elf/lib/mno-hw-mul\libsmallc.a(lib_a-impure.o)
 .comment       0x0000000000000023       0x24 c:/devtools/intel/intelfpga_lite/18.1/nios2eds/bin/gnu/h-x86_64-mingw32/bin/../lib/gcc/nios2-elf/5.3.0/../../../../../H-x86_64-mingw32/nios2-elf/lib/mno-hw-mul\libsmallc.a(lib_a-strlen.o)
 .comment       0x0000000000000023       0x24 c:/devtools/intel/intelfpga_lite/18.1/nios2eds/bin/gnu/h-x86_64-mingw32/bin/../lib/gcc/nios2-elf/5.3.0/../../../../../H-x86_64-mingw32/nios2-elf/lib/mno-hw-mul\libsmallc.a(lib_a-writer.o)
 .comment       0x0000000000000023       0x24 c:/devtools/intel/intelfpga_lite/18.1/nios2eds/bin/gnu/h-x86_64-mingw32/bin/../lib/gcc/nios2-elf/5.3.0/../../../../../H-x86_64-mingw32/nios2-elf/lib/mno-hw-mul\libsmallc.a(lib_a-int_errno.o)
 .comment       0x0000000000000023       0x24 c:/devtools/intel/intelfpga_lite/18.1/nios2eds/bin/gnu/h-x86_64-mingw32/bin/../lib/gcc/nios2-elf/5.3.0/mno-hw-mul\libgcc.a(lib2-divmod.o)
 .comment       0x0000000000000023       0x24 c:/devtools/intel/intelfpga_lite/18.1/nios2eds/bin/gnu/h-x86_64-mingw32/bin/../lib/gcc/nios2-elf/5.3.0/mno-hw-mul\libgcc.a(lib2-mul.o)
 .comment       0x0000000000000023       0x24 C:/Users/SofianeAOUCI/Desktop/BE-VHDL/BE/SOPC_dev/NIOS/software/SOPC_BarreFranche_bsp/\libhal_bsp.a(alt_load.o)
 .comment       0x0000000000000023       0x24 C:/Users/SofianeAOUCI/Desktop/BE-VHDL/BE/SOPC_dev/NIOS/software/SOPC_BarreFranche_bsp/\libhal_bsp.a(alt_main.o)
 .comment       0x0000000000000023       0x24 C:/Users/SofianeAOUCI/Desktop/BE-VHDL/BE/SOPC_dev/NIOS/software/SOPC_BarreFranche_bsp/\libhal_bsp.a(alt_putstr.o)
 .comment       0x0000000000000023       0x24 C:/Users/SofianeAOUCI/Desktop/BE-VHDL/BE/SOPC_dev/NIOS/software/SOPC_BarreFranche_bsp/\libhal_bsp.a(alt_write.o)
 .comment       0x0000000000000023       0x24 C:/Users/SofianeAOUCI/Desktop/BE-VHDL/BE/SOPC_dev/NIOS/software/SOPC_BarreFranche_bsp/\libhal_bsp.a(alt_sys_init.o)
 .comment       0x0000000000000023       0x24 C:/Users/SofianeAOUCI/Desktop/BE-VHDL/BE/SOPC_dev/NIOS/software/SOPC_BarreFranche_bsp/\libhal_bsp.a(altera_avalon_jtag_uart_write.o)
 .comment       0x0000000000000023       0x24 C:/Users/SofianeAOUCI/Desktop/BE-VHDL/BE/SOPC_dev/NIOS/software/SOPC_BarreFranche_bsp/\libhal_bsp.a(alt_dcache_flush_all.o)
 .comment       0x0000000000000023       0x24 C:/Users/SofianeAOUCI/Desktop/BE-VHDL/BE/SOPC_dev/NIOS/software/SOPC_BarreFranche_bsp/\libhal_bsp.a(alt_errno.o)
 .comment       0x0000000000000023       0x24 C:/Users/SofianeAOUCI/Desktop/BE-VHDL/BE/SOPC_dev/NIOS/software/SOPC_BarreFranche_bsp/\libhal_bsp.a(alt_icache_flush_all.o)
 .comment       0x0000000000000023       0x24 C:/Users/SofianeAOUCI/Desktop/BE-VHDL/BE/SOPC_dev/NIOS/software/SOPC_BarreFranche_bsp/\libhal_bsp.a(altera_nios2_gen2_irq.o)

.debug
 *(.debug)

.line
 *(.line)

.debug_srcinfo
 *(.debug_srcinfo)

.debug_sfnames
 *(.debug_sfnames)

.debug_aranges  0x0000000000000000      0x2b0
 *(.debug_aranges)
 .debug_aranges
                0x0000000000000000       0x28 C:/Users/SofianeAOUCI/Desktop/BE-VHDL/BE/SOPC_dev/NIOS/software/SOPC_BarreFranche_bsp//obj/HAL/src/crt0.o
 .debug_aranges
                0x0000000000000028       0x28 obj/default/hello_world_small.o
 .debug_aranges
                0x0000000000000050       0x28 c:/devtools/intel/intelfpga_lite/18.1/nios2eds/bin/gnu/h-x86_64-mingw32/bin/../lib/gcc/nios2-elf/5.3.0/../../../../../H-x86_64-mingw32/nios2-elf/lib/mno-hw-mul\libsmallc.a(lib_a-printf.o)
 .debug_aranges
                0x0000000000000078       0x30 c:/devtools/intel/intelfpga_lite/18.1/nios2eds/bin/gnu/h-x86_64-mingw32/bin/../lib/gcc/nios2-elf/5.3.0/../../../../../H-x86_64-mingw32/nios2-elf/lib/mno-hw-mul\libsmallc.a(lib_a-vfprintf.o)
 .debug_aranges
                0x00000000000000a8       0x20 c:/devtools/intel/intelfpga_lite/18.1/nios2eds/bin/gnu/h-x86_64-mingw32/bin/../lib/gcc/nios2-elf/5.3.0/../../../../../H-x86_64-mingw32/nios2-elf/lib/mno-hw-mul\libsmallc.a(lib_a-fvwrite_small_dev.o)
 .debug_aranges
                0x00000000000000c8       0x18 c:/devtools/intel/intelfpga_lite/18.1/nios2eds/bin/gnu/h-x86_64-mingw32/bin/../lib/gcc/nios2-elf/5.3.0/../../../../../H-x86_64-mingw32/nios2-elf/lib/mno-hw-mul\libsmallc.a(lib_a-impure.o)
 .debug_aranges
                0x00000000000000e0       0x20 c:/devtools/intel/intelfpga_lite/18.1/nios2eds/bin/gnu/h-x86_64-mingw32/bin/../lib/gcc/nios2-elf/5.3.0/../../../../../H-x86_64-mingw32/nios2-elf/lib/mno-hw-mul\libsmallc.a(lib_a-strlen.o)
 .debug_aranges
                0x0000000000000100       0x20 c:/devtools/intel/intelfpga_lite/18.1/nios2eds/bin/gnu/h-x86_64-mingw32/bin/../lib/gcc/nios2-elf/5.3.0/../../../../../H-x86_64-mingw32/nios2-elf/lib/mno-hw-mul\libsmallc.a(lib_a-writer.o)
 .debug_aranges
                0x0000000000000120       0x18 c:/devtools/intel/intelfpga_lite/18.1/nios2eds/bin/gnu/h-x86_64-mingw32/bin/../lib/gcc/nios2-elf/5.3.0/../../../../../H-x86_64-mingw32/nios2-elf/lib/mno-hw-mul\libsmallc.a(lib_a-int_errno.o)
 .debug_aranges
                0x0000000000000138       0x20 c:/devtools/intel/intelfpga_lite/18.1/nios2eds/bin/gnu/h-x86_64-mingw32/bin/../lib/gcc/nios2-elf/5.3.0/mno-hw-mul\libgcc.a(lib2-divmod.o)
 .debug_aranges
                0x0000000000000158       0x20 c:/devtools/intel/intelfpga_lite/18.1/nios2eds/bin/gnu/h-x86_64-mingw32/bin/../lib/gcc/nios2-elf/5.3.0/mno-hw-mul\libgcc.a(lib2-mul.o)
 .debug_aranges
                0x0000000000000178       0x20 C:/Users/SofianeAOUCI/Desktop/BE-VHDL/BE/SOPC_dev/NIOS/software/SOPC_BarreFranche_bsp/\libhal_bsp.a(alt_load.o)
 .debug_aranges
                0x0000000000000198       0x20 C:/Users/SofianeAOUCI/Desktop/BE-VHDL/BE/SOPC_dev/NIOS/software/SOPC_BarreFranche_bsp/\libhal_bsp.a(alt_main.o)
 .debug_aranges
                0x00000000000001b8       0x20 C:/Users/SofianeAOUCI/Desktop/BE-VHDL/BE/SOPC_dev/NIOS/software/SOPC_BarreFranche_bsp/\libhal_bsp.a(alt_putstr.o)
 .debug_aranges
                0x00000000000001d8       0x20 C:/Users/SofianeAOUCI/Desktop/BE-VHDL/BE/SOPC_dev/NIOS/software/SOPC_BarreFranche_bsp/\libhal_bsp.a(alt_write.o)
 .debug_aranges
                0x00000000000001f8       0x20 C:/Users/SofianeAOUCI/Desktop/BE-VHDL/BE/SOPC_dev/NIOS/software/SOPC_BarreFranche_bsp/\libhal_bsp.a(alt_sys_init.o)
 .debug_aranges
                0x0000000000000218       0x20 C:/Users/SofianeAOUCI/Desktop/BE-VHDL/BE/SOPC_dev/NIOS/software/SOPC_BarreFranche_bsp/\libhal_bsp.a(altera_avalon_jtag_uart_write.o)
 .debug_aranges
                0x0000000000000238       0x20 C:/Users/SofianeAOUCI/Desktop/BE-VHDL/BE/SOPC_dev/NIOS/software/SOPC_BarreFranche_bsp/\libhal_bsp.a(alt_dcache_flush_all.o)
 .debug_aranges
                0x0000000000000258       0x18 C:/Users/SofianeAOUCI/Desktop/BE-VHDL/BE/SOPC_dev/NIOS/software/SOPC_BarreFranche_bsp/\libhal_bsp.a(alt_errno.o)
 .debug_aranges
                0x0000000000000270       0x20 C:/Users/SofianeAOUCI/Desktop/BE-VHDL/BE/SOPC_dev/NIOS/software/SOPC_BarreFranche_bsp/\libhal_bsp.a(alt_icache_flush_all.o)
 .debug_aranges
                0x0000000000000290       0x20 C:/Users/SofianeAOUCI/Desktop/BE-VHDL/BE/SOPC_dev/NIOS/software/SOPC_BarreFranche_bsp/\libhal_bsp.a(altera_nios2_gen2_irq.o)

.debug_pubnames
 *(.debug_pubnames)

.debug_info     0x0000000000000000     0x370c
 *(.debug_info .gnu.linkonce.wi.*)
 .debug_info    0x0000000000000000       0x8a C:/Users/SofianeAOUCI/Desktop/BE-VHDL/BE/SOPC_dev/NIOS/software/SOPC_BarreFranche_bsp//obj/HAL/src/crt0.o
 .debug_info    0x000000000000008a      0x242 obj/default/hello_world_small.o
 .debug_info    0x00000000000002cc      0x699 c:/devtools/intel/intelfpga_lite/18.1/nios2eds/bin/gnu/h-x86_64-mingw32/bin/../lib/gcc/nios2-elf/5.3.0/../../../../../H-x86_64-mingw32/nios2-elf/lib/mno-hw-mul\libsmallc.a(lib_a-printf.o)
 .debug_info    0x0000000000000965      0xb2b c:/devtools/intel/intelfpga_lite/18.1/nios2eds/bin/gnu/h-x86_64-mingw32/bin/../lib/gcc/nios2-elf/5.3.0/../../../../../H-x86_64-mingw32/nios2-elf/lib/mno-hw-mul\libsmallc.a(lib_a-vfprintf.o)
 .debug_info    0x0000000000001490      0x62b c:/devtools/intel/intelfpga_lite/18.1/nios2eds/bin/gnu/h-x86_64-mingw32/bin/../lib/gcc/nios2-elf/5.3.0/../../../../../H-x86_64-mingw32/nios2-elf/lib/mno-hw-mul\libsmallc.a(lib_a-fvwrite_small_dev.o)
 .debug_info    0x0000000000001abb      0x5a9 c:/devtools/intel/intelfpga_lite/18.1/nios2eds/bin/gnu/h-x86_64-mingw32/bin/../lib/gcc/nios2-elf/5.3.0/../../../../../H-x86_64-mingw32/nios2-elf/lib/mno-hw-mul\libsmallc.a(lib_a-impure.o)
 .debug_info    0x0000000000002064       0xc9 c:/devtools/intel/intelfpga_lite/18.1/nios2eds/bin/gnu/h-x86_64-mingw32/bin/../lib/gcc/nios2-elf/5.3.0/../../../../../H-x86_64-mingw32/nios2-elf/lib/mno-hw-mul\libsmallc.a(lib_a-strlen.o)
 .debug_info    0x000000000000212d      0x630 c:/devtools/intel/intelfpga_lite/18.1/nios2eds/bin/gnu/h-x86_64-mingw32/bin/../lib/gcc/nios2-elf/5.3.0/../../../../../H-x86_64-mingw32/nios2-elf/lib/mno-hw-mul\libsmallc.a(lib_a-writer.o)
 .debug_info    0x000000000000275d       0x8a c:/devtools/intel/intelfpga_lite/18.1/nios2eds/bin/gnu/h-x86_64-mingw32/bin/../lib/gcc/nios2-elf/5.3.0/../../../../../H-x86_64-mingw32/nios2-elf/lib/mno-hw-mul\libsmallc.a(lib_a-int_errno.o)
 .debug_info    0x00000000000027e7      0x2c6 c:/devtools/intel/intelfpga_lite/18.1/nios2eds/bin/gnu/h-x86_64-mingw32/bin/../lib/gcc/nios2-elf/5.3.0/mno-hw-mul\libgcc.a(lib2-divmod.o)
 .debug_info    0x0000000000002aad       0xb4 c:/devtools/intel/intelfpga_lite/18.1/nios2eds/bin/gnu/h-x86_64-mingw32/bin/../lib/gcc/nios2-elf/5.3.0/mno-hw-mul\libgcc.a(lib2-mul.o)
 .debug_info    0x0000000000002b61      0x1c9 C:/Users/SofianeAOUCI/Desktop/BE-VHDL/BE/SOPC_dev/NIOS/software/SOPC_BarreFranche_bsp/\libhal_bsp.a(alt_load.o)
 .debug_info    0x0000000000002d2a      0x169 C:/Users/SofianeAOUCI/Desktop/BE-VHDL/BE/SOPC_dev/NIOS/software/SOPC_BarreFranche_bsp/\libhal_bsp.a(alt_main.o)
 .debug_info    0x0000000000002e93      0x13a C:/Users/SofianeAOUCI/Desktop/BE-VHDL/BE/SOPC_dev/NIOS/software/SOPC_BarreFranche_bsp/\libhal_bsp.a(alt_putstr.o)
 .debug_info    0x0000000000002fcd      0x1c7 C:/Users/SofianeAOUCI/Desktop/BE-VHDL/BE/SOPC_dev/NIOS/software/SOPC_BarreFranche_bsp/\libhal_bsp.a(alt_write.o)
 .debug_info    0x0000000000003194      0x185 C:/Users/SofianeAOUCI/Desktop/BE-VHDL/BE/SOPC_dev/NIOS/software/SOPC_BarreFranche_bsp/\libhal_bsp.a(alt_sys_init.o)
 .debug_info    0x0000000000003319      0x197 C:/Users/SofianeAOUCI/Desktop/BE-VHDL/BE/SOPC_dev/NIOS/software/SOPC_BarreFranche_bsp/\libhal_bsp.a(altera_avalon_jtag_uart_write.o)
 .debug_info    0x00000000000034b0       0x92 C:/Users/SofianeAOUCI/Desktop/BE-VHDL/BE/SOPC_dev/NIOS/software/SOPC_BarreFranche_bsp/\libhal_bsp.a(alt_dcache_flush_all.o)
 .debug_info    0x0000000000003542       0xa6 C:/Users/SofianeAOUCI/Desktop/BE-VHDL/BE/SOPC_dev/NIOS/software/SOPC_BarreFranche_bsp/\libhal_bsp.a(alt_errno.o)
 .debug_info    0x00000000000035e8       0x92 C:/Users/SofianeAOUCI/Desktop/BE-VHDL/BE/SOPC_dev/NIOS/software/SOPC_BarreFranche_bsp/\libhal_bsp.a(alt_icache_flush_all.o)
 .debug_info    0x000000000000367a       0x92 C:/Users/SofianeAOUCI/Desktop/BE-VHDL/BE/SOPC_dev/NIOS/software/SOPC_BarreFranche_bsp/\libhal_bsp.a(altera_nios2_gen2_irq.o)

.debug_abbrev   0x0000000000000000     0x13ca
 *(.debug_abbrev)
 .debug_abbrev  0x0000000000000000       0x12 C:/Users/SofianeAOUCI/Desktop/BE-VHDL/BE/SOPC_dev/NIOS/software/SOPC_BarreFranche_bsp//obj/HAL/src/crt0.o
 .debug_abbrev  0x0000000000000012      0x187 obj/default/hello_world_small.o
 .debug_abbrev  0x0000000000000199      0x1ee c:/devtools/intel/intelfpga_lite/18.1/nios2eds/bin/gnu/h-x86_64-mingw32/bin/../lib/gcc/nios2-elf/5.3.0/../../../../../H-x86_64-mingw32/nios2-elf/lib/mno-hw-mul\libsmallc.a(lib_a-printf.o)
 .debug_abbrev  0x0000000000000387      0x2a1 c:/devtools/intel/intelfpga_lite/18.1/nios2eds/bin/gnu/h-x86_64-mingw32/bin/../lib/gcc/nios2-elf/5.3.0/../../../../../H-x86_64-mingw32/nios2-elf/lib/mno-hw-mul\libsmallc.a(lib_a-vfprintf.o)
 .debug_abbrev  0x0000000000000628      0x1bc c:/devtools/intel/intelfpga_lite/18.1/nios2eds/bin/gnu/h-x86_64-mingw32/bin/../lib/gcc/nios2-elf/5.3.0/../../../../../H-x86_64-mingw32/nios2-elf/lib/mno-hw-mul\libsmallc.a(lib_a-fvwrite_small_dev.o)
 .debug_abbrev  0x00000000000007e4      0x14a c:/devtools/intel/intelfpga_lite/18.1/nios2eds/bin/gnu/h-x86_64-mingw32/bin/../lib/gcc/nios2-elf/5.3.0/../../../../../H-x86_64-mingw32/nios2-elf/lib/mno-hw-mul\libsmallc.a(lib_a-impure.o)
 .debug_abbrev  0x000000000000092e       0x7f c:/devtools/intel/intelfpga_lite/18.1/nios2eds/bin/gnu/h-x86_64-mingw32/bin/../lib/gcc/nios2-elf/5.3.0/../../../../../H-x86_64-mingw32/nios2-elf/lib/mno-hw-mul\libsmallc.a(lib_a-strlen.o)
 .debug_abbrev  0x00000000000009ad      0x1a6 c:/devtools/intel/intelfpga_lite/18.1/nios2eds/bin/gnu/h-x86_64-mingw32/bin/../lib/gcc/nios2-elf/5.3.0/../../../../../H-x86_64-mingw32/nios2-elf/lib/mno-hw-mul\libsmallc.a(lib_a-writer.o)
 .debug_abbrev  0x0000000000000b53       0x37 c:/devtools/intel/intelfpga_lite/18.1/nios2eds/bin/gnu/h-x86_64-mingw32/bin/../lib/gcc/nios2-elf/5.3.0/../../../../../H-x86_64-mingw32/nios2-elf/lib/mno-hw-mul\libsmallc.a(lib_a-int_errno.o)
 .debug_abbrev  0x0000000000000b8a      0x10e c:/devtools/intel/intelfpga_lite/18.1/nios2eds/bin/gnu/h-x86_64-mingw32/bin/../lib/gcc/nios2-elf/5.3.0/mno-hw-mul\libgcc.a(lib2-divmod.o)
 .debug_abbrev  0x0000000000000c98       0x6f c:/devtools/intel/intelfpga_lite/18.1/nios2eds/bin/gnu/h-x86_64-mingw32/bin/../lib/gcc/nios2-elf/5.3.0/mno-hw-mul\libgcc.a(lib2-mul.o)
 .debug_abbrev  0x0000000000000d07       0xd8 C:/Users/SofianeAOUCI/Desktop/BE-VHDL/BE/SOPC_dev/NIOS/software/SOPC_BarreFranche_bsp/\libhal_bsp.a(alt_load.o)
 .debug_abbrev  0x0000000000000ddf       0xee C:/Users/SofianeAOUCI/Desktop/BE-VHDL/BE/SOPC_dev/NIOS/software/SOPC_BarreFranche_bsp/\libhal_bsp.a(alt_main.o)
 .debug_abbrev  0x0000000000000ecd       0xd3 C:/Users/SofianeAOUCI/Desktop/BE-VHDL/BE/SOPC_dev/NIOS/software/SOPC_BarreFranche_bsp/\libhal_bsp.a(alt_putstr.o)
 .debug_abbrev  0x0000000000000fa0      0x12e C:/Users/SofianeAOUCI/Desktop/BE-VHDL/BE/SOPC_dev/NIOS/software/SOPC_BarreFranche_bsp/\libhal_bsp.a(alt_write.o)
 .debug_abbrev  0x00000000000010ce      0x107 C:/Users/SofianeAOUCI/Desktop/BE-VHDL/BE/SOPC_dev/NIOS/software/SOPC_BarreFranche_bsp/\libhal_bsp.a(alt_sys_init.o)
 .debug_abbrev  0x00000000000011d5       0xd5 C:/Users/SofianeAOUCI/Desktop/BE-VHDL/BE/SOPC_dev/NIOS/software/SOPC_BarreFranche_bsp/\libhal_bsp.a(altera_avalon_jtag_uart_write.o)
 .debug_abbrev  0x00000000000012aa       0x42 C:/Users/SofianeAOUCI/Desktop/BE-VHDL/BE/SOPC_dev/NIOS/software/SOPC_BarreFranche_bsp/\libhal_bsp.a(alt_dcache_flush_all.o)
 .debug_abbrev  0x00000000000012ec       0x5a C:/Users/SofianeAOUCI/Desktop/BE-VHDL/BE/SOPC_dev/NIOS/software/SOPC_BarreFranche_bsp/\libhal_bsp.a(alt_errno.o)
 .debug_abbrev  0x0000000000001346       0x42 C:/Users/SofianeAOUCI/Desktop/BE-VHDL/BE/SOPC_dev/NIOS/software/SOPC_BarreFranche_bsp/\libhal_bsp.a(alt_icache_flush_all.o)
 .debug_abbrev  0x0000000000001388       0x42 C:/Users/SofianeAOUCI/Desktop/BE-VHDL/BE/SOPC_dev/NIOS/software/SOPC_BarreFranche_bsp/\libhal_bsp.a(altera_nios2_gen2_irq.o)

.debug_line     0x0000000000000000     0x1665
 *(.debug_line)
 .debug_line    0x0000000000000000       0x66 C:/Users/SofianeAOUCI/Desktop/BE-VHDL/BE/SOPC_dev/NIOS/software/SOPC_BarreFranche_bsp//obj/HAL/src/crt0.o
 .debug_line    0x0000000000000066      0x172 obj/default/hello_world_small.o
 .debug_line    0x00000000000001d8      0x203 c:/devtools/intel/intelfpga_lite/18.1/nios2eds/bin/gnu/h-x86_64-mingw32/bin/../lib/gcc/nios2-elf/5.3.0/../../../../../H-x86_64-mingw32/nios2-elf/lib/mno-hw-mul\libsmallc.a(lib_a-printf.o)
 .debug_line    0x00000000000003db      0x351 c:/devtools/intel/intelfpga_lite/18.1/nios2eds/bin/gnu/h-x86_64-mingw32/bin/../lib/gcc/nios2-elf/5.3.0/../../../../../H-x86_64-mingw32/nios2-elf/lib/mno-hw-mul\libsmallc.a(lib_a-vfprintf.o)
 .debug_line    0x000000000000072c      0x1f0 c:/devtools/intel/intelfpga_lite/18.1/nios2eds/bin/gnu/h-x86_64-mingw32/bin/../lib/gcc/nios2-elf/5.3.0/../../../../../H-x86_64-mingw32/nios2-elf/lib/mno-hw-mul\libsmallc.a(lib_a-fvwrite_small_dev.o)
 .debug_line    0x000000000000091c      0x156 c:/devtools/intel/intelfpga_lite/18.1/nios2eds/bin/gnu/h-x86_64-mingw32/bin/../lib/gcc/nios2-elf/5.3.0/../../../../../H-x86_64-mingw32/nios2-elf/lib/mno-hw-mul\libsmallc.a(lib_a-impure.o)
 .debug_line    0x0000000000000a72      0x15c c:/devtools/intel/intelfpga_lite/18.1/nios2eds/bin/gnu/h-x86_64-mingw32/bin/../lib/gcc/nios2-elf/5.3.0/../../../../../H-x86_64-mingw32/nios2-elf/lib/mno-hw-mul\libsmallc.a(lib_a-strlen.o)
 .debug_line    0x0000000000000bce      0x1ed c:/devtools/intel/intelfpga_lite/18.1/nios2eds/bin/gnu/h-x86_64-mingw32/bin/../lib/gcc/nios2-elf/5.3.0/../../../../../H-x86_64-mingw32/nios2-elf/lib/mno-hw-mul\libsmallc.a(lib_a-writer.o)
 .debug_line    0x0000000000000dbb       0x5f c:/devtools/intel/intelfpga_lite/18.1/nios2eds/bin/gnu/h-x86_64-mingw32/bin/../lib/gcc/nios2-elf/5.3.0/../../../../../H-x86_64-mingw32/nios2-elf/lib/mno-hw-mul\libsmallc.a(lib_a-int_errno.o)
 .debug_line    0x0000000000000e1a      0x105 c:/devtools/intel/intelfpga_lite/18.1/nios2eds/bin/gnu/h-x86_64-mingw32/bin/../lib/gcc/nios2-elf/5.3.0/mno-hw-mul\libgcc.a(lib2-divmod.o)
 .debug_line    0x0000000000000f1f       0x80 c:/devtools/intel/intelfpga_lite/18.1/nios2eds/bin/gnu/h-x86_64-mingw32/bin/../lib/gcc/nios2-elf/5.3.0/mno-hw-mul\libgcc.a(lib2-mul.o)
 .debug_line    0x0000000000000f9f       0xa4 C:/Users/SofianeAOUCI/Desktop/BE-VHDL/BE/SOPC_dev/NIOS/software/SOPC_BarreFranche_bsp/\libhal_bsp.a(alt_load.o)
 .debug_line    0x0000000000001043       0xbd C:/Users/SofianeAOUCI/Desktop/BE-VHDL/BE/SOPC_dev/NIOS/software/SOPC_BarreFranche_bsp/\libhal_bsp.a(alt_main.o)
 .debug_line    0x0000000000001100       0xaf C:/Users/SofianeAOUCI/Desktop/BE-VHDL/BE/SOPC_dev/NIOS/software/SOPC_BarreFranche_bsp/\libhal_bsp.a(alt_putstr.o)
 .debug_line    0x00000000000011af      0x188 C:/Users/SofianeAOUCI/Desktop/BE-VHDL/BE/SOPC_dev/NIOS/software/SOPC_BarreFranche_bsp/\libhal_bsp.a(alt_write.o)
 .debug_line    0x0000000000001337      0x101 C:/Users/SofianeAOUCI/Desktop/BE-VHDL/BE/SOPC_dev/NIOS/software/SOPC_BarreFranche_bsp/\libhal_bsp.a(alt_sys_init.o)
 .debug_line    0x0000000000001438       0xf0 C:/Users/SofianeAOUCI/Desktop/BE-VHDL/BE/SOPC_dev/NIOS/software/SOPC_BarreFranche_bsp/\libhal_bsp.a(altera_avalon_jtag_uart_write.o)
 .debug_line    0x0000000000001528       0x4e C:/Users/SofianeAOUCI/Desktop/BE-VHDL/BE/SOPC_dev/NIOS/software/SOPC_BarreFranche_bsp/\libhal_bsp.a(alt_dcache_flush_all.o)
 .debug_line    0x0000000000001576       0x51 C:/Users/SofianeAOUCI/Desktop/BE-VHDL/BE/SOPC_dev/NIOS/software/SOPC_BarreFranche_bsp/\libhal_bsp.a(alt_errno.o)
 .debug_line    0x00000000000015c7       0x4e C:/Users/SofianeAOUCI/Desktop/BE-VHDL/BE/SOPC_dev/NIOS/software/SOPC_BarreFranche_bsp/\libhal_bsp.a(alt_icache_flush_all.o)
 .debug_line    0x0000000000001615       0x50 C:/Users/SofianeAOUCI/Desktop/BE-VHDL/BE/SOPC_dev/NIOS/software/SOPC_BarreFranche_bsp/\libhal_bsp.a(altera_nios2_gen2_irq.o)

.debug_frame    0x0000000000000000      0x3cc
 *(.debug_frame)
 .debug_frame   0x0000000000000000       0x64 obj/default/hello_world_small.o
 .debug_frame   0x0000000000000064       0x48 c:/devtools/intel/intelfpga_lite/18.1/nios2eds/bin/gnu/h-x86_64-mingw32/bin/../lib/gcc/nios2-elf/5.3.0/../../../../../H-x86_64-mingw32/nios2-elf/lib/mno-hw-mul\libsmallc.a(lib_a-printf.o)
 .debug_frame   0x00000000000000ac       0x8c c:/devtools/intel/intelfpga_lite/18.1/nios2eds/bin/gnu/h-x86_64-mingw32/bin/../lib/gcc/nios2-elf/5.3.0/../../../../../H-x86_64-mingw32/nios2-elf/lib/mno-hw-mul\libsmallc.a(lib_a-vfprintf.o)
 .debug_frame   0x0000000000000138       0x58 c:/devtools/intel/intelfpga_lite/18.1/nios2eds/bin/gnu/h-x86_64-mingw32/bin/../lib/gcc/nios2-elf/5.3.0/../../../../../H-x86_64-mingw32/nios2-elf/lib/mno-hw-mul\libsmallc.a(lib_a-fvwrite_small_dev.o)
 .debug_frame   0x0000000000000190       0x20 c:/devtools/intel/intelfpga_lite/18.1/nios2eds/bin/gnu/h-x86_64-mingw32/bin/../lib/gcc/nios2-elf/5.3.0/../../../../../H-x86_64-mingw32/nios2-elf/lib/mno-hw-mul\libsmallc.a(lib_a-strlen.o)
 .debug_frame   0x00000000000001b0       0x38 c:/devtools/intel/intelfpga_lite/18.1/nios2eds/bin/gnu/h-x86_64-mingw32/bin/../lib/gcc/nios2-elf/5.3.0/../../../../../H-x86_64-mingw32/nios2-elf/lib/mno-hw-mul\libsmallc.a(lib_a-writer.o)
 .debug_frame   0x00000000000001e8       0x50 c:/devtools/intel/intelfpga_lite/18.1/nios2eds/bin/gnu/h-x86_64-mingw32/bin/../lib/gcc/nios2-elf/5.3.0/mno-hw-mul\libgcc.a(lib2-divmod.o)
 .debug_frame   0x0000000000000238       0x20 c:/devtools/intel/intelfpga_lite/18.1/nios2eds/bin/gnu/h-x86_64-mingw32/bin/../lib/gcc/nios2-elf/5.3.0/mno-hw-mul\libgcc.a(lib2-mul.o)
 .debug_frame   0x0000000000000258       0x30 C:/Users/SofianeAOUCI/Desktop/BE-VHDL/BE/SOPC_dev/NIOS/software/SOPC_BarreFranche_bsp/\libhal_bsp.a(alt_load.o)
 .debug_frame   0x0000000000000288       0x2c C:/Users/SofianeAOUCI/Desktop/BE-VHDL/BE/SOPC_dev/NIOS/software/SOPC_BarreFranche_bsp/\libhal_bsp.a(alt_main.o)
 .debug_frame   0x00000000000002b4       0x30 C:/Users/SofianeAOUCI/Desktop/BE-VHDL/BE/SOPC_dev/NIOS/software/SOPC_BarreFranche_bsp/\libhal_bsp.a(alt_putstr.o)
 .debug_frame   0x00000000000002e4       0x2c C:/Users/SofianeAOUCI/Desktop/BE-VHDL/BE/SOPC_dev/NIOS/software/SOPC_BarreFranche_bsp/\libhal_bsp.a(alt_write.o)
 .debug_frame   0x0000000000000310       0x3c C:/Users/SofianeAOUCI/Desktop/BE-VHDL/BE/SOPC_dev/NIOS/software/SOPC_BarreFranche_bsp/\libhal_bsp.a(alt_sys_init.o)
 .debug_frame   0x000000000000034c       0x20 C:/Users/SofianeAOUCI/Desktop/BE-VHDL/BE/SOPC_dev/NIOS/software/SOPC_BarreFranche_bsp/\libhal_bsp.a(altera_avalon_jtag_uart_write.o)
 .debug_frame   0x000000000000036c       0x20 C:/Users/SofianeAOUCI/Desktop/BE-VHDL/BE/SOPC_dev/NIOS/software/SOPC_BarreFranche_bsp/\libhal_bsp.a(alt_dcache_flush_all.o)
 .debug_frame   0x000000000000038c       0x20 C:/Users/SofianeAOUCI/Desktop/BE-VHDL/BE/SOPC_dev/NIOS/software/SOPC_BarreFranche_bsp/\libhal_bsp.a(alt_icache_flush_all.o)
 .debug_frame   0x00000000000003ac       0x20 C:/Users/SofianeAOUCI/Desktop/BE-VHDL/BE/SOPC_dev/NIOS/software/SOPC_BarreFranche_bsp/\libhal_bsp.a(altera_nios2_gen2_irq.o)

.debug_str      0x0000000000000000      0xfb3
 *(.debug_str)
 .debug_str     0x0000000000000000      0x150 obj/default/hello_world_small.o
                                        0x193 (size before relaxing)
 .debug_str     0x0000000000000150      0x43d c:/devtools/intel/intelfpga_lite/18.1/nios2eds/bin/gnu/h-x86_64-mingw32/bin/../lib/gcc/nios2-elf/5.3.0/../../../../../H-x86_64-mingw32/nios2-elf/lib/mno-hw-mul\libsmallc.a(lib_a-printf.o)
                                        0x504 (size before relaxing)
 .debug_str     0x000000000000058d      0x1ff c:/devtools/intel/intelfpga_lite/18.1/nios2eds/bin/gnu/h-x86_64-mingw32/bin/../lib/gcc/nios2-elf/5.3.0/../../../../../H-x86_64-mingw32/nios2-elf/lib/mno-hw-mul\libsmallc.a(lib_a-vfprintf.o)
                                        0x67f (size before relaxing)
 .debug_str     0x000000000000078c       0x78 c:/devtools/intel/intelfpga_lite/18.1/nios2eds/bin/gnu/h-x86_64-mingw32/bin/../lib/gcc/nios2-elf/5.3.0/../../../../../H-x86_64-mingw32/nios2-elf/lib/mno-hw-mul\libsmallc.a(lib_a-fvwrite_small_dev.o)
                                        0x4d4 (size before relaxing)
 .debug_str     0x0000000000000804       0xef c:/devtools/intel/intelfpga_lite/18.1/nios2eds/bin/gnu/h-x86_64-mingw32/bin/../lib/gcc/nios2-elf/5.3.0/../../../../../H-x86_64-mingw32/nios2-elf/lib/mno-hw-mul\libsmallc.a(lib_a-impure.o)
                                        0x4be (size before relaxing)
 .debug_str     0x00000000000008f3       0xd2 c:/devtools/intel/intelfpga_lite/18.1/nios2eds/bin/gnu/h-x86_64-mingw32/bin/../lib/gcc/nios2-elf/5.3.0/../../../../../H-x86_64-mingw32/nios2-elf/lib/mno-hw-mul\libsmallc.a(lib_a-strlen.o)
                                        0x1e5 (size before relaxing)
 .debug_str     0x00000000000009c5       0x45 c:/devtools/intel/intelfpga_lite/18.1/nios2eds/bin/gnu/h-x86_64-mingw32/bin/../lib/gcc/nios2-elf/5.3.0/../../../../../H-x86_64-mingw32/nios2-elf/lib/mno-hw-mul\libsmallc.a(lib_a-writer.o)
                                        0x4b8 (size before relaxing)
 .debug_str     0x0000000000000a0a       0x3f c:/devtools/intel/intelfpga_lite/18.1/nios2eds/bin/gnu/h-x86_64-mingw32/bin/../lib/gcc/nios2-elf/5.3.0/../../../../../H-x86_64-mingw32/nios2-elf/lib/mno-hw-mul\libsmallc.a(lib_a-int_errno.o)
                                        0x1d8 (size before relaxing)
 .debug_str     0x0000000000000a49      0x187 c:/devtools/intel/intelfpga_lite/18.1/nios2eds/bin/gnu/h-x86_64-mingw32/bin/../lib/gcc/nios2-elf/5.3.0/mno-hw-mul\libgcc.a(lib2-divmod.o)
                                        0x1d2 (size before relaxing)
 .debug_str     0x0000000000000bd0       0x40 c:/devtools/intel/intelfpga_lite/18.1/nios2eds/bin/gnu/h-x86_64-mingw32/bin/../lib/gcc/nios2-elf/5.3.0/mno-hw-mul\libgcc.a(lib2-mul.o)
                                        0x193 (size before relaxing)
 .debug_str     0x0000000000000c10      0x171 C:/Users/SofianeAOUCI/Desktop/BE-VHDL/BE/SOPC_dev/NIOS/software/SOPC_BarreFranche_bsp/\libhal_bsp.a(alt_load.o)
                                        0x258 (size before relaxing)
 .debug_str     0x0000000000000d81       0x8a C:/Users/SofianeAOUCI/Desktop/BE-VHDL/BE/SOPC_dev/NIOS/software/SOPC_BarreFranche_bsp/\libhal_bsp.a(alt_main.o)
                                        0x1d1 (size before relaxing)
 .debug_str     0x0000000000000e0b       0x58 C:/Users/SofianeAOUCI/Desktop/BE-VHDL/BE/SOPC_dev/NIOS/software/SOPC_BarreFranche_bsp/\libhal_bsp.a(alt_putstr.o)
                                        0x1a7 (size before relaxing)
 .debug_str     0x0000000000000e63       0x2c C:/Users/SofianeAOUCI/Desktop/BE-VHDL/BE/SOPC_dev/NIOS/software/SOPC_BarreFranche_bsp/\libhal_bsp.a(alt_write.o)
                                        0x1f5 (size before relaxing)
 .debug_str     0x0000000000000e8f       0x86 C:/Users/SofianeAOUCI/Desktop/BE-VHDL/BE/SOPC_dev/NIOS/software/SOPC_BarreFranche_bsp/\libhal_bsp.a(alt_sys_init.o)
                                        0x23b (size before relaxing)
 .debug_str     0x0000000000000f15       0x2c C:/Users/SofianeAOUCI/Desktop/BE-VHDL/BE/SOPC_dev/NIOS/software/SOPC_BarreFranche_bsp/\libhal_bsp.a(altera_avalon_jtag_uart_write.o)
                                        0x231 (size before relaxing)
 .debug_str     0x0000000000000f41       0x1f C:/Users/SofianeAOUCI/Desktop/BE-VHDL/BE/SOPC_dev/NIOS/software/SOPC_BarreFranche_bsp/\libhal_bsp.a(alt_dcache_flush_all.o)
                                        0x171 (size before relaxing)
 .debug_str     0x0000000000000f60       0x14 C:/Users/SofianeAOUCI/Desktop/BE-VHDL/BE/SOPC_dev/NIOS/software/SOPC_BarreFranche_bsp/\libhal_bsp.a(alt_errno.o)
                                        0x161 (size before relaxing)
 .debug_str     0x0000000000000f74       0x1f C:/Users/SofianeAOUCI/Desktop/BE-VHDL/BE/SOPC_dev/NIOS/software/SOPC_BarreFranche_bsp/\libhal_bsp.a(alt_icache_flush_all.o)
                                        0x171 (size before relaxing)
 .debug_str     0x0000000000000f93       0x20 C:/Users/SofianeAOUCI/Desktop/BE-VHDL/BE/SOPC_dev/NIOS/software/SOPC_BarreFranche_bsp/\libhal_bsp.a(altera_nios2_gen2_irq.o)
                                        0x178 (size before relaxing)

.debug_loc      0x0000000000000000     0x1354
 *(.debug_loc)
 .debug_loc     0x0000000000000000       0x54 obj/default/hello_world_small.o
 .debug_loc     0x0000000000000054       0xc6 c:/devtools/intel/intelfpga_lite/18.1/nios2eds/bin/gnu/h-x86_64-mingw32/bin/../lib/gcc/nios2-elf/5.3.0/../../../../../H-x86_64-mingw32/nios2-elf/lib/mno-hw-mul\libsmallc.a(lib_a-printf.o)
 .debug_loc     0x000000000000011a      0x954 c:/devtools/intel/intelfpga_lite/18.1/nios2eds/bin/gnu/h-x86_64-mingw32/bin/../lib/gcc/nios2-elf/5.3.0/../../../../../H-x86_64-mingw32/nios2-elf/lib/mno-hw-mul\libsmallc.a(lib_a-vfprintf.o)
 .debug_loc     0x0000000000000a6e      0x110 c:/devtools/intel/intelfpga_lite/18.1/nios2eds/bin/gnu/h-x86_64-mingw32/bin/../lib/gcc/nios2-elf/5.3.0/../../../../../H-x86_64-mingw32/nios2-elf/lib/mno-hw-mul\libsmallc.a(lib_a-fvwrite_small_dev.o)
 .debug_loc     0x0000000000000b7e       0x1e c:/devtools/intel/intelfpga_lite/18.1/nios2eds/bin/gnu/h-x86_64-mingw32/bin/../lib/gcc/nios2-elf/5.3.0/../../../../../H-x86_64-mingw32/nios2-elf/lib/mno-hw-mul\libsmallc.a(lib_a-strlen.o)
 .debug_loc     0x0000000000000b9c       0xa5 c:/devtools/intel/intelfpga_lite/18.1/nios2eds/bin/gnu/h-x86_64-mingw32/bin/../lib/gcc/nios2-elf/5.3.0/../../../../../H-x86_64-mingw32/nios2-elf/lib/mno-hw-mul\libsmallc.a(lib_a-writer.o)
 .debug_loc     0x0000000000000c41      0x4ce c:/devtools/intel/intelfpga_lite/18.1/nios2eds/bin/gnu/h-x86_64-mingw32/bin/../lib/gcc/nios2-elf/5.3.0/mno-hw-mul\libgcc.a(lib2-divmod.o)
 .debug_loc     0x000000000000110f       0x93 c:/devtools/intel/intelfpga_lite/18.1/nios2eds/bin/gnu/h-x86_64-mingw32/bin/../lib/gcc/nios2-elf/5.3.0/mno-hw-mul\libgcc.a(lib2-mul.o)
 .debug_loc     0x00000000000011a2       0x37 C:/Users/SofianeAOUCI/Desktop/BE-VHDL/BE/SOPC_dev/NIOS/software/SOPC_BarreFranche_bsp/\libhal_bsp.a(alt_putstr.o)
 .debug_loc     0x00000000000011d9       0xcf C:/Users/SofianeAOUCI/Desktop/BE-VHDL/BE/SOPC_dev/NIOS/software/SOPC_BarreFranche_bsp/\libhal_bsp.a(alt_write.o)
 .debug_loc     0x00000000000012a8       0x21 C:/Users/SofianeAOUCI/Desktop/BE-VHDL/BE/SOPC_dev/NIOS/software/SOPC_BarreFranche_bsp/\libhal_bsp.a(alt_sys_init.o)
 .debug_loc     0x00000000000012c9       0x8b C:/Users/SofianeAOUCI/Desktop/BE-VHDL/BE/SOPC_dev/NIOS/software/SOPC_BarreFranche_bsp/\libhal_bsp.a(altera_avalon_jtag_uart_write.o)

.debug_macinfo
 *(.debug_macinfo)

.debug_weaknames
 *(.debug_weaknames)

.debug_funcnames
 *(.debug_funcnames)

.debug_typenames
 *(.debug_typenames)

.debug_varnames
 *(.debug_varnames)

.debug_alt_sim_info
                0x0000000000000000       0x10
 *(.debug_alt_sim_info)
 .debug_alt_sim_info
                0x0000000000000000       0x10 C:/Users/SofianeAOUCI/Desktop/BE-VHDL/BE/SOPC_dev/NIOS/software/SOPC_BarreFranche_bsp//obj/HAL/src/crt0.o
                0x000000000001a000                __alt_data_end = 0x1a000
                0x000000000001a000                PROVIDE (__alt_stack_pointer, __alt_data_end)
                [!provide]                        PROVIDE (__alt_stack_limit, __alt_stack_base)
                [!provide]                        PROVIDE (__alt_heap_start, end)
                [!provide]                        PROVIDE (__alt_heap_limit, 0x1a000)
OUTPUT(SOPC_BarreFranche.elf elf32-littlenios2)

.debug_ranges   0x0000000000000000      0x228
 .debug_ranges  0x0000000000000000       0x20 C:/Users/SofianeAOUCI/Desktop/BE-VHDL/BE/SOPC_dev/NIOS/software/SOPC_BarreFranche_bsp//obj/HAL/src/crt0.o
 .debug_ranges  0x0000000000000020       0x18 obj/default/hello_world_small.o
 .debug_ranges  0x0000000000000038       0x18 c:/devtools/intel/intelfpga_lite/18.1/nios2eds/bin/gnu/h-x86_64-mingw32/bin/../lib/gcc/nios2-elf/5.3.0/../../../../../H-x86_64-mingw32/nios2-elf/lib/mno-hw-mul\libsmallc.a(lib_a-printf.o)
 .debug_ranges  0x0000000000000050       0xc8 c:/devtools/intel/intelfpga_lite/18.1/nios2eds/bin/gnu/h-x86_64-mingw32/bin/../lib/gcc/nios2-elf/5.3.0/../../../../../H-x86_64-mingw32/nios2-elf/lib/mno-hw-mul\libsmallc.a(lib_a-vfprintf.o)
 .debug_ranges  0x0000000000000118       0x28 c:/devtools/intel/intelfpga_lite/18.1/nios2eds/bin/gnu/h-x86_64-mingw32/bin/../lib/gcc/nios2-elf/5.3.0/../../../../../H-x86_64-mingw32/nios2-elf/lib/mno-hw-mul\libsmallc.a(lib_a-fvwrite_small_dev.o)
 .debug_ranges  0x0000000000000140       0x10 c:/devtools/intel/intelfpga_lite/18.1/nios2eds/bin/gnu/h-x86_64-mingw32/bin/../lib/gcc/nios2-elf/5.3.0/../../../../../H-x86_64-mingw32/nios2-elf/lib/mno-hw-mul\libsmallc.a(lib_a-strlen.o)
 .debug_ranges  0x0000000000000150       0x10 c:/devtools/intel/intelfpga_lite/18.1/nios2eds/bin/gnu/h-x86_64-mingw32/bin/../lib/gcc/nios2-elf/5.3.0/../../../../../H-x86_64-mingw32/nios2-elf/lib/mno-hw-mul\libsmallc.a(lib_a-writer.o)
 .debug_ranges  0x0000000000000160       0x60 c:/devtools/intel/intelfpga_lite/18.1/nios2eds/bin/gnu/h-x86_64-mingw32/bin/../lib/gcc/nios2-elf/5.3.0/mno-hw-mul\libgcc.a(lib2-divmod.o)
 .debug_ranges  0x00000000000001c0       0x48 C:/Users/SofianeAOUCI/Desktop/BE-VHDL/BE/SOPC_dev/NIOS/software/SOPC_BarreFranche_bsp/\libhal_bsp.a(alt_load.o)
 .debug_ranges  0x0000000000000208       0x20 C:/Users/SofianeAOUCI/Desktop/BE-VHDL/BE/SOPC_dev/NIOS/software/SOPC_BarreFranche_bsp/\libhal_bsp.a(alt_write.o)
