Archive member included to satisfy reference by file (symbol)

c:/devtools/intel/intelfpga_lite/18.1/nios2eds/bin/gnu/h-x86_64-mingw32/bin/../lib/gcc/nios2-elf/5.3.0/../../../../../H-x86_64-mingw32/nios2-elf/lib/mno-hw-mul\libsmallc.a(lib_a-printf.o)
                              obj/default/hello_world_small.o (printf)
c:/devtools/intel/intelfpga_lite/18.1/nios2eds/bin/gnu/h-x86_64-mingw32/bin/../lib/gcc/nios2-elf/5.3.0/../../../../../H-x86_64-mingw32/nios2-elf/lib/mno-hw-mul\libsmallc.a(lib_a-vfprintf.o)
                              c:/devtools/intel/intelfpga_lite/18.1/nios2eds/bin/gnu/h-x86_64-mingw32/bin/../lib/gcc/nios2-elf/5.3.0/../../../../../H-x86_64-mingw32/nios2-elf/lib/mno-hw-mul\libsmallc.a(lib_a-printf.o) (___vfprintf_internal_r)
c:/devtools/intel/intelfpga_lite/18.1/nios2eds/bin/gnu/h-x86_64-mingw32/bin/../lib/gcc/nios2-elf/5.3.0/../../../../../H-x86_64-mingw32/nios2-elf/lib/mno-hw-mul\libsmallc.a(lib_a-fvwrite_small_dev.o)
                              c:/devtools/intel/intelfpga_lite/18.1/nios2eds/bin/gnu/h-x86_64-mingw32/bin/../lib/gcc/nios2-elf/5.3.0/../../../../../H-x86_64-mingw32/nios2-elf/lib/mno-hw-mul\libsmallc.a(lib_a-printf.o) (__sfvwrite_small_dev)
c:/devtools/intel/intelfpga_lite/18.1/nios2eds/bin/gnu/h-x86_64-mingw32/bin/../lib/gcc/nios2-elf/5.3.0/../../../../../H-x86_64-mingw32/nios2-elf/lib/mno-hw-mul\libsmallc.a(lib_a-impure.o)
                              c:/devtools/intel/intelfpga_lite/18.1/nios2eds/bin/gnu/h-x86_64-mingw32/bin/../lib/gcc/nios2-elf/5.3.0/../../../../../H-x86_64-mingw32/nios2-elf/lib/mno-hw-mul\libsmallc.a(lib_a-printf.o) (_impure_ptr)
c:/devtools/intel/intelfpga_lite/18.1/nios2eds/bin/gnu/h-x86_64-mingw32/bin/../lib/gcc/nios2-elf/5.3.0/../../../../../H-x86_64-mingw32/nios2-elf/lib/mno-hw-mul\libsmallc.a(lib_a-strlen.o)
                              c:/devtools/intel/intelfpga_lite/18.1/nios2eds/bin/gnu/h-x86_64-mingw32/bin/../lib/gcc/nios2-elf/5.3.0/../../../../../H-x86_64-mingw32/nios2-elf/lib/mno-hw-mul\libsmallc.a(lib_a-vfprintf.o) (strlen)
c:/devtools/intel/intelfpga_lite/18.1/nios2eds/bin/gnu/h-x86_64-mingw32/bin/../lib/gcc/nios2-elf/5.3.0/../../../../../H-x86_64-mingw32/nios2-elf/lib/mno-hw-mul\libsmallc.a(lib_a-writer.o)
                              c:/devtools/intel/intelfpga_lite/18.1/nios2eds/bin/gnu/h-x86_64-mingw32/bin/../lib/gcc/nios2-elf/5.3.0/../../../../../H-x86_64-mingw32/nios2-elf/lib/mno-hw-mul\libsmallc.a(lib_a-fvwrite_small_dev.o) (_write_r)
c:/devtools/intel/intelfpga_lite/18.1/nios2eds/bin/gnu/h-x86_64-mingw32/bin/../lib/gcc/nios2-elf/5.3.0/../../../../../H-x86_64-mingw32/nios2-elf/lib/mno-hw-mul\libsmallc.a(lib_a-int_errno.o)
                              c:/devtools/intel/intelfpga_lite/18.1/nios2eds/bin/gnu/h-x86_64-mingw32/bin/../lib/gcc/nios2-elf/5.3.0/../../../../../H-x86_64-mingw32/nios2-elf/lib/mno-hw-mul\libsmallc.a(lib_a-writer.o) (errno)
c:/devtools/intel/intelfpga_lite/18.1/nios2eds/bin/gnu/h-x86_64-mingw32/bin/../lib/gcc/nios2-elf/5.3.0/mno-hw-mul\libgcc.a(lib2-divmod.o)
                              c:/devtools/intel/intelfpga_lite/18.1/nios2eds/bin/gnu/h-x86_64-mingw32/bin/../lib/gcc/nios2-elf/5.3.0/../../../../../H-x86_64-mingw32/nios2-elf/lib/mno-hw-mul\libsmallc.a(lib_a-vfprintf.o) (__udivsi3)
c:/devtools/intel/intelfpga_lite/18.1/nios2eds/bin/gnu/h-x86_64-mingw32/bin/../lib/gcc/nios2-elf/5.3.0/mno-hw-mul\libgcc.a(lib2-mul.o)
                              c:/devtools/intel/intelfpga_lite/18.1/nios2eds/bin/gnu/h-x86_64-mingw32/bin/../lib/gcc/nios2-elf/5.3.0/../../../../../H-x86_64-mingw32/nios2-elf/lib/mno-hw-mul\libsmallc.a(lib_a-vfprintf.o) (__mulsi3)
C:/Users/SofianeAOUCI/Desktop/BE_VHDL_AOUCI_BONHOURE/BE/SOPC_dev/NIOS/software/NIOS_SoC_BarreFranche_bsp/\libhal_bsp.a(alt_load.o)
                              C:/Users/SofianeAOUCI/Desktop/BE_VHDL_AOUCI_BONHOURE/BE/SOPC_dev/NIOS/software/NIOS_SoC_BarreFranche_bsp//obj/HAL/src/crt0.o (alt_load)
C:/Users/SofianeAOUCI/Desktop/BE_VHDL_AOUCI_BONHOURE/BE/SOPC_dev/NIOS/software/NIOS_SoC_BarreFranche_bsp/\libhal_bsp.a(alt_main.o)
                              C:/Users/SofianeAOUCI/Desktop/BE_VHDL_AOUCI_BONHOURE/BE/SOPC_dev/NIOS/software/NIOS_SoC_BarreFranche_bsp//obj/HAL/src/crt0.o (alt_main)
C:/Users/SofianeAOUCI/Desktop/BE_VHDL_AOUCI_BONHOURE/BE/SOPC_dev/NIOS/software/NIOS_SoC_BarreFranche_bsp/\libhal_bsp.a(alt_putstr.o)
                              obj/default/hello_world_small.o (alt_putstr)
C:/Users/SofianeAOUCI/Desktop/BE_VHDL_AOUCI_BONHOURE/BE/SOPC_dev/NIOS/software/NIOS_SoC_BarreFranche_bsp/\libhal_bsp.a(alt_write.o)
                              c:/devtools/intel/intelfpga_lite/18.1/nios2eds/bin/gnu/h-x86_64-mingw32/bin/../lib/gcc/nios2-elf/5.3.0/../../../../../H-x86_64-mingw32/nios2-elf/lib/mno-hw-mul\libsmallc.a(lib_a-writer.o) (write)
C:/Users/SofianeAOUCI/Desktop/BE_VHDL_AOUCI_BONHOURE/BE/SOPC_dev/NIOS/software/NIOS_SoC_BarreFranche_bsp/\libhal_bsp.a(alt_sys_init.o)
                              C:/Users/SofianeAOUCI/Desktop/BE_VHDL_AOUCI_BONHOURE/BE/SOPC_dev/NIOS/software/NIOS_SoC_BarreFranche_bsp/\libhal_bsp.a(alt_main.o) (alt_irq_init)
C:/Users/SofianeAOUCI/Desktop/BE_VHDL_AOUCI_BONHOURE/BE/SOPC_dev/NIOS/software/NIOS_SoC_BarreFranche_bsp/\libhal_bsp.a(altera_avalon_jtag_uart_write.o)
                              C:/Users/SofianeAOUCI/Desktop/BE_VHDL_AOUCI_BONHOURE/BE/SOPC_dev/NIOS/software/NIOS_SoC_BarreFranche_bsp/\libhal_bsp.a(alt_putstr.o) (altera_avalon_jtag_uart_write)
C:/Users/SofianeAOUCI/Desktop/BE_VHDL_AOUCI_BONHOURE/BE/SOPC_dev/NIOS/software/NIOS_SoC_BarreFranche_bsp/\libhal_bsp.a(alt_dcache_flush_all.o)
                              C:/Users/SofianeAOUCI/Desktop/BE_VHDL_AOUCI_BONHOURE/BE/SOPC_dev/NIOS/software/NIOS_SoC_BarreFranche_bsp/\libhal_bsp.a(alt_load.o) (alt_dcache_flush_all)
C:/Users/SofianeAOUCI/Desktop/BE_VHDL_AOUCI_BONHOURE/BE/SOPC_dev/NIOS/software/NIOS_SoC_BarreFranche_bsp/\libhal_bsp.a(alt_errno.o)
                              C:/Users/SofianeAOUCI/Desktop/BE_VHDL_AOUCI_BONHOURE/BE/SOPC_dev/NIOS/software/NIOS_SoC_BarreFranche_bsp/\libhal_bsp.a(alt_write.o) (alt_errno)
C:/Users/SofianeAOUCI/Desktop/BE_VHDL_AOUCI_BONHOURE/BE/SOPC_dev/NIOS/software/NIOS_SoC_BarreFranche_bsp/\libhal_bsp.a(alt_icache_flush_all.o)
                              C:/Users/SofianeAOUCI/Desktop/BE_VHDL_AOUCI_BONHOURE/BE/SOPC_dev/NIOS/software/NIOS_SoC_BarreFranche_bsp/\libhal_bsp.a(alt_load.o) (alt_icache_flush_all)
C:/Users/SofianeAOUCI/Desktop/BE_VHDL_AOUCI_BONHOURE/BE/SOPC_dev/NIOS/software/NIOS_SoC_BarreFranche_bsp/\libhal_bsp.a(altera_nios2_gen2_irq.o)
                              C:/Users/SofianeAOUCI/Desktop/BE_VHDL_AOUCI_BONHOURE/BE/SOPC_dev/NIOS/software/NIOS_SoC_BarreFranche_bsp/\libhal_bsp.a(alt_sys_init.o) (altera_nios2_gen2_irq_init)

Allocating common symbols
Common symbol       size              file

errno               0x4               c:/devtools/intel/intelfpga_lite/18.1/nios2eds/bin/gnu/h-x86_64-mingw32/bin/../lib/gcc/nios2-elf/5.3.0/../../../../../H-x86_64-mingw32/nios2-elf/lib/mno-hw-mul\libsmallc.a(lib_a-int_errno.o)

Memory Configuration

Name             Origin             Length             Attributes
reset            0x0000000000010000 0x0000000000000020
SRAM             0x0000000000010020 0x0000000000009fe0
*default*        0x0000000000000000 0xffffffffffffffff

Linker script and memory map

LOAD C:/Users/SofianeAOUCI/Desktop/BE_VHDL_AOUCI_BONHOURE/BE/SOPC_dev/NIOS/software/NIOS_SoC_BarreFranche_bsp//obj/HAL/src/crt0.o
LOAD obj/default/hello_world_small.o
LOAD c:/devtools/intel/intelfpga_lite/18.1/nios2eds/bin/gnu/h-x86_64-mingw32/bin/../lib/gcc/nios2-elf/5.3.0/../../../../../H-x86_64-mingw32/nios2-elf/lib/mno-hw-mul\libstdc++.a
LOAD c:/devtools/intel/intelfpga_lite/18.1/nios2eds/bin/gnu/h-x86_64-mingw32/bin/../lib/gcc/nios2-elf/5.3.0/../../../../../H-x86_64-mingw32/nios2-elf/lib/mno-hw-mul\libm.a
LOAD c:/devtools/intel/intelfpga_lite/18.1/nios2eds/bin/gnu/h-x86_64-mingw32/bin/../lib/gcc/nios2-elf/5.3.0/mno-hw-mul\libgcc.a
START GROUP
LOAD c:/devtools/intel/intelfpga_lite/18.1/nios2eds/bin/gnu/h-x86_64-mingw32/bin/../lib/gcc/nios2-elf/5.3.0/../../../../../H-x86_64-mingw32/nios2-elf/lib/mno-hw-mul\libsmallc.a
LOAD c:/devtools/intel/intelfpga_lite/18.1/nios2eds/bin/gnu/h-x86_64-mingw32/bin/../lib/gcc/nios2-elf/5.3.0/mno-hw-mul\libgcc.a
LOAD C:/Users/SofianeAOUCI/Desktop/BE_VHDL_AOUCI_BONHOURE/BE/SOPC_dev/NIOS/software/NIOS_SoC_BarreFranche_bsp/\libhal_bsp.a
LOAD c:/devtools/intel/intelfpga_lite/18.1/nios2eds/bin/gnu/h-x86_64-mingw32/bin/../lib/gcc/nios2-elf/5.3.0/../../../../../H-x86_64-mingw32/nios2-elf/lib/mno-hw-mul\libm.a
END GROUP
LOAD c:/devtools/intel/intelfpga_lite/18.1/nios2eds/bin/gnu/h-x86_64-mingw32/bin/../lib/gcc/nios2-elf/5.3.0/mno-hw-mul\libgcc.a
                0x0000000000010000                __alt_mem_SRAM = 0x10000

.entry          0x0000000000010000       0x20
 *(.entry)
 .entry         0x0000000000010000       0x20 C:/Users/SofianeAOUCI/Desktop/BE_VHDL_AOUCI_BONHOURE/BE/SOPC_dev/NIOS/software/NIOS_SoC_BarreFranche_bsp//obj/HAL/src/crt0.o
                0x0000000000010000                __reset
                0x000000000001000c                _exit

.exceptions     0x0000000000010020        0x0
                0x0000000000010020                PROVIDE (__ram_exceptions_start, ABSOLUTE (.))
                0x0000000000010020                . = ALIGN (0x20)
 *(.irq)
 *(.exceptions.entry.label)
 *(.exceptions.entry.user)
 *(.exceptions.entry.ecc_fatal)
 *(.exceptions.entry)
 *(.exceptions.irqtest.user)
 *(.exceptions.irqtest)
 *(.exceptions.irqhandler.user)
 *(.exceptions.irqhandler)
 *(.exceptions.irqreturn.user)
 *(.exceptions.irqreturn)
 *(.exceptions.notirq.label)
 *(.exceptions.notirq.user)
 *(.exceptions.notirq)
 *(.exceptions.soft.user)
 *(.exceptions.soft)
 *(.exceptions.unknown.user)
 *(.exceptions.unknown)
 *(.exceptions.exit.label)
 *(.exceptions.exit.user)
 *(.exceptions.exit)
 *(.exceptions)
                0x0000000000010020                PROVIDE (__ram_exceptions_end, ABSOLUTE (.))
                0x0000000000010020                PROVIDE (__flash_exceptions_start, LOADADDR (.exceptions))

.text           0x0000000000010020      0xcec
                [!provide]                        PROVIDE (stext, ABSOLUTE (.))
 *(.interp)
 *(.hash)
 *(.dynsym)
 *(.dynstr)
 *(.gnu.version)
 *(.gnu.version_d)
 *(.gnu.version_r)
 *(.rel.init)
 *(.rela.init)
 *(.rel.text .rel.text.* .rel.gnu.linkonce.t.*)
 *(.rela.text .rela.text.* .rela.gnu.linkonce.t.*)
 *(.rel.fini)
 *(.rela.fini)
 *(.rel.rodata .rel.rodata.* .rel.gnu.linkonce.r.*)
 *(.rela.rodata .rela.rodata.* .rela.gnu.linkonce.r.*)
 *(.rel.data .rel.data.* .rel.gnu.linkonce.d.*)
 *(.rela.data .rela.data.* .rela.gnu.linkonce.d.*)
 *(.rel.tdata .rel.tdata.* .rel.gnu.linkonce.td.*)
 *(.rela.tdata .rela.tdata.* .rela.gnu.linkonce.td.*)
 *(.rel.tbss .rel.tbss.* .rel.gnu.linkonce.tb.*)
 *(.rela.tbss .rela.tbss.* .rela.gnu.linkonce.tb.*)
 *(.rel.ctors)
 *(.rela.ctors)
 *(.rel.dtors)
 *(.rela.dtors)
 *(.rel.got)
 *(.rela.got)
 *(.rel.sdata .rel.sdata.* .rel.gnu.linkonce.s.*)
 *(.rela.sdata .rela.sdata.* .rela.gnu.linkonce.s.*)
 *(.rel.sbss .rel.sbss.* .rel.gnu.linkonce.sb.*)
 *(.rela.sbss .rela.sbss.* .rela.gnu.linkonce.sb.*)
 *(.rel.sdata2 .rel.sdata2.* .rel.gnu.linkonce.s2.*)
 *(.rela.sdata2 .rela.sdata2.* .rela.gnu.linkonce.s2.*)
 *(.rel.sbss2 .rel.sbss2.* .rel.gnu.linkonce.sb2.*)
 *(.rela.sbss2 .rela.sbss2.* .rela.gnu.linkonce.sb2.*)
 *(.rel.bss .rel.bss.* .rel.gnu.linkonce.b.*)
 *(.rela.bss .rela.bss.* .rela.gnu.linkonce.b.*)
 *(.rel.plt)
 *(.rela.plt)
 *(.rel.dyn)
 *(.init)
 *(.plt)
 *(.text .stub .text.* .gnu.linkonce.t.*)
 .text          0x0000000000010020       0x3c C:/Users/SofianeAOUCI/Desktop/BE_VHDL_AOUCI_BONHOURE/BE/SOPC_dev/NIOS/software/NIOS_SoC_BarreFranche_bsp//obj/HAL/src/crt0.o
                0x0000000000010020                _start
 .text          0x000000000001005c       0x54 obj/default/hello_world_small.o
                0x000000000001005c                NMEA_TX_Data
                0x0000000000010090                delay
 .text.startup  0x00000000000100b0      0x10c obj/default/hello_world_small.o
                0x00000000000100b0                main
 .text          0x00000000000101bc        0x0 c:/devtools/intel/intelfpga_lite/18.1/nios2eds/bin/gnu/h-x86_64-mingw32/bin/../lib/gcc/nios2-elf/5.3.0/../../../../../H-x86_64-mingw32/nios2-elf/lib/mno-hw-mul\libsmallc.a(lib_a-printf.o)
 .text._printf_r
                0x00000000000101bc       0x3c c:/devtools/intel/intelfpga_lite/18.1/nios2eds/bin/gnu/h-x86_64-mingw32/bin/../lib/gcc/nios2-elf/5.3.0/../../../../../H-x86_64-mingw32/nios2-elf/lib/mno-hw-mul\libsmallc.a(lib_a-printf.o)
                0x00000000000101bc                _printf_r
 .text.printf   0x00000000000101f8       0x4c c:/devtools/intel/intelfpga_lite/18.1/nios2eds/bin/gnu/h-x86_64-mingw32/bin/../lib/gcc/nios2-elf/5.3.0/../../../../../H-x86_64-mingw32/nios2-elf/lib/mno-hw-mul\libsmallc.a(lib_a-printf.o)
                0x00000000000101f8                printf
 .text          0x0000000000010244        0x0 c:/devtools/intel/intelfpga_lite/18.1/nios2eds/bin/gnu/h-x86_64-mingw32/bin/../lib/gcc/nios2-elf/5.3.0/../../../../../H-x86_64-mingw32/nios2-elf/lib/mno-hw-mul\libsmallc.a(lib_a-vfprintf.o)
 .text.print_repeat
                0x0000000000010244       0x6c c:/devtools/intel/intelfpga_lite/18.1/nios2eds/bin/gnu/h-x86_64-mingw32/bin/../lib/gcc/nios2-elf/5.3.0/../../../../../H-x86_64-mingw32/nios2-elf/lib/mno-hw-mul\libsmallc.a(lib_a-vfprintf.o)
 .text.___vfprintf_internal_r
                0x00000000000102b0      0x52c c:/devtools/intel/intelfpga_lite/18.1/nios2eds/bin/gnu/h-x86_64-mingw32/bin/../lib/gcc/nios2-elf/5.3.0/../../../../../H-x86_64-mingw32/nios2-elf/lib/mno-hw-mul\libsmallc.a(lib_a-vfprintf.o)
                0x00000000000102b0                ___vfprintf_internal_r
 .text.__vfprintf_internal
                0x00000000000107dc       0x1c c:/devtools/intel/intelfpga_lite/18.1/nios2eds/bin/gnu/h-x86_64-mingw32/bin/../lib/gcc/nios2-elf/5.3.0/../../../../../H-x86_64-mingw32/nios2-elf/lib/mno-hw-mul\libsmallc.a(lib_a-vfprintf.o)
                0x00000000000107dc                __vfprintf_internal
 .text          0x00000000000107f8        0x0 c:/devtools/intel/intelfpga_lite/18.1/nios2eds/bin/gnu/h-x86_64-mingw32/bin/../lib/gcc/nios2-elf/5.3.0/../../../../../H-x86_64-mingw32/nios2-elf/lib/mno-hw-mul\libsmallc.a(lib_a-fvwrite_small_dev.o)
 .text.__sfvwrite_small_dev
                0x00000000000107f8       0xb8 c:/devtools/intel/intelfpga_lite/18.1/nios2eds/bin/gnu/h-x86_64-mingw32/bin/../lib/gcc/nios2-elf/5.3.0/../../../../../H-x86_64-mingw32/nios2-elf/lib/mno-hw-mul\libsmallc.a(lib_a-fvwrite_small_dev.o)
                0x00000000000107f8                __sfvwrite_small_dev
 .text          0x00000000000108b0        0x0 c:/devtools/intel/intelfpga_lite/18.1/nios2eds/bin/gnu/h-x86_64-mingw32/bin/../lib/gcc/nios2-elf/5.3.0/../../../../../H-x86_64-mingw32/nios2-elf/lib/mno-hw-mul\libsmallc.a(lib_a-impure.o)
 .text          0x00000000000108b0        0x0 c:/devtools/intel/intelfpga_lite/18.1/nios2eds/bin/gnu/h-x86_64-mingw32/bin/../lib/gcc/nios2-elf/5.3.0/../../../../../H-x86_64-mingw32/nios2-elf/lib/mno-hw-mul\libsmallc.a(lib_a-strlen.o)
 .text.strlen   0x00000000000108b0       0x1c c:/devtools/intel/intelfpga_lite/18.1/nios2eds/bin/gnu/h-x86_64-mingw32/bin/../lib/gcc/nios2-elf/5.3.0/../../../../../H-x86_64-mingw32/nios2-elf/lib/mno-hw-mul\libsmallc.a(lib_a-strlen.o)
                0x00000000000108b0                strlen
 .text          0x00000000000108cc        0x0 c:/devtools/intel/intelfpga_lite/18.1/nios2eds/bin/gnu/h-x86_64-mingw32/bin/../lib/gcc/nios2-elf/5.3.0/../../../../../H-x86_64-mingw32/nios2-elf/lib/mno-hw-mul\libsmallc.a(lib_a-writer.o)
 .text._write_r
                0x00000000000108cc       0x58 c:/devtools/intel/intelfpga_lite/18.1/nios2eds/bin/gnu/h-x86_64-mingw32/bin/../lib/gcc/nios2-elf/5.3.0/../../../../../H-x86_64-mingw32/nios2-elf/lib/mno-hw-mul\libsmallc.a(lib_a-writer.o)
                0x00000000000108cc                _write_r
 .text          0x0000000000010924        0x0 c:/devtools/intel/intelfpga_lite/18.1/nios2eds/bin/gnu/h-x86_64-mingw32/bin/../lib/gcc/nios2-elf/5.3.0/../../../../../H-x86_64-mingw32/nios2-elf/lib/mno-hw-mul\libsmallc.a(lib_a-int_errno.o)
 .text          0x0000000000010924      0x1b4 c:/devtools/intel/intelfpga_lite/18.1/nios2eds/bin/gnu/h-x86_64-mingw32/bin/../lib/gcc/nios2-elf/5.3.0/mno-hw-mul\libgcc.a(lib2-divmod.o)
                0x0000000000010924                __divsi3
                0x00000000000109a8                __modsi3
                0x0000000000010a1c                __udivsi3
                0x0000000000010a80                __umodsi3
 .text          0x0000000000010ad8       0x28 c:/devtools/intel/intelfpga_lite/18.1/nios2eds/bin/gnu/h-x86_64-mingw32/bin/../lib/gcc/nios2-elf/5.3.0/mno-hw-mul\libgcc.a(lib2-mul.o)
                0x0000000000010ad8                __mulsi3
 .text          0x0000000000010b00       0xe0 C:/Users/SofianeAOUCI/Desktop/BE_VHDL_AOUCI_BONHOURE/BE/SOPC_dev/NIOS/software/NIOS_SoC_BarreFranche_bsp/\libhal_bsp.a(alt_load.o)
                0x0000000000010b00                alt_load
 .text          0x0000000000010be0       0x2c C:/Users/SofianeAOUCI/Desktop/BE_VHDL_AOUCI_BONHOURE/BE/SOPC_dev/NIOS/software/NIOS_SoC_BarreFranche_bsp/\libhal_bsp.a(alt_main.o)
                0x0000000000010be0                alt_main
 .text          0x0000000000010c0c       0x38 C:/Users/SofianeAOUCI/Desktop/BE_VHDL_AOUCI_BONHOURE/BE/SOPC_dev/NIOS/software/NIOS_SoC_BarreFranche_bsp/\libhal_bsp.a(alt_putstr.o)
                0x0000000000010c0c                alt_putstr
 .text          0x0000000000010c44       0x60 C:/Users/SofianeAOUCI/Desktop/BE_VHDL_AOUCI_BONHOURE/BE/SOPC_dev/NIOS/software/NIOS_SoC_BarreFranche_bsp/\libhal_bsp.a(alt_write.o)
                0x0000000000010c44                write
 .text          0x0000000000010ca4       0x24 C:/Users/SofianeAOUCI/Desktop/BE_VHDL_AOUCI_BONHOURE/BE/SOPC_dev/NIOS/software/NIOS_SoC_BarreFranche_bsp/\libhal_bsp.a(alt_sys_init.o)
                0x0000000000010ca4                alt_irq_init
                0x0000000000010cc4                alt_sys_init
 .text          0x0000000000010cc8       0x34 C:/Users/SofianeAOUCI/Desktop/BE_VHDL_AOUCI_BONHOURE/BE/SOPC_dev/NIOS/software/NIOS_SoC_BarreFranche_bsp/\libhal_bsp.a(altera_avalon_jtag_uart_write.o)
                0x0000000000010cc8                altera_avalon_jtag_uart_write
 .text          0x0000000000010cfc        0x4 C:/Users/SofianeAOUCI/Desktop/BE_VHDL_AOUCI_BONHOURE/BE/SOPC_dev/NIOS/software/NIOS_SoC_BarreFranche_bsp/\libhal_bsp.a(alt_dcache_flush_all.o)
                0x0000000000010cfc                alt_dcache_flush_all
 .text          0x0000000000010d00        0x0 C:/Users/SofianeAOUCI/Desktop/BE_VHDL_AOUCI_BONHOURE/BE/SOPC_dev/NIOS/software/NIOS_SoC_BarreFranche_bsp/\libhal_bsp.a(alt_errno.o)
 .text          0x0000000000010d00        0x4 C:/Users/SofianeAOUCI/Desktop/BE_VHDL_AOUCI_BONHOURE/BE/SOPC_dev/NIOS/software/NIOS_SoC_BarreFranche_bsp/\libhal_bsp.a(alt_icache_flush_all.o)
                0x0000000000010d00                alt_icache_flush_all
 .text          0x0000000000010d04        0x8 C:/Users/SofianeAOUCI/Desktop/BE_VHDL_AOUCI_BONHOURE/BE/SOPC_dev/NIOS/software/NIOS_SoC_BarreFranche_bsp/\libhal_bsp.a(altera_nios2_gen2_irq.o)
                0x0000000000010d04                altera_nios2_gen2_irq_init
 *(.gnu.warning.*)
 *(.fini)
                [!provide]                        PROVIDE (__etext, ABSOLUTE (.))
                [!provide]                        PROVIDE (_etext, ABSOLUTE (.))
                [!provide]                        PROVIDE (etext, ABSOLUTE (.))
 *(.eh_frame_hdr)
                0x0000000000010d0c                . = ALIGN (0x4)
                [!provide]                        PROVIDE (__preinit_array_start, ABSOLUTE (.))
 *(.preinit_array)
                [!provide]                        PROVIDE (__preinit_array_end, ABSOLUTE (.))
                [!provide]                        PROVIDE (__init_array_start, ABSOLUTE (.))
 *(.init_array)
                [!provide]                        PROVIDE (__init_array_end, ABSOLUTE (.))
                [!provide]                        PROVIDE (__fini_array_start, ABSOLUTE (.))
 *(.fini_array)
                [!provide]                        PROVIDE (__fini_array_end, ABSOLUTE (.))
 *(.eh_frame)
 *(.gcc_except_table .gcc_except_table.*)
 *(.dynamic)
                [!provide]                        PROVIDE (__CTOR_LIST__, ABSOLUTE (.))
 *(.ctors)
 *(SORT(.ctors.*))
                [!provide]                        PROVIDE (__CTOR_END__, ABSOLUTE (.))
                [!provide]                        PROVIDE (__DTOR_LIST__, ABSOLUTE (.))
 *(.dtors)
 *(SORT(.dtors.*))
                [!provide]                        PROVIDE (__DTOR_END__, ABSOLUTE (.))
 *(.jcr)
                0x0000000000010d0c                . = ALIGN (0x4)

.rodata         0x0000000000010d0c       0x2c
                0x0000000000010d0c                PROVIDE (__ram_rodata_start, ABSOLUTE (.))
                0x0000000000010d0c                . = ALIGN (0x4)
 *(.rodata .rodata.* .gnu.linkonce.r.*)
 .rodata.str1.4
                0x0000000000010d0c       0x2c obj/default/hello_world_small.o
                                         0x2b (size before relaxing)
 *(.rodata1)
                0x0000000000010d38                . = ALIGN (0x4)
                0x0000000000010d38                PROVIDE (__ram_rodata_end, ABSOLUTE (.))
                0x0000000000010d0c                PROVIDE (__flash_rodata_start, LOADADDR (.rodata))

.rwdata         0x0000000000010d38       0xf0 load address 0x0000000000010e28
                0x0000000000010d38                PROVIDE (__ram_rwdata_start, ABSOLUTE (.))
                0x0000000000010d38                . = ALIGN (0x4)
 *(.got.plt)
 *(.got)
 *(.data1)
 *(.data .data.* .gnu.linkonce.d.*)
 .data          0x0000000000010d38        0x0 C:/Users/SofianeAOUCI/Desktop/BE_VHDL_AOUCI_BONHOURE/BE/SOPC_dev/NIOS/software/NIOS_SoC_BarreFranche_bsp//obj/HAL/src/crt0.o
 .data          0x0000000000010d38        0x0 obj/default/hello_world_small.o
 .data          0x0000000000010d38        0x0 c:/devtools/intel/intelfpga_lite/18.1/nios2eds/bin/gnu/h-x86_64-mingw32/bin/../lib/gcc/nios2-elf/5.3.0/../../../../../H-x86_64-mingw32/nios2-elf/lib/mno-hw-mul\libsmallc.a(lib_a-printf.o)
 .data          0x0000000000010d38        0x0 c:/devtools/intel/intelfpga_lite/18.1/nios2eds/bin/gnu/h-x86_64-mingw32/bin/../lib/gcc/nios2-elf/5.3.0/../../../../../H-x86_64-mingw32/nios2-elf/lib/mno-hw-mul\libsmallc.a(lib_a-vfprintf.o)
 .data          0x0000000000010d38        0x0 c:/devtools/intel/intelfpga_lite/18.1/nios2eds/bin/gnu/h-x86_64-mingw32/bin/../lib/gcc/nios2-elf/5.3.0/../../../../../H-x86_64-mingw32/nios2-elf/lib/mno-hw-mul\libsmallc.a(lib_a-fvwrite_small_dev.o)
 .data          0x0000000000010d38        0x0 c:/devtools/intel/intelfpga_lite/18.1/nios2eds/bin/gnu/h-x86_64-mingw32/bin/../lib/gcc/nios2-elf/5.3.0/../../../../../H-x86_64-mingw32/nios2-elf/lib/mno-hw-mul\libsmallc.a(lib_a-impure.o)
 .data.impure_data
                0x0000000000010d38       0xe0 c:/devtools/intel/intelfpga_lite/18.1/nios2eds/bin/gnu/h-x86_64-mingw32/bin/../lib/gcc/nios2-elf/5.3.0/../../../../../H-x86_64-mingw32/nios2-elf/lib/mno-hw-mul\libsmallc.a(lib_a-impure.o)
 .data          0x0000000000010e18        0x0 c:/devtools/intel/intelfpga_lite/18.1/nios2eds/bin/gnu/h-x86_64-mingw32/bin/../lib/gcc/nios2-elf/5.3.0/../../../../../H-x86_64-mingw32/nios2-elf/lib/mno-hw-mul\libsmallc.a(lib_a-strlen.o)
 .data          0x0000000000010e18        0x0 c:/devtools/intel/intelfpga_lite/18.1/nios2eds/bin/gnu/h-x86_64-mingw32/bin/../lib/gcc/nios2-elf/5.3.0/../../../../../H-x86_64-mingw32/nios2-elf/lib/mno-hw-mul\libsmallc.a(lib_a-writer.o)
 .data          0x0000000000010e18        0x0 c:/devtools/intel/intelfpga_lite/18.1/nios2eds/bin/gnu/h-x86_64-mingw32/bin/../lib/gcc/nios2-elf/5.3.0/../../../../../H-x86_64-mingw32/nios2-elf/lib/mno-hw-mul\libsmallc.a(lib_a-int_errno.o)
 .data          0x0000000000010e18        0x0 c:/devtools/intel/intelfpga_lite/18.1/nios2eds/bin/gnu/h-x86_64-mingw32/bin/../lib/gcc/nios2-elf/5.3.0/mno-hw-mul\libgcc.a(lib2-divmod.o)
 .data          0x0000000000010e18        0x0 c:/devtools/intel/intelfpga_lite/18.1/nios2eds/bin/gnu/h-x86_64-mingw32/bin/../lib/gcc/nios2-elf/5.3.0/mno-hw-mul\libgcc.a(lib2-mul.o)
 .data          0x0000000000010e18        0x0 C:/Users/SofianeAOUCI/Desktop/BE_VHDL_AOUCI_BONHOURE/BE/SOPC_dev/NIOS/software/NIOS_SoC_BarreFranche_bsp/\libhal_bsp.a(alt_load.o)
 .data          0x0000000000010e18        0x0 C:/Users/SofianeAOUCI/Desktop/BE_VHDL_AOUCI_BONHOURE/BE/SOPC_dev/NIOS/software/NIOS_SoC_BarreFranche_bsp/\libhal_bsp.a(alt_main.o)
 .data          0x0000000000010e18        0x0 C:/Users/SofianeAOUCI/Desktop/BE_VHDL_AOUCI_BONHOURE/BE/SOPC_dev/NIOS/software/NIOS_SoC_BarreFranche_bsp/\libhal_bsp.a(alt_putstr.o)
 .data          0x0000000000010e18        0x0 C:/Users/SofianeAOUCI/Desktop/BE_VHDL_AOUCI_BONHOURE/BE/SOPC_dev/NIOS/software/NIOS_SoC_BarreFranche_bsp/\libhal_bsp.a(alt_write.o)
 .data          0x0000000000010e18        0x0 C:/Users/SofianeAOUCI/Desktop/BE_VHDL_AOUCI_BONHOURE/BE/SOPC_dev/NIOS/software/NIOS_SoC_BarreFranche_bsp/\libhal_bsp.a(alt_sys_init.o)
 .data          0x0000000000010e18        0x0 C:/Users/SofianeAOUCI/Desktop/BE_VHDL_AOUCI_BONHOURE/BE/SOPC_dev/NIOS/software/NIOS_SoC_BarreFranche_bsp/\libhal_bsp.a(altera_avalon_jtag_uart_write.o)
 .data          0x0000000000010e18        0x0 C:/Users/SofianeAOUCI/Desktop/BE_VHDL_AOUCI_BONHOURE/BE/SOPC_dev/NIOS/software/NIOS_SoC_BarreFranche_bsp/\libhal_bsp.a(alt_dcache_flush_all.o)
 .data          0x0000000000010e18        0x0 C:/Users/SofianeAOUCI/Desktop/BE_VHDL_AOUCI_BONHOURE/BE/SOPC_dev/NIOS/software/NIOS_SoC_BarreFranche_bsp/\libhal_bsp.a(alt_errno.o)
 .data          0x0000000000010e18        0x0 C:/Users/SofianeAOUCI/Desktop/BE_VHDL_AOUCI_BONHOURE/BE/SOPC_dev/NIOS/software/NIOS_SoC_BarreFranche_bsp/\libhal_bsp.a(alt_icache_flush_all.o)
 .data          0x0000000000010e18        0x0 C:/Users/SofianeAOUCI/Desktop/BE_VHDL_AOUCI_BONHOURE/BE/SOPC_dev/NIOS/software/NIOS_SoC_BarreFranche_bsp/\libhal_bsp.a(altera_nios2_gen2_irq.o)
                0x0000000000018e18                _gp = ABSOLUTE ((. + 0x8000))
                [!provide]                        PROVIDE (gp, _gp)
 *(.rwdata .rwdata.*)
 *(.sdata .sdata.* .gnu.linkonce.s.*)
 .sdata._global_impure_ptr
                0x0000000000010e18        0x4 c:/devtools/intel/intelfpga_lite/18.1/nios2eds/bin/gnu/h-x86_64-mingw32/bin/../lib/gcc/nios2-elf/5.3.0/../../../../../H-x86_64-mingw32/nios2-elf/lib/mno-hw-mul\libsmallc.a(lib_a-impure.o)
                0x0000000000010e18                _global_impure_ptr
 .sdata._impure_ptr
                0x0000000000010e1c        0x4 c:/devtools/intel/intelfpga_lite/18.1/nios2eds/bin/gnu/h-x86_64-mingw32/bin/../lib/gcc/nios2-elf/5.3.0/../../../../../H-x86_64-mingw32/nios2-elf/lib/mno-hw-mul\libsmallc.a(lib_a-impure.o)
                0x0000000000010e1c                _impure_ptr
 .sdata         0x0000000000010e20        0x4 C:/Users/SofianeAOUCI/Desktop/BE_VHDL_AOUCI_BONHOURE/BE/SOPC_dev/NIOS/software/NIOS_SoC_BarreFranche_bsp/\libhal_bsp.a(alt_sys_init.o)
                0x0000000000010e20                jtag
 .sdata         0x0000000000010e24        0x4 C:/Users/SofianeAOUCI/Desktop/BE_VHDL_AOUCI_BONHOURE/BE/SOPC_dev/NIOS/software/NIOS_SoC_BarreFranche_bsp/\libhal_bsp.a(alt_errno.o)
                0x0000000000010e24                alt_errno
 *(.sdata2 .sdata2.* .gnu.linkonce.s2.*)
                0x0000000000010e28                . = ALIGN (0x4)
                0x0000000000010e28                _edata = ABSOLUTE (.)
                [!provide]                        PROVIDE (edata, ABSOLUTE (.))
                0x0000000000010e28                PROVIDE (__ram_rwdata_end, ABSOLUTE (.))
                0x0000000000010e28                PROVIDE (__flash_rwdata_start, LOADADDR (.rwdata))

.bss            0x0000000000010f18       0x10
                0x0000000000010f18                __bss_start = ABSOLUTE (.)
                [!provide]                        PROVIDE (__sbss_start, ABSOLUTE (.))
                [!provide]                        PROVIDE (___sbss_start, ABSOLUTE (.))
 *(.dynsbss)
 *(.sbss .sbss.* .gnu.linkonce.sb.*)
 .sbss          0x0000000000010f18        0x4 c:/devtools/intel/intelfpga_lite/18.1/nios2eds/bin/gnu/h-x86_64-mingw32/bin/../lib/gcc/nios2-elf/5.3.0/../../../../../H-x86_64-mingw32/nios2-elf/lib/mno-hw-mul\libsmallc.a(lib_a-int_errno.o)
                0x0000000000010f18                errno
 .sbss          0x0000000000010f1c        0xc C:/Users/SofianeAOUCI/Desktop/BE_VHDL_AOUCI_BONHOURE/BE/SOPC_dev/NIOS/software/NIOS_SoC_BarreFranche_bsp/\libhal_bsp.a(alt_main.o)
                0x0000000000010f1c                alt_envp
                0x0000000000010f20                alt_argv
                0x0000000000010f24                alt_argc
 *(.sbss2 .sbss2.* .gnu.linkonce.sb2.*)
 *(.scommon)
                [!provide]                        PROVIDE (__sbss_end, ABSOLUTE (.))
                [!provide]                        PROVIDE (___sbss_end, ABSOLUTE (.))
 *(.dynbss)
 *(.bss .bss.* .gnu.linkonce.b.*)
 .bss           0x0000000000010f28        0x0 C:/Users/SofianeAOUCI/Desktop/BE_VHDL_AOUCI_BONHOURE/BE/SOPC_dev/NIOS/software/NIOS_SoC_BarreFranche_bsp//obj/HAL/src/crt0.o
 .bss           0x0000000000010f28        0x0 obj/default/hello_world_small.o
 .bss           0x0000000000010f28        0x0 c:/devtools/intel/intelfpga_lite/18.1/nios2eds/bin/gnu/h-x86_64-mingw32/bin/../lib/gcc/nios2-elf/5.3.0/../../../../../H-x86_64-mingw32/nios2-elf/lib/mno-hw-mul\libsmallc.a(lib_a-printf.o)
 .bss           0x0000000000010f28        0x0 c:/devtools/intel/intelfpga_lite/18.1/nios2eds/bin/gnu/h-x86_64-mingw32/bin/../lib/gcc/nios2-elf/5.3.0/../../../../../H-x86_64-mingw32/nios2-elf/lib/mno-hw-mul\libsmallc.a(lib_a-vfprintf.o)
 .bss           0x0000000000010f28        0x0 c:/devtools/intel/intelfpga_lite/18.1/nios2eds/bin/gnu/h-x86_64-mingw32/bin/../lib/gcc/nios2-elf/5.3.0/../../../../../H-x86_64-mingw32/nios2-elf/lib/mno-hw-mul\libsmallc.a(lib_a-fvwrite_small_dev.o)
 .bss           0x0000000000010f28        0x0 c:/devtools/intel/intelfpga_lite/18.1/nios2eds/bin/gnu/h-x86_64-mingw32/bin/../lib/gcc/nios2-elf/5.3.0/../../../../../H-x86_64-mingw32/nios2-elf/lib/mno-hw-mul\libsmallc.a(lib_a-impure.o)
 .bss           0x0000000000010f28        0x0 c:/devtools/intel/intelfpga_lite/18.1/nios2eds/bin/gnu/h-x86_64-mingw32/bin/../lib/gcc/nios2-elf/5.3.0/../../../../../H-x86_64-mingw32/nios2-elf/lib/mno-hw-mul\libsmallc.a(lib_a-strlen.o)
 .bss           0x0000000000010f28        0x0 c:/devtools/intel/intelfpga_lite/18.1/nios2eds/bin/gnu/h-x86_64-mingw32/bin/../lib/gcc/nios2-elf/5.3.0/../../../../../H-x86_64-mingw32/nios2-elf/lib/mno-hw-mul\libsmallc.a(lib_a-writer.o)
 .bss           0x0000000000010f28        0x0 c:/devtools/intel/intelfpga_lite/18.1/nios2eds/bin/gnu/h-x86_64-mingw32/bin/../lib/gcc/nios2-elf/5.3.0/../../../../../H-x86_64-mingw32/nios2-elf/lib/mno-hw-mul\libsmallc.a(lib_a-int_errno.o)
 .bss           0x0000000000010f28        0x0 c:/devtools/intel/intelfpga_lite/18.1/nios2eds/bin/gnu/h-x86_64-mingw32/bin/../lib/gcc/nios2-elf/5.3.0/mno-hw-mul\libgcc.a(lib2-divmod.o)
 .bss           0x0000000000010f28        0x0 c:/devtools/intel/intelfpga_lite/18.1/nios2eds/bin/gnu/h-x86_64-mingw32/bin/../lib/gcc/nios2-elf/5.3.0/mno-hw-mul\libgcc.a(lib2-mul.o)
 .bss           0x0000000000010f28        0x0 C:/Users/SofianeAOUCI/Desktop/BE_VHDL_AOUCI_BONHOURE/BE/SOPC_dev/NIOS/software/NIOS_SoC_BarreFranche_bsp/\libhal_bsp.a(alt_load.o)
 .bss           0x0000000000010f28        0x0 C:/Users/SofianeAOUCI/Desktop/BE_VHDL_AOUCI_BONHOURE/BE/SOPC_dev/NIOS/software/NIOS_SoC_BarreFranche_bsp/\libhal_bsp.a(alt_main.o)
 .bss           0x0000000000010f28        0x0 C:/Users/SofianeAOUCI/Desktop/BE_VHDL_AOUCI_BONHOURE/BE/SOPC_dev/NIOS/software/NIOS_SoC_BarreFranche_bsp/\libhal_bsp.a(alt_putstr.o)
 .bss           0x0000000000010f28        0x0 C:/Users/SofianeAOUCI/Desktop/BE_VHDL_AOUCI_BONHOURE/BE/SOPC_dev/NIOS/software/NIOS_SoC_BarreFranche_bsp/\libhal_bsp.a(alt_write.o)
 .bss           0x0000000000010f28        0x0 C:/Users/SofianeAOUCI/Desktop/BE_VHDL_AOUCI_BONHOURE/BE/SOPC_dev/NIOS/software/NIOS_SoC_BarreFranche_bsp/\libhal_bsp.a(alt_sys_init.o)
 .bss           0x0000000000010f28        0x0 C:/Users/SofianeAOUCI/Desktop/BE_VHDL_AOUCI_BONHOURE/BE/SOPC_dev/NIOS/software/NIOS_SoC_BarreFranche_bsp/\libhal_bsp.a(altera_avalon_jtag_uart_write.o)
 .bss           0x0000000000010f28        0x0 C:/Users/SofianeAOUCI/Desktop/BE_VHDL_AOUCI_BONHOURE/BE/SOPC_dev/NIOS/software/NIOS_SoC_BarreFranche_bsp/\libhal_bsp.a(alt_dcache_flush_all.o)
 .bss           0x0000000000010f28        0x0 C:/Users/SofianeAOUCI/Desktop/BE_VHDL_AOUCI_BONHOURE/BE/SOPC_dev/NIOS/software/NIOS_SoC_BarreFranche_bsp/\libhal_bsp.a(alt_errno.o)
 .bss           0x0000000000010f28        0x0 C:/Users/SofianeAOUCI/Desktop/BE_VHDL_AOUCI_BONHOURE/BE/SOPC_dev/NIOS/software/NIOS_SoC_BarreFranche_bsp/\libhal_bsp.a(alt_icache_flush_all.o)
 .bss           0x0000000000010f28        0x0 C:/Users/SofianeAOUCI/Desktop/BE_VHDL_AOUCI_BONHOURE/BE/SOPC_dev/NIOS/software/NIOS_SoC_BarreFranche_bsp/\libhal_bsp.a(altera_nios2_gen2_irq.o)
 *(COMMON)
                0x0000000000010f28                . = ALIGN (0x4)
                0x0000000000010f28                __bss_end = ABSOLUTE (.)

.SRAM           0x0000000000010f28        0x0
                [!provide]                        PROVIDE (_alt_partition_SRAM_start, ABSOLUTE (.))
 *(.SRAM .SRAM. SRAM.*)
                0x0000000000010f28                . = ALIGN (0x4)
                [!provide]                        PROVIDE (_alt_partition_SRAM_end, ABSOLUTE (.))
                0x0000000000010f28                _end = ABSOLUTE (.)
                0x0000000000010f28                end = ABSOLUTE (.)
                0x0000000000010f28                __alt_stack_base = ABSOLUTE (.)
                [!provide]                        PROVIDE (_alt_partition_SRAM_load_addr, LOADADDR (.SRAM))

.stab
 *(.stab)

.stabstr
 *(.stabstr)

.stab.excl
 *(.stab.excl)

.stab.exclstr
 *(.stab.exclstr)

.stab.index
 *(.stab.index)

.stab.indexstr
 *(.stab.indexstr)

.comment        0x0000000000000000       0x23
 *(.comment)
 .comment       0x0000000000000000       0x23 obj/default/hello_world_small.o
                                         0x24 (size before relaxing)
 .comment       0x0000000000000023       0x24 c:/devtools/intel/intelfpga_lite/18.1/nios2eds/bin/gnu/h-x86_64-mingw32/bin/../lib/gcc/nios2-elf/5.3.0/../../../../../H-x86_64-mingw32/nios2-elf/lib/mno-hw-mul\libsmallc.a(lib_a-printf.o)
 .comment       0x0000000000000023       0x24 c:/devtools/intel/intelfpga_lite/18.1/nios2eds/bin/gnu/h-x86_64-mingw32/bin/../lib/gcc/nios2-elf/5.3.0/../../../../../H-x86_64-mingw32/nios2-elf/lib/mno-hw-mul\libsmallc.a(lib_a-vfprintf.o)
 .comment       0x0000000000000023       0x24 c:/devtools/intel/intelfpga_lite/18.1/nios2eds/bin/gnu/h-x86_64-mingw32/bin/../lib/gcc/nios2-elf/5.3.0/../../../../../H-x86_64-mingw32/nios2-elf/lib/mno-hw-mul\libsmallc.a(lib_a-fvwrite_small_dev.o)
 .comment       0x0000000000000023       0x24 c:/devtools/intel/intelfpga_lite/18.1/nios2eds/bin/gnu/h-x86_64-mingw32/bin/../lib/gcc/nios2-elf/5.3.0/../../../../../H-x86_64-mingw32/nios2-elf/lib/mno-hw-mul\libsmallc.a(lib_a-impure.o)
 .comment       0x0000000000000023       0x24 c:/devtools/intel/intelfpga_lite/18.1/nios2eds/bin/gnu/h-x86_64-mingw32/bin/../lib/gcc/nios2-elf/5.3.0/../../../../../H-x86_64-mingw32/nios2-elf/lib/mno-hw-mul\libsmallc.a(lib_a-strlen.o)
 .comment       0x0000000000000023       0x24 c:/devtools/intel/intelfpga_lite/18.1/nios2eds/bin/gnu/h-x86_64-mingw32/bin/../lib/gcc/nios2-elf/5.3.0/../../../../../H-x86_64-mingw32/nios2-elf/lib/mno-hw-mul\libsmallc.a(lib_a-writer.o)
 .comment       0x0000000000000023       0x24 c:/devtools/intel/intelfpga_lite/18.1/nios2eds/bin/gnu/h-x86_64-mingw32/bin/../lib/gcc/nios2-elf/5.3.0/../../../../../H-x86_64-mingw32/nios2-elf/lib/mno-hw-mul\libsmallc.a(lib_a-int_errno.o)
 .comment       0x0000000000000023       0x24 c:/devtools/intel/intelfpga_lite/18.1/nios2eds/bin/gnu/h-x86_64-mingw32/bin/../lib/gcc/nios2-elf/5.3.0/mno-hw-mul\libgcc.a(lib2-divmod.o)
 .comment       0x0000000000000023       0x24 c:/devtools/intel/intelfpga_lite/18.1/nios2eds/bin/gnu/h-x86_64-mingw32/bin/../lib/gcc/nios2-elf/5.3.0/mno-hw-mul\libgcc.a(lib2-mul.o)
 .comment       0x0000000000000023       0x24 C:/Users/SofianeAOUCI/Desktop/BE_VHDL_AOUCI_BONHOURE/BE/SOPC_dev/NIOS/software/NIOS_SoC_BarreFranche_bsp/\libhal_bsp.a(alt_load.o)
 .comment       0x0000000000000023       0x24 C:/Users/SofianeAOUCI/Desktop/BE_VHDL_AOUCI_BONHOURE/BE/SOPC_dev/NIOS/software/NIOS_SoC_BarreFranche_bsp/\libhal_bsp.a(alt_main.o)
 .comment       0x0000000000000023       0x24 C:/Users/SofianeAOUCI/Desktop/BE_VHDL_AOUCI_BONHOURE/BE/SOPC_dev/NIOS/software/NIOS_SoC_BarreFranche_bsp/\libhal_bsp.a(alt_putstr.o)
 .comment       0x0000000000000023       0x24 C:/Users/SofianeAOUCI/Desktop/BE_VHDL_AOUCI_BONHOURE/BE/SOPC_dev/NIOS/software/NIOS_SoC_BarreFranche_bsp/\libhal_bsp.a(alt_write.o)
 .comment       0x0000000000000023       0x24 C:/Users/SofianeAOUCI/Desktop/BE_VHDL_AOUCI_BONHOURE/BE/SOPC_dev/NIOS/software/NIOS_SoC_BarreFranche_bsp/\libhal_bsp.a(alt_sys_init.o)
 .comment       0x0000000000000023       0x24 C:/Users/SofianeAOUCI/Desktop/BE_VHDL_AOUCI_BONHOURE/BE/SOPC_dev/NIOS/software/NIOS_SoC_BarreFranche_bsp/\libhal_bsp.a(altera_avalon_jtag_uart_write.o)
 .comment       0x0000000000000023       0x24 C:/Users/SofianeAOUCI/Desktop/BE_VHDL_AOUCI_BONHOURE/BE/SOPC_dev/NIOS/software/NIOS_SoC_BarreFranche_bsp/\libhal_bsp.a(alt_dcache_flush_all.o)
 .comment       0x0000000000000023       0x24 C:/Users/SofianeAOUCI/Desktop/BE_VHDL_AOUCI_BONHOURE/BE/SOPC_dev/NIOS/software/NIOS_SoC_BarreFranche_bsp/\libhal_bsp.a(alt_errno.o)
 .comment       0x0000000000000023       0x24 C:/Users/SofianeAOUCI/Desktop/BE_VHDL_AOUCI_BONHOURE/BE/SOPC_dev/NIOS/software/NIOS_SoC_BarreFranche_bsp/\libhal_bsp.a(alt_icache_flush_all.o)
 .comment       0x0000000000000023       0x24 C:/Users/SofianeAOUCI/Desktop/BE_VHDL_AOUCI_BONHOURE/BE/SOPC_dev/NIOS/software/NIOS_SoC_BarreFranche_bsp/\libhal_bsp.a(altera_nios2_gen2_irq.o)

.debug
 *(.debug)

.line
 *(.line)

.debug_srcinfo
 *(.debug_srcinfo)

.debug_sfnames
 *(.debug_sfnames)

.debug_aranges  0x0000000000000000      0x2b0
 *(.debug_aranges)
 .debug_aranges
                0x0000000000000000       0x28 C:/Users/SofianeAOUCI/Desktop/BE_VHDL_AOUCI_BONHOURE/BE/SOPC_dev/NIOS/software/NIOS_SoC_BarreFranche_bsp//obj/HAL/src/crt0.o
 .debug_aranges
                0x0000000000000028       0x28 obj/default/hello_world_small.o
 .debug_aranges
                0x0000000000000050       0x28 c:/devtools/intel/intelfpga_lite/18.1/nios2eds/bin/gnu/h-x86_64-mingw32/bin/../lib/gcc/nios2-elf/5.3.0/../../../../../H-x86_64-mingw32/nios2-elf/lib/mno-hw-mul\libsmallc.a(lib_a-printf.o)
 .debug_aranges
                0x0000000000000078       0x30 c:/devtools/intel/intelfpga_lite/18.1/nios2eds/bin/gnu/h-x86_64-mingw32/bin/../lib/gcc/nios2-elf/5.3.0/../../../../../H-x86_64-mingw32/nios2-elf/lib/mno-hw-mul\libsmallc.a(lib_a-vfprintf.o)
 .debug_aranges
                0x00000000000000a8       0x20 c:/devtools/intel/intelfpga_lite/18.1/nios2eds/bin/gnu/h-x86_64-mingw32/bin/../lib/gcc/nios2-elf/5.3.0/../../../../../H-x86_64-mingw32/nios2-elf/lib/mno-hw-mul\libsmallc.a(lib_a-fvwrite_small_dev.o)
 .debug_aranges
                0x00000000000000c8       0x18 c:/devtools/intel/intelfpga_lite/18.1/nios2eds/bin/gnu/h-x86_64-mingw32/bin/../lib/gcc/nios2-elf/5.3.0/../../../../../H-x86_64-mingw32/nios2-elf/lib/mno-hw-mul\libsmallc.a(lib_a-impure.o)
 .debug_aranges
                0x00000000000000e0       0x20 c:/devtools/intel/intelfpga_lite/18.1/nios2eds/bin/gnu/h-x86_64-mingw32/bin/../lib/gcc/nios2-elf/5.3.0/../../../../../H-x86_64-mingw32/nios2-elf/lib/mno-hw-mul\libsmallc.a(lib_a-strlen.o)
 .debug_aranges
                0x0000000000000100       0x20 c:/devtools/intel/intelfpga_lite/18.1/nios2eds/bin/gnu/h-x86_64-mingw32/bin/../lib/gcc/nios2-elf/5.3.0/../../../../../H-x86_64-mingw32/nios2-elf/lib/mno-hw-mul\libsmallc.a(lib_a-writer.o)
 .debug_aranges
                0x0000000000000120       0x18 c:/devtools/intel/intelfpga_lite/18.1/nios2eds/bin/gnu/h-x86_64-mingw32/bin/../lib/gcc/nios2-elf/5.3.0/../../../../../H-x86_64-mingw32/nios2-elf/lib/mno-hw-mul\libsmallc.a(lib_a-int_errno.o)
 .debug_aranges
                0x0000000000000138       0x20 c:/devtools/intel/intelfpga_lite/18.1/nios2eds/bin/gnu/h-x86_64-mingw32/bin/../lib/gcc/nios2-elf/5.3.0/mno-hw-mul\libgcc.a(lib2-divmod.o)
 .debug_aranges
                0x0000000000000158       0x20 c:/devtools/intel/intelfpga_lite/18.1/nios2eds/bin/gnu/h-x86_64-mingw32/bin/../lib/gcc/nios2-elf/5.3.0/mno-hw-mul\libgcc.a(lib2-mul.o)
 .debug_aranges
                0x0000000000000178       0x20 C:/Users/SofianeAOUCI/Desktop/BE_VHDL_AOUCI_BONHOURE/BE/SOPC_dev/NIOS/software/NIOS_SoC_BarreFranche_bsp/\libhal_bsp.a(alt_load.o)
 .debug_aranges
                0x0000000000000198       0x20 C:/Users/SofianeAOUCI/Desktop/BE_VHDL_AOUCI_BONHOURE/BE/SOPC_dev/NIOS/software/NIOS_SoC_BarreFranche_bsp/\libhal_bsp.a(alt_main.o)
 .debug_aranges
                0x00000000000001b8       0x20 C:/Users/SofianeAOUCI/Desktop/BE_VHDL_AOUCI_BONHOURE/BE/SOPC_dev/NIOS/software/NIOS_SoC_BarreFranche_bsp/\libhal_bsp.a(alt_putstr.o)
 .debug_aranges
                0x00000000000001d8       0x20 C:/Users/SofianeAOUCI/Desktop/BE_VHDL_AOUCI_BONHOURE/BE/SOPC_dev/NIOS/software/NIOS_SoC_BarreFranche_bsp/\libhal_bsp.a(alt_write.o)
 .debug_aranges
                0x00000000000001f8       0x20 C:/Users/SofianeAOUCI/Desktop/BE_VHDL_AOUCI_BONHOURE/BE/SOPC_dev/NIOS/software/NIOS_SoC_BarreFranche_bsp/\libhal_bsp.a(alt_sys_init.o)
 .debug_aranges
                0x0000000000000218       0x20 C:/Users/SofianeAOUCI/Desktop/BE_VHDL_AOUCI_BONHOURE/BE/SOPC_dev/NIOS/software/NIOS_SoC_BarreFranche_bsp/\libhal_bsp.a(altera_avalon_jtag_uart_write.o)
 .debug_aranges
                0x0000000000000238       0x20 C:/Users/SofianeAOUCI/Desktop/BE_VHDL_AOUCI_BONHOURE/BE/SOPC_dev/NIOS/software/NIOS_SoC_BarreFranche_bsp/\libhal_bsp.a(alt_dcache_flush_all.o)
 .debug_aranges
                0x0000000000000258       0x18 C:/Users/SofianeAOUCI/Desktop/BE_VHDL_AOUCI_BONHOURE/BE/SOPC_dev/NIOS/software/NIOS_SoC_BarreFranche_bsp/\libhal_bsp.a(alt_errno.o)
 .debug_aranges
                0x0000000000000270       0x20 C:/Users/SofianeAOUCI/Desktop/BE_VHDL_AOUCI_BONHOURE/BE/SOPC_dev/NIOS/software/NIOS_SoC_BarreFranche_bsp/\libhal_bsp.a(alt_icache_flush_all.o)
 .debug_aranges
                0x0000000000000290       0x20 C:/Users/SofianeAOUCI/Desktop/BE_VHDL_AOUCI_BONHOURE/BE/SOPC_dev/NIOS/software/NIOS_SoC_BarreFranche_bsp/\libhal_bsp.a(altera_nios2_gen2_irq.o)

.debug_pubnames
 *(.debug_pubnames)

.debug_info     0x0000000000000000     0x36d1
 *(.debug_info .gnu.linkonce.wi.*)
 .debug_info    0x0000000000000000       0x9d C:/Users/SofianeAOUCI/Desktop/BE_VHDL_AOUCI_BONHOURE/BE/SOPC_dev/NIOS/software/NIOS_SoC_BarreFranche_bsp//obj/HAL/src/crt0.o
 .debug_info    0x000000000000009d      0x1f4 obj/default/hello_world_small.o
 .debug_info    0x0000000000000291      0x699 c:/devtools/intel/intelfpga_lite/18.1/nios2eds/bin/gnu/h-x86_64-mingw32/bin/../lib/gcc/nios2-elf/5.3.0/../../../../../H-x86_64-mingw32/nios2-elf/lib/mno-hw-mul\libsmallc.a(lib_a-printf.o)
 .debug_info    0x000000000000092a      0xb2b c:/devtools/intel/intelfpga_lite/18.1/nios2eds/bin/gnu/h-x86_64-mingw32/bin/../lib/gcc/nios2-elf/5.3.0/../../../../../H-x86_64-mingw32/nios2-elf/lib/mno-hw-mul\libsmallc.a(lib_a-vfprintf.o)
 .debug_info    0x0000000000001455      0x62b c:/devtools/intel/intelfpga_lite/18.1/nios2eds/bin/gnu/h-x86_64-mingw32/bin/../lib/gcc/nios2-elf/5.3.0/../../../../../H-x86_64-mingw32/nios2-elf/lib/mno-hw-mul\libsmallc.a(lib_a-fvwrite_small_dev.o)
 .debug_info    0x0000000000001a80      0x5a9 c:/devtools/intel/intelfpga_lite/18.1/nios2eds/bin/gnu/h-x86_64-mingw32/bin/../lib/gcc/nios2-elf/5.3.0/../../../../../H-x86_64-mingw32/nios2-elf/lib/mno-hw-mul\libsmallc.a(lib_a-impure.o)
 .debug_info    0x0000000000002029       0xc9 c:/devtools/intel/intelfpga_lite/18.1/nios2eds/bin/gnu/h-x86_64-mingw32/bin/../lib/gcc/nios2-elf/5.3.0/../../../../../H-x86_64-mingw32/nios2-elf/lib/mno-hw-mul\libsmallc.a(lib_a-strlen.o)
 .debug_info    0x00000000000020f2      0x630 c:/devtools/intel/intelfpga_lite/18.1/nios2eds/bin/gnu/h-x86_64-mingw32/bin/../lib/gcc/nios2-elf/5.3.0/../../../../../H-x86_64-mingw32/nios2-elf/lib/mno-hw-mul\libsmallc.a(lib_a-writer.o)
 .debug_info    0x0000000000002722       0x8a c:/devtools/intel/intelfpga_lite/18.1/nios2eds/bin/gnu/h-x86_64-mingw32/bin/../lib/gcc/nios2-elf/5.3.0/../../../../../H-x86_64-mingw32/nios2-elf/lib/mno-hw-mul\libsmallc.a(lib_a-int_errno.o)
 .debug_info    0x00000000000027ac      0x2c6 c:/devtools/intel/intelfpga_lite/18.1/nios2eds/bin/gnu/h-x86_64-mingw32/bin/../lib/gcc/nios2-elf/5.3.0/mno-hw-mul\libgcc.a(lib2-divmod.o)
 .debug_info    0x0000000000002a72       0xb4 c:/devtools/intel/intelfpga_lite/18.1/nios2eds/bin/gnu/h-x86_64-mingw32/bin/../lib/gcc/nios2-elf/5.3.0/mno-hw-mul\libgcc.a(lib2-mul.o)
 .debug_info    0x0000000000002b26      0x1c9 C:/Users/SofianeAOUCI/Desktop/BE_VHDL_AOUCI_BONHOURE/BE/SOPC_dev/NIOS/software/NIOS_SoC_BarreFranche_bsp/\libhal_bsp.a(alt_load.o)
 .debug_info    0x0000000000002cef      0x169 C:/Users/SofianeAOUCI/Desktop/BE_VHDL_AOUCI_BONHOURE/BE/SOPC_dev/NIOS/software/NIOS_SoC_BarreFranche_bsp/\libhal_bsp.a(alt_main.o)
 .debug_info    0x0000000000002e58      0x13a C:/Users/SofianeAOUCI/Desktop/BE_VHDL_AOUCI_BONHOURE/BE/SOPC_dev/NIOS/software/NIOS_SoC_BarreFranche_bsp/\libhal_bsp.a(alt_putstr.o)
 .debug_info    0x0000000000002f92      0x1c7 C:/Users/SofianeAOUCI/Desktop/BE_VHDL_AOUCI_BONHOURE/BE/SOPC_dev/NIOS/software/NIOS_SoC_BarreFranche_bsp/\libhal_bsp.a(alt_write.o)
 .debug_info    0x0000000000003159      0x185 C:/Users/SofianeAOUCI/Desktop/BE_VHDL_AOUCI_BONHOURE/BE/SOPC_dev/NIOS/software/NIOS_SoC_BarreFranche_bsp/\libhal_bsp.a(alt_sys_init.o)
 .debug_info    0x00000000000032de      0x197 C:/Users/SofianeAOUCI/Desktop/BE_VHDL_AOUCI_BONHOURE/BE/SOPC_dev/NIOS/software/NIOS_SoC_BarreFranche_bsp/\libhal_bsp.a(altera_avalon_jtag_uart_write.o)
 .debug_info    0x0000000000003475       0x92 C:/Users/SofianeAOUCI/Desktop/BE_VHDL_AOUCI_BONHOURE/BE/SOPC_dev/NIOS/software/NIOS_SoC_BarreFranche_bsp/\libhal_bsp.a(alt_dcache_flush_all.o)
 .debug_info    0x0000000000003507       0xa6 C:/Users/SofianeAOUCI/Desktop/BE_VHDL_AOUCI_BONHOURE/BE/SOPC_dev/NIOS/software/NIOS_SoC_BarreFranche_bsp/\libhal_bsp.a(alt_errno.o)
 .debug_info    0x00000000000035ad       0x92 C:/Users/SofianeAOUCI/Desktop/BE_VHDL_AOUCI_BONHOURE/BE/SOPC_dev/NIOS/software/NIOS_SoC_BarreFranche_bsp/\libhal_bsp.a(alt_icache_flush_all.o)
 .debug_info    0x000000000000363f       0x92 C:/Users/SofianeAOUCI/Desktop/BE_VHDL_AOUCI_BONHOURE/BE/SOPC_dev/NIOS/software/NIOS_SoC_BarreFranche_bsp/\libhal_bsp.a(altera_nios2_gen2_irq.o)

.debug_abbrev   0x0000000000000000     0x1398
 *(.debug_abbrev)
 .debug_abbrev  0x0000000000000000       0x12 C:/Users/SofianeAOUCI/Desktop/BE_VHDL_AOUCI_BONHOURE/BE/SOPC_dev/NIOS/software/NIOS_SoC_BarreFranche_bsp//obj/HAL/src/crt0.o
 .debug_abbrev  0x0000000000000012      0x155 obj/default/hello_world_small.o
 .debug_abbrev  0x0000000000000167      0x1ee c:/devtools/intel/intelfpga_lite/18.1/nios2eds/bin/gnu/h-x86_64-mingw32/bin/../lib/gcc/nios2-elf/5.3.0/../../../../../H-x86_64-mingw32/nios2-elf/lib/mno-hw-mul\libsmallc.a(lib_a-printf.o)
 .debug_abbrev  0x0000000000000355      0x2a1 c:/devtools/intel/intelfpga_lite/18.1/nios2eds/bin/gnu/h-x86_64-mingw32/bin/../lib/gcc/nios2-elf/5.3.0/../../../../../H-x86_64-mingw32/nios2-elf/lib/mno-hw-mul\libsmallc.a(lib_a-vfprintf.o)
 .debug_abbrev  0x00000000000005f6      0x1bc c:/devtools/intel/intelfpga_lite/18.1/nios2eds/bin/gnu/h-x86_64-mingw32/bin/../lib/gcc/nios2-elf/5.3.0/../../../../../H-x86_64-mingw32/nios2-elf/lib/mno-hw-mul\libsmallc.a(lib_a-fvwrite_small_dev.o)
 .debug_abbrev  0x00000000000007b2      0x14a c:/devtools/intel/intelfpga_lite/18.1/nios2eds/bin/gnu/h-x86_64-mingw32/bin/../lib/gcc/nios2-elf/5.3.0/../../../../../H-x86_64-mingw32/nios2-elf/lib/mno-hw-mul\libsmallc.a(lib_a-impure.o)
 .debug_abbrev  0x00000000000008fc       0x7f c:/devtools/intel/intelfpga_lite/18.1/nios2eds/bin/gnu/h-x86_64-mingw32/bin/../lib/gcc/nios2-elf/5.3.0/../../../../../H-x86_64-mingw32/nios2-elf/lib/mno-hw-mul\libsmallc.a(lib_a-strlen.o)
 .debug_abbrev  0x000000000000097b      0x1a6 c:/devtools/intel/intelfpga_lite/18.1/nios2eds/bin/gnu/h-x86_64-mingw32/bin/../lib/gcc/nios2-elf/5.3.0/../../../../../H-x86_64-mingw32/nios2-elf/lib/mno-hw-mul\libsmallc.a(lib_a-writer.o)
 .debug_abbrev  0x0000000000000b21       0x37 c:/devtools/intel/intelfpga_lite/18.1/nios2eds/bin/gnu/h-x86_64-mingw32/bin/../lib/gcc/nios2-elf/5.3.0/../../../../../H-x86_64-mingw32/nios2-elf/lib/mno-hw-mul\libsmallc.a(lib_a-int_errno.o)
 .debug_abbrev  0x0000000000000b58      0x10e c:/devtools/intel/intelfpga_lite/18.1/nios2eds/bin/gnu/h-x86_64-mingw32/bin/../lib/gcc/nios2-elf/5.3.0/mno-hw-mul\libgcc.a(lib2-divmod.o)
 .debug_abbrev  0x0000000000000c66       0x6f c:/devtools/intel/intelfpga_lite/18.1/nios2eds/bin/gnu/h-x86_64-mingw32/bin/../lib/gcc/nios2-elf/5.3.0/mno-hw-mul\libgcc.a(lib2-mul.o)
 .debug_abbrev  0x0000000000000cd5       0xd8 C:/Users/SofianeAOUCI/Desktop/BE_VHDL_AOUCI_BONHOURE/BE/SOPC_dev/NIOS/software/NIOS_SoC_BarreFranche_bsp/\libhal_bsp.a(alt_load.o)
 .debug_abbrev  0x0000000000000dad       0xee C:/Users/SofianeAOUCI/Desktop/BE_VHDL_AOUCI_BONHOURE/BE/SOPC_dev/NIOS/software/NIOS_SoC_BarreFranche_bsp/\libhal_bsp.a(alt_main.o)
 .debug_abbrev  0x0000000000000e9b       0xd3 C:/Users/SofianeAOUCI/Desktop/BE_VHDL_AOUCI_BONHOURE/BE/SOPC_dev/NIOS/software/NIOS_SoC_BarreFranche_bsp/\libhal_bsp.a(alt_putstr.o)
 .debug_abbrev  0x0000000000000f6e      0x12e C:/Users/SofianeAOUCI/Desktop/BE_VHDL_AOUCI_BONHOURE/BE/SOPC_dev/NIOS/software/NIOS_SoC_BarreFranche_bsp/\libhal_bsp.a(alt_write.o)
 .debug_abbrev  0x000000000000109c      0x107 C:/Users/SofianeAOUCI/Desktop/BE_VHDL_AOUCI_BONHOURE/BE/SOPC_dev/NIOS/software/NIOS_SoC_BarreFranche_bsp/\libhal_bsp.a(alt_sys_init.o)
 .debug_abbrev  0x00000000000011a3       0xd5 C:/Users/SofianeAOUCI/Desktop/BE_VHDL_AOUCI_BONHOURE/BE/SOPC_dev/NIOS/software/NIOS_SoC_BarreFranche_bsp/\libhal_bsp.a(altera_avalon_jtag_uart_write.o)
 .debug_abbrev  0x0000000000001278       0x42 C:/Users/SofianeAOUCI/Desktop/BE_VHDL_AOUCI_BONHOURE/BE/SOPC_dev/NIOS/software/NIOS_SoC_BarreFranche_bsp/\libhal_bsp.a(alt_dcache_flush_all.o)
 .debug_abbrev  0x00000000000012ba       0x5a C:/Users/SofianeAOUCI/Desktop/BE_VHDL_AOUCI_BONHOURE/BE/SOPC_dev/NIOS/software/NIOS_SoC_BarreFranche_bsp/\libhal_bsp.a(alt_errno.o)
 .debug_abbrev  0x0000000000001314       0x42 C:/Users/SofianeAOUCI/Desktop/BE_VHDL_AOUCI_BONHOURE/BE/SOPC_dev/NIOS/software/NIOS_SoC_BarreFranche_bsp/\libhal_bsp.a(alt_icache_flush_all.o)
 .debug_abbrev  0x0000000000001356       0x42 C:/Users/SofianeAOUCI/Desktop/BE_VHDL_AOUCI_BONHOURE/BE/SOPC_dev/NIOS/software/NIOS_SoC_BarreFranche_bsp/\libhal_bsp.a(altera_nios2_gen2_irq.o)

.debug_line     0x0000000000000000     0x169a
 *(.debug_line)
 .debug_line    0x0000000000000000       0x66 C:/Users/SofianeAOUCI/Desktop/BE_VHDL_AOUCI_BONHOURE/BE/SOPC_dev/NIOS/software/NIOS_SoC_BarreFranche_bsp//obj/HAL/src/crt0.o
 .debug_line    0x0000000000000066      0x1a7 obj/default/hello_world_small.o
 .debug_line    0x000000000000020d      0x203 c:/devtools/intel/intelfpga_lite/18.1/nios2eds/bin/gnu/h-x86_64-mingw32/bin/../lib/gcc/nios2-elf/5.3.0/../../../../../H-x86_64-mingw32/nios2-elf/lib/mno-hw-mul\libsmallc.a(lib_a-printf.o)
 .debug_line    0x0000000000000410      0x351 c:/devtools/intel/intelfpga_lite/18.1/nios2eds/bin/gnu/h-x86_64-mingw32/bin/../lib/gcc/nios2-elf/5.3.0/../../../../../H-x86_64-mingw32/nios2-elf/lib/mno-hw-mul\libsmallc.a(lib_a-vfprintf.o)
 .debug_line    0x0000000000000761      0x1f0 c:/devtools/intel/intelfpga_lite/18.1/nios2eds/bin/gnu/h-x86_64-mingw32/bin/../lib/gcc/nios2-elf/5.3.0/../../../../../H-x86_64-mingw32/nios2-elf/lib/mno-hw-mul\libsmallc.a(lib_a-fvwrite_small_dev.o)
 .debug_line    0x0000000000000951      0x156 c:/devtools/intel/intelfpga_lite/18.1/nios2eds/bin/gnu/h-x86_64-mingw32/bin/../lib/gcc/nios2-elf/5.3.0/../../../../../H-x86_64-mingw32/nios2-elf/lib/mno-hw-mul\libsmallc.a(lib_a-impure.o)
 .debug_line    0x0000000000000aa7      0x15c c:/devtools/intel/intelfpga_lite/18.1/nios2eds/bin/gnu/h-x86_64-mingw32/bin/../lib/gcc/nios2-elf/5.3.0/../../../../../H-x86_64-mingw32/nios2-elf/lib/mno-hw-mul\libsmallc.a(lib_a-strlen.o)
 .debug_line    0x0000000000000c03      0x1ed c:/devtools/intel/intelfpga_lite/18.1/nios2eds/bin/gnu/h-x86_64-mingw32/bin/../lib/gcc/nios2-elf/5.3.0/../../../../../H-x86_64-mingw32/nios2-elf/lib/mno-hw-mul\libsmallc.a(lib_a-writer.o)
 .debug_line    0x0000000000000df0       0x5f c:/devtools/intel/intelfpga_lite/18.1/nios2eds/bin/gnu/h-x86_64-mingw32/bin/../lib/gcc/nios2-elf/5.3.0/../../../../../H-x86_64-mingw32/nios2-elf/lib/mno-hw-mul\libsmallc.a(lib_a-int_errno.o)
 .debug_line    0x0000000000000e4f      0x105 c:/devtools/intel/intelfpga_lite/18.1/nios2eds/bin/gnu/h-x86_64-mingw32/bin/../lib/gcc/nios2-elf/5.3.0/mno-hw-mul\libgcc.a(lib2-divmod.o)
 .debug_line    0x0000000000000f54       0x80 c:/devtools/intel/intelfpga_lite/18.1/nios2eds/bin/gnu/h-x86_64-mingw32/bin/../lib/gcc/nios2-elf/5.3.0/mno-hw-mul\libgcc.a(lib2-mul.o)
 .debug_line    0x0000000000000fd4       0xa4 C:/Users/SofianeAOUCI/Desktop/BE_VHDL_AOUCI_BONHOURE/BE/SOPC_dev/NIOS/software/NIOS_SoC_BarreFranche_bsp/\libhal_bsp.a(alt_load.o)
 .debug_line    0x0000000000001078       0xbd C:/Users/SofianeAOUCI/Desktop/BE_VHDL_AOUCI_BONHOURE/BE/SOPC_dev/NIOS/software/NIOS_SoC_BarreFranche_bsp/\libhal_bsp.a(alt_main.o)
 .debug_line    0x0000000000001135       0xaf C:/Users/SofianeAOUCI/Desktop/BE_VHDL_AOUCI_BONHOURE/BE/SOPC_dev/NIOS/software/NIOS_SoC_BarreFranche_bsp/\libhal_bsp.a(alt_putstr.o)
 .debug_line    0x00000000000011e4      0x188 C:/Users/SofianeAOUCI/Desktop/BE_VHDL_AOUCI_BONHOURE/BE/SOPC_dev/NIOS/software/NIOS_SoC_BarreFranche_bsp/\libhal_bsp.a(alt_write.o)
 .debug_line    0x000000000000136c      0x101 C:/Users/SofianeAOUCI/Desktop/BE_VHDL_AOUCI_BONHOURE/BE/SOPC_dev/NIOS/software/NIOS_SoC_BarreFranche_bsp/\libhal_bsp.a(alt_sys_init.o)
 .debug_line    0x000000000000146d       0xf0 C:/Users/SofianeAOUCI/Desktop/BE_VHDL_AOUCI_BONHOURE/BE/SOPC_dev/NIOS/software/NIOS_SoC_BarreFranche_bsp/\libhal_bsp.a(altera_avalon_jtag_uart_write.o)
 .debug_line    0x000000000000155d       0x4e C:/Users/SofianeAOUCI/Desktop/BE_VHDL_AOUCI_BONHOURE/BE/SOPC_dev/NIOS/software/NIOS_SoC_BarreFranche_bsp/\libhal_bsp.a(alt_dcache_flush_all.o)
 .debug_line    0x00000000000015ab       0x51 C:/Users/SofianeAOUCI/Desktop/BE_VHDL_AOUCI_BONHOURE/BE/SOPC_dev/NIOS/software/NIOS_SoC_BarreFranche_bsp/\libhal_bsp.a(alt_errno.o)
 .debug_line    0x00000000000015fc       0x4e C:/Users/SofianeAOUCI/Desktop/BE_VHDL_AOUCI_BONHOURE/BE/SOPC_dev/NIOS/software/NIOS_SoC_BarreFranche_bsp/\libhal_bsp.a(alt_icache_flush_all.o)
 .debug_line    0x000000000000164a       0x50 C:/Users/SofianeAOUCI/Desktop/BE_VHDL_AOUCI_BONHOURE/BE/SOPC_dev/NIOS/software/NIOS_SoC_BarreFranche_bsp/\libhal_bsp.a(altera_nios2_gen2_irq.o)

.debug_frame    0x0000000000000000      0x3bc
 *(.debug_frame)
 .debug_frame   0x0000000000000000       0x54 obj/default/hello_world_small.o
 .debug_frame   0x0000000000000054       0x48 c:/devtools/intel/intelfpga_lite/18.1/nios2eds/bin/gnu/h-x86_64-mingw32/bin/../lib/gcc/nios2-elf/5.3.0/../../../../../H-x86_64-mingw32/nios2-elf/lib/mno-hw-mul\libsmallc.a(lib_a-printf.o)
 .debug_frame   0x000000000000009c       0x8c c:/devtools/intel/intelfpga_lite/18.1/nios2eds/bin/gnu/h-x86_64-mingw32/bin/../lib/gcc/nios2-elf/5.3.0/../../../../../H-x86_64-mingw32/nios2-elf/lib/mno-hw-mul\libsmallc.a(lib_a-vfprintf.o)
 .debug_frame   0x0000000000000128       0x58 c:/devtools/intel/intelfpga_lite/18.1/nios2eds/bin/gnu/h-x86_64-mingw32/bin/../lib/gcc/nios2-elf/5.3.0/../../../../../H-x86_64-mingw32/nios2-elf/lib/mno-hw-mul\libsmallc.a(lib_a-fvwrite_small_dev.o)
 .debug_frame   0x0000000000000180       0x20 c:/devtools/intel/intelfpga_lite/18.1/nios2eds/bin/gnu/h-x86_64-mingw32/bin/../lib/gcc/nios2-elf/5.3.0/../../../../../H-x86_64-mingw32/nios2-elf/lib/mno-hw-mul\libsmallc.a(lib_a-strlen.o)
 .debug_frame   0x00000000000001a0       0x38 c:/devtools/intel/intelfpga_lite/18.1/nios2eds/bin/gnu/h-x86_64-mingw32/bin/../lib/gcc/nios2-elf/5.3.0/../../../../../H-x86_64-mingw32/nios2-elf/lib/mno-hw-mul\libsmallc.a(lib_a-writer.o)
 .debug_frame   0x00000000000001d8       0x50 c:/devtools/intel/intelfpga_lite/18.1/nios2eds/bin/gnu/h-x86_64-mingw32/bin/../lib/gcc/nios2-elf/5.3.0/mno-hw-mul\libgcc.a(lib2-divmod.o)
 .debug_frame   0x0000000000000228       0x20 c:/devtools/intel/intelfpga_lite/18.1/nios2eds/bin/gnu/h-x86_64-mingw32/bin/../lib/gcc/nios2-elf/5.3.0/mno-hw-mul\libgcc.a(lib2-mul.o)
 .debug_frame   0x0000000000000248       0x30 C:/Users/SofianeAOUCI/Desktop/BE_VHDL_AOUCI_BONHOURE/BE/SOPC_dev/NIOS/software/NIOS_SoC_BarreFranche_bsp/\libhal_bsp.a(alt_load.o)
 .debug_frame   0x0000000000000278       0x2c C:/Users/SofianeAOUCI/Desktop/BE_VHDL_AOUCI_BONHOURE/BE/SOPC_dev/NIOS/software/NIOS_SoC_BarreFranche_bsp/\libhal_bsp.a(alt_main.o)
 .debug_frame   0x00000000000002a4       0x30 C:/Users/SofianeAOUCI/Desktop/BE_VHDL_AOUCI_BONHOURE/BE/SOPC_dev/NIOS/software/NIOS_SoC_BarreFranche_bsp/\libhal_bsp.a(alt_putstr.o)
 .debug_frame   0x00000000000002d4       0x2c C:/Users/SofianeAOUCI/Desktop/BE_VHDL_AOUCI_BONHOURE/BE/SOPC_dev/NIOS/software/NIOS_SoC_BarreFranche_bsp/\libhal_bsp.a(alt_write.o)
 .debug_frame   0x0000000000000300       0x3c C:/Users/SofianeAOUCI/Desktop/BE_VHDL_AOUCI_BONHOURE/BE/SOPC_dev/NIOS/software/NIOS_SoC_BarreFranche_bsp/\libhal_bsp.a(alt_sys_init.o)
 .debug_frame   0x000000000000033c       0x20 C:/Users/SofianeAOUCI/Desktop/BE_VHDL_AOUCI_BONHOURE/BE/SOPC_dev/NIOS/software/NIOS_SoC_BarreFranche_bsp/\libhal_bsp.a(altera_avalon_jtag_uart_write.o)
 .debug_frame   0x000000000000035c       0x20 C:/Users/SofianeAOUCI/Desktop/BE_VHDL_AOUCI_BONHOURE/BE/SOPC_dev/NIOS/software/NIOS_SoC_BarreFranche_bsp/\libhal_bsp.a(alt_dcache_flush_all.o)
 .debug_frame   0x000000000000037c       0x20 C:/Users/SofianeAOUCI/Desktop/BE_VHDL_AOUCI_BONHOURE/BE/SOPC_dev/NIOS/software/NIOS_SoC_BarreFranche_bsp/\libhal_bsp.a(alt_icache_flush_all.o)
 .debug_frame   0x000000000000039c       0x20 C:/Users/SofianeAOUCI/Desktop/BE_VHDL_AOUCI_BONHOURE/BE/SOPC_dev/NIOS/software/NIOS_SoC_BarreFranche_bsp/\libhal_bsp.a(altera_nios2_gen2_irq.o)

.debug_str      0x0000000000000000      0xfcc
 *(.debug_str)
 .debug_str     0x0000000000000000      0x14d obj/default/hello_world_small.o
                                        0x18b (size before relaxing)
 .debug_str     0x000000000000014d      0x446 c:/devtools/intel/intelfpga_lite/18.1/nios2eds/bin/gnu/h-x86_64-mingw32/bin/../lib/gcc/nios2-elf/5.3.0/../../../../../H-x86_64-mingw32/nios2-elf/lib/mno-hw-mul\libsmallc.a(lib_a-printf.o)
                                        0x504 (size before relaxing)
 .debug_str     0x0000000000000593      0x1ff c:/devtools/intel/intelfpga_lite/18.1/nios2eds/bin/gnu/h-x86_64-mingw32/bin/../lib/gcc/nios2-elf/5.3.0/../../../../../H-x86_64-mingw32/nios2-elf/lib/mno-hw-mul\libsmallc.a(lib_a-vfprintf.o)
                                        0x67f (size before relaxing)
 .debug_str     0x0000000000000792       0x78 c:/devtools/intel/intelfpga_lite/18.1/nios2eds/bin/gnu/h-x86_64-mingw32/bin/../lib/gcc/nios2-elf/5.3.0/../../../../../H-x86_64-mingw32/nios2-elf/lib/mno-hw-mul\libsmallc.a(lib_a-fvwrite_small_dev.o)
                                        0x4d4 (size before relaxing)
 .debug_str     0x000000000000080a       0xef c:/devtools/intel/intelfpga_lite/18.1/nios2eds/bin/gnu/h-x86_64-mingw32/bin/../lib/gcc/nios2-elf/5.3.0/../../../../../H-x86_64-mingw32/nios2-elf/lib/mno-hw-mul\libsmallc.a(lib_a-impure.o)
                                        0x4be (size before relaxing)
 .debug_str     0x00000000000008f9       0xd2 c:/devtools/intel/intelfpga_lite/18.1/nios2eds/bin/gnu/h-x86_64-mingw32/bin/../lib/gcc/nios2-elf/5.3.0/../../../../../H-x86_64-mingw32/nios2-elf/lib/mno-hw-mul\libsmallc.a(lib_a-strlen.o)
                                        0x1e5 (size before relaxing)
 .debug_str     0x00000000000009cb       0x45 c:/devtools/intel/intelfpga_lite/18.1/nios2eds/bin/gnu/h-x86_64-mingw32/bin/../lib/gcc/nios2-elf/5.3.0/../../../../../H-x86_64-mingw32/nios2-elf/lib/mno-hw-mul\libsmallc.a(lib_a-writer.o)
                                        0x4b8 (size before relaxing)
 .debug_str     0x0000000000000a10       0x3f c:/devtools/intel/intelfpga_lite/18.1/nios2eds/bin/gnu/h-x86_64-mingw32/bin/../lib/gcc/nios2-elf/5.3.0/../../../../../H-x86_64-mingw32/nios2-elf/lib/mno-hw-mul\libsmallc.a(lib_a-int_errno.o)
                                        0x1d8 (size before relaxing)
 .debug_str     0x0000000000000a4f      0x187 c:/devtools/intel/intelfpga_lite/18.1/nios2eds/bin/gnu/h-x86_64-mingw32/bin/../lib/gcc/nios2-elf/5.3.0/mno-hw-mul\libgcc.a(lib2-divmod.o)
                                        0x1d2 (size before relaxing)
 .debug_str     0x0000000000000bd6       0x40 c:/devtools/intel/intelfpga_lite/18.1/nios2eds/bin/gnu/h-x86_64-mingw32/bin/../lib/gcc/nios2-elf/5.3.0/mno-hw-mul\libgcc.a(lib2-mul.o)
                                        0x193 (size before relaxing)
 .debug_str     0x0000000000000c16      0x184 C:/Users/SofianeAOUCI/Desktop/BE_VHDL_AOUCI_BONHOURE/BE/SOPC_dev/NIOS/software/NIOS_SoC_BarreFranche_bsp/\libhal_bsp.a(alt_load.o)
                                        0x26b (size before relaxing)
 .debug_str     0x0000000000000d9a       0x8a C:/Users/SofianeAOUCI/Desktop/BE_VHDL_AOUCI_BONHOURE/BE/SOPC_dev/NIOS/software/NIOS_SoC_BarreFranche_bsp/\libhal_bsp.a(alt_main.o)
                                        0x1e4 (size before relaxing)
 .debug_str     0x0000000000000e24       0x58 C:/Users/SofianeAOUCI/Desktop/BE_VHDL_AOUCI_BONHOURE/BE/SOPC_dev/NIOS/software/NIOS_SoC_BarreFranche_bsp/\libhal_bsp.a(alt_putstr.o)
                                        0x1ba (size before relaxing)
 .debug_str     0x0000000000000e7c       0x2c C:/Users/SofianeAOUCI/Desktop/BE_VHDL_AOUCI_BONHOURE/BE/SOPC_dev/NIOS/software/NIOS_SoC_BarreFranche_bsp/\libhal_bsp.a(alt_write.o)
                                        0x208 (size before relaxing)
 .debug_str     0x0000000000000ea8       0x86 C:/Users/SofianeAOUCI/Desktop/BE_VHDL_AOUCI_BONHOURE/BE/SOPC_dev/NIOS/software/NIOS_SoC_BarreFranche_bsp/\libhal_bsp.a(alt_sys_init.o)
                                        0x24e (size before relaxing)
 .debug_str     0x0000000000000f2e       0x2c C:/Users/SofianeAOUCI/Desktop/BE_VHDL_AOUCI_BONHOURE/BE/SOPC_dev/NIOS/software/NIOS_SoC_BarreFranche_bsp/\libhal_bsp.a(altera_avalon_jtag_uart_write.o)
                                        0x244 (size before relaxing)
 .debug_str     0x0000000000000f5a       0x1f C:/Users/SofianeAOUCI/Desktop/BE_VHDL_AOUCI_BONHOURE/BE/SOPC_dev/NIOS/software/NIOS_SoC_BarreFranche_bsp/\libhal_bsp.a(alt_dcache_flush_all.o)
                                        0x184 (size before relaxing)
 .debug_str     0x0000000000000f79       0x14 C:/Users/SofianeAOUCI/Desktop/BE_VHDL_AOUCI_BONHOURE/BE/SOPC_dev/NIOS/software/NIOS_SoC_BarreFranche_bsp/\libhal_bsp.a(alt_errno.o)
                                        0x174 (size before relaxing)
 .debug_str     0x0000000000000f8d       0x1f C:/Users/SofianeAOUCI/Desktop/BE_VHDL_AOUCI_BONHOURE/BE/SOPC_dev/NIOS/software/NIOS_SoC_BarreFranche_bsp/\libhal_bsp.a(alt_icache_flush_all.o)
                                        0x184 (size before relaxing)
 .debug_str     0x0000000000000fac       0x20 C:/Users/SofianeAOUCI/Desktop/BE_VHDL_AOUCI_BONHOURE/BE/SOPC_dev/NIOS/software/NIOS_SoC_BarreFranche_bsp/\libhal_bsp.a(altera_nios2_gen2_irq.o)
                                        0x18b (size before relaxing)

.debug_loc      0x0000000000000000     0x1352
 *(.debug_loc)
 .debug_loc     0x0000000000000000       0x52 obj/default/hello_world_small.o
 .debug_loc     0x0000000000000052       0xc6 c:/devtools/intel/intelfpga_lite/18.1/nios2eds/bin/gnu/h-x86_64-mingw32/bin/../lib/gcc/nios2-elf/5.3.0/../../../../../H-x86_64-mingw32/nios2-elf/lib/mno-hw-mul\libsmallc.a(lib_a-printf.o)
 .debug_loc     0x0000000000000118      0x954 c:/devtools/intel/intelfpga_lite/18.1/nios2eds/bin/gnu/h-x86_64-mingw32/bin/../lib/gcc/nios2-elf/5.3.0/../../../../../H-x86_64-mingw32/nios2-elf/lib/mno-hw-mul\libsmallc.a(lib_a-vfprintf.o)
 .debug_loc     0x0000000000000a6c      0x110 c:/devtools/intel/intelfpga_lite/18.1/nios2eds/bin/gnu/h-x86_64-mingw32/bin/../lib/gcc/nios2-elf/5.3.0/../../../../../H-x86_64-mingw32/nios2-elf/lib/mno-hw-mul\libsmallc.a(lib_a-fvwrite_small_dev.o)
 .debug_loc     0x0000000000000b7c       0x1e c:/devtools/intel/intelfpga_lite/18.1/nios2eds/bin/gnu/h-x86_64-mingw32/bin/../lib/gcc/nios2-elf/5.3.0/../../../../../H-x86_64-mingw32/nios2-elf/lib/mno-hw-mul\libsmallc.a(lib_a-strlen.o)
 .debug_loc     0x0000000000000b9a       0xa5 c:/devtools/intel/intelfpga_lite/18.1/nios2eds/bin/gnu/h-x86_64-mingw32/bin/../lib/gcc/nios2-elf/5.3.0/../../../../../H-x86_64-mingw32/nios2-elf/lib/mno-hw-mul\libsmallc.a(lib_a-writer.o)
 .debug_loc     0x0000000000000c3f      0x4ce c:/devtools/intel/intelfpga_lite/18.1/nios2eds/bin/gnu/h-x86_64-mingw32/bin/../lib/gcc/nios2-elf/5.3.0/mno-hw-mul\libgcc.a(lib2-divmod.o)
 .debug_loc     0x000000000000110d       0x93 c:/devtools/intel/intelfpga_lite/18.1/nios2eds/bin/gnu/h-x86_64-mingw32/bin/../lib/gcc/nios2-elf/5.3.0/mno-hw-mul\libgcc.a(lib2-mul.o)
 .debug_loc     0x00000000000011a0       0x37 C:/Users/SofianeAOUCI/Desktop/BE_VHDL_AOUCI_BONHOURE/BE/SOPC_dev/NIOS/software/NIOS_SoC_BarreFranche_bsp/\libhal_bsp.a(alt_putstr.o)
 .debug_loc     0x00000000000011d7       0xcf C:/Users/SofianeAOUCI/Desktop/BE_VHDL_AOUCI_BONHOURE/BE/SOPC_dev/NIOS/software/NIOS_SoC_BarreFranche_bsp/\libhal_bsp.a(alt_write.o)
 .debug_loc     0x00000000000012a6       0x21 C:/Users/SofianeAOUCI/Desktop/BE_VHDL_AOUCI_BONHOURE/BE/SOPC_dev/NIOS/software/NIOS_SoC_BarreFranche_bsp/\libhal_bsp.a(alt_sys_init.o)
 .debug_loc     0x00000000000012c7       0x8b C:/Users/SofianeAOUCI/Desktop/BE_VHDL_AOUCI_BONHOURE/BE/SOPC_dev/NIOS/software/NIOS_SoC_BarreFranche_bsp/\libhal_bsp.a(altera_avalon_jtag_uart_write.o)

.debug_macinfo
 *(.debug_macinfo)

.debug_weaknames
 *(.debug_weaknames)

.debug_funcnames
 *(.debug_funcnames)

.debug_typenames
 *(.debug_typenames)

.debug_varnames
 *(.debug_varnames)

.debug_alt_sim_info
                0x0000000000000000       0x10
 *(.debug_alt_sim_info)
 .debug_alt_sim_info
                0x0000000000000000       0x10 C:/Users/SofianeAOUCI/Desktop/BE_VHDL_AOUCI_BONHOURE/BE/SOPC_dev/NIOS/software/NIOS_SoC_BarreFranche_bsp//obj/HAL/src/crt0.o
                0x000000000001a000                __alt_data_end = 0x1a000
                0x000000000001a000                PROVIDE (__alt_stack_pointer, __alt_data_end)
                [!provide]                        PROVIDE (__alt_stack_limit, __alt_stack_base)
                [!provide]                        PROVIDE (__alt_heap_start, end)
                [!provide]                        PROVIDE (__alt_heap_limit, 0x1a000)
OUTPUT(NIOS_SoC_BarreFranche.elf elf32-littlenios2)

.debug_ranges   0x0000000000000000      0x240
 .debug_ranges  0x0000000000000000       0x20 C:/Users/SofianeAOUCI/Desktop/BE_VHDL_AOUCI_BONHOURE/BE/SOPC_dev/NIOS/software/NIOS_SoC_BarreFranche_bsp//obj/HAL/src/crt0.o
 .debug_ranges  0x0000000000000020       0x30 obj/default/hello_world_small.o
 .debug_ranges  0x0000000000000050       0x18 c:/devtools/intel/intelfpga_lite/18.1/nios2eds/bin/gnu/h-x86_64-mingw32/bin/../lib/gcc/nios2-elf/5.3.0/../../../../../H-x86_64-mingw32/nios2-elf/lib/mno-hw-mul\libsmallc.a(lib_a-printf.o)
 .debug_ranges  0x0000000000000068       0xc8 c:/devtools/intel/intelfpga_lite/18.1/nios2eds/bin/gnu/h-x86_64-mingw32/bin/../lib/gcc/nios2-elf/5.3.0/../../../../../H-x86_64-mingw32/nios2-elf/lib/mno-hw-mul\libsmallc.a(lib_a-vfprintf.o)
 .debug_ranges  0x0000000000000130       0x28 c:/devtools/intel/intelfpga_lite/18.1/nios2eds/bin/gnu/h-x86_64-mingw32/bin/../lib/gcc/nios2-elf/5.3.0/../../../../../H-x86_64-mingw32/nios2-elf/lib/mno-hw-mul\libsmallc.a(lib_a-fvwrite_small_dev.o)
 .debug_ranges  0x0000000000000158       0x10 c:/devtools/intel/intelfpga_lite/18.1/nios2eds/bin/gnu/h-x86_64-mingw32/bin/../lib/gcc/nios2-elf/5.3.0/../../../../../H-x86_64-mingw32/nios2-elf/lib/mno-hw-mul\libsmallc.a(lib_a-strlen.o)
 .debug_ranges  0x0000000000000168       0x10 c:/devtools/intel/intelfpga_lite/18.1/nios2eds/bin/gnu/h-x86_64-mingw32/bin/../lib/gcc/nios2-elf/5.3.0/../../../../../H-x86_64-mingw32/nios2-elf/lib/mno-hw-mul\libsmallc.a(lib_a-writer.o)
 .debug_ranges  0x0000000000000178       0x60 c:/devtools/intel/intelfpga_lite/18.1/nios2eds/bin/gnu/h-x86_64-mingw32/bin/../lib/gcc/nios2-elf/5.3.0/mno-hw-mul\libgcc.a(lib2-divmod.o)
 .debug_ranges  0x00000000000001d8       0x48 C:/Users/SofianeAOUCI/Desktop/BE_VHDL_AOUCI_BONHOURE/BE/SOPC_dev/NIOS/software/NIOS_SoC_BarreFranche_bsp/\libhal_bsp.a(alt_load.o)
 .debug_ranges  0x0000000000000220       0x20 C:/Users/SofianeAOUCI/Desktop/BE_VHDL_AOUCI_BONHOURE/BE/SOPC_dev/NIOS/software/NIOS_SoC_BarreFranche_bsp/\libhal_bsp.a(alt_write.o)
