Archive member included to satisfy reference by file (symbol)

c:/devtools/intel/intelfpga_lite/18.1/nios2eds/bin/gnu/h-x86_64-mingw32/bin/../lib/gcc/nios2-elf/5.3.0/../../../../../H-x86_64-mingw32/nios2-elf/lib/mno-hw-mul\libsmallc.a(lib_a-printf.o)
                              obj/default/hello_world_small.o (printf)
c:/devtools/intel/intelfpga_lite/18.1/nios2eds/bin/gnu/h-x86_64-mingw32/bin/../lib/gcc/nios2-elf/5.3.0/../../../../../H-x86_64-mingw32/nios2-elf/lib/mno-hw-mul\libsmallc.a(lib_a-vfprintf.o)
                              c:/devtools/intel/intelfpga_lite/18.1/nios2eds/bin/gnu/h-x86_64-mingw32/bin/../lib/gcc/nios2-elf/5.3.0/../../../../../H-x86_64-mingw32/nios2-elf/lib/mno-hw-mul\libsmallc.a(lib_a-printf.o) (___vfprintf_internal_r)
c:/devtools/intel/intelfpga_lite/18.1/nios2eds/bin/gnu/h-x86_64-mingw32/bin/../lib/gcc/nios2-elf/5.3.0/../../../../../H-x86_64-mingw32/nios2-elf/lib/mno-hw-mul\libsmallc.a(lib_a-fvwrite_small_dev.o)
                              c:/devtools/intel/intelfpga_lite/18.1/nios2eds/bin/gnu/h-x86_64-mingw32/bin/../lib/gcc/nios2-elf/5.3.0/../../../../../H-x86_64-mingw32/nios2-elf/lib/mno-hw-mul\libsmallc.a(lib_a-printf.o) (__sfvwrite_small_dev)
c:/devtools/intel/intelfpga_lite/18.1/nios2eds/bin/gnu/h-x86_64-mingw32/bin/../lib/gcc/nios2-elf/5.3.0/../../../../../H-x86_64-mingw32/nios2-elf/lib/mno-hw-mul\libsmallc.a(lib_a-impure.o)
                              c:/devtools/intel/intelfpga_lite/18.1/nios2eds/bin/gnu/h-x86_64-mingw32/bin/../lib/gcc/nios2-elf/5.3.0/../../../../../H-x86_64-mingw32/nios2-elf/lib/mno-hw-mul\libsmallc.a(lib_a-printf.o) (_impure_ptr)
c:/devtools/intel/intelfpga_lite/18.1/nios2eds/bin/gnu/h-x86_64-mingw32/bin/../lib/gcc/nios2-elf/5.3.0/../../../../../H-x86_64-mingw32/nios2-elf/lib/mno-hw-mul\libsmallc.a(lib_a-strlen.o)
                              c:/devtools/intel/intelfpga_lite/18.1/nios2eds/bin/gnu/h-x86_64-mingw32/bin/../lib/gcc/nios2-elf/5.3.0/../../../../../H-x86_64-mingw32/nios2-elf/lib/mno-hw-mul\libsmallc.a(lib_a-vfprintf.o) (strlen)
c:/devtools/intel/intelfpga_lite/18.1/nios2eds/bin/gnu/h-x86_64-mingw32/bin/../lib/gcc/nios2-elf/5.3.0/../../../../../H-x86_64-mingw32/nios2-elf/lib/mno-hw-mul\libsmallc.a(lib_a-writer.o)
                              c:/devtools/intel/intelfpga_lite/18.1/nios2eds/bin/gnu/h-x86_64-mingw32/bin/../lib/gcc/nios2-elf/5.3.0/../../../../../H-x86_64-mingw32/nios2-elf/lib/mno-hw-mul\libsmallc.a(lib_a-fvwrite_small_dev.o) (_write_r)
c:/devtools/intel/intelfpga_lite/18.1/nios2eds/bin/gnu/h-x86_64-mingw32/bin/../lib/gcc/nios2-elf/5.3.0/../../../../../H-x86_64-mingw32/nios2-elf/lib/mno-hw-mul\libsmallc.a(lib_a-int_errno.o)
                              c:/devtools/intel/intelfpga_lite/18.1/nios2eds/bin/gnu/h-x86_64-mingw32/bin/../lib/gcc/nios2-elf/5.3.0/../../../../../H-x86_64-mingw32/nios2-elf/lib/mno-hw-mul\libsmallc.a(lib_a-writer.o) (errno)
c:/devtools/intel/intelfpga_lite/18.1/nios2eds/bin/gnu/h-x86_64-mingw32/bin/../lib/gcc/nios2-elf/5.3.0/mno-hw-mul\libgcc.a(lib2-divmod.o)
                              c:/devtools/intel/intelfpga_lite/18.1/nios2eds/bin/gnu/h-x86_64-mingw32/bin/../lib/gcc/nios2-elf/5.3.0/../../../../../H-x86_64-mingw32/nios2-elf/lib/mno-hw-mul\libsmallc.a(lib_a-vfprintf.o) (__udivsi3)
c:/devtools/intel/intelfpga_lite/18.1/nios2eds/bin/gnu/h-x86_64-mingw32/bin/../lib/gcc/nios2-elf/5.3.0/mno-hw-mul\libgcc.a(lib2-mul.o)
                              c:/devtools/intel/intelfpga_lite/18.1/nios2eds/bin/gnu/h-x86_64-mingw32/bin/../lib/gcc/nios2-elf/5.3.0/../../../../../H-x86_64-mingw32/nios2-elf/lib/mno-hw-mul\libsmallc.a(lib_a-vfprintf.o) (__mulsi3)
C:/Users/SofianeAOUCI/Desktop/BE_VHDL_AOUCI_BONHOURE/BE/SOPC_dev/NIOS/software/NIOS_SoC_BarreFranche_bsp/\libhal_bsp.a(alt_load.o)
                              C:/Users/SofianeAOUCI/Desktop/BE_VHDL_AOUCI_BONHOURE/BE/SOPC_dev/NIOS/software/NIOS_SoC_BarreFranche_bsp//obj/HAL/src/crt0.o (alt_load)
C:/Users/SofianeAOUCI/Desktop/BE_VHDL_AOUCI_BONHOURE/BE/SOPC_dev/NIOS/software/NIOS_SoC_BarreFranche_bsp/\libhal_bsp.a(alt_main.o)
                              C:/Users/SofianeAOUCI/Desktop/BE_VHDL_AOUCI_BONHOURE/BE/SOPC_dev/NIOS/software/NIOS_SoC_BarreFranche_bsp//obj/HAL/src/crt0.o (alt_main)
C:/Users/SofianeAOUCI/Desktop/BE_VHDL_AOUCI_BONHOURE/BE/SOPC_dev/NIOS/software/NIOS_SoC_BarreFranche_bsp/\libhal_bsp.a(alt_putstr.o)
                              obj/default/hello_world_small.o (alt_putstr)
C:/Users/SofianeAOUCI/Desktop/BE_VHDL_AOUCI_BONHOURE/BE/SOPC_dev/NIOS/software/NIOS_SoC_BarreFranche_bsp/\libhal_bsp.a(alt_write.o)
                              c:/devtools/intel/intelfpga_lite/18.1/nios2eds/bin/gnu/h-x86_64-mingw32/bin/../lib/gcc/nios2-elf/5.3.0/../../../../../H-x86_64-mingw32/nios2-elf/lib/mno-hw-mul\libsmallc.a(lib_a-writer.o) (write)
C:/Users/SofianeAOUCI/Desktop/BE_VHDL_AOUCI_BONHOURE/BE/SOPC_dev/NIOS/software/NIOS_SoC_BarreFranche_bsp/\libhal_bsp.a(alt_sys_init.o)
                              C:/Users/SofianeAOUCI/Desktop/BE_VHDL_AOUCI_BONHOURE/BE/SOPC_dev/NIOS/software/NIOS_SoC_BarreFranche_bsp/\libhal_bsp.a(alt_main.o) (alt_irq_init)
C:/Users/SofianeAOUCI/Desktop/BE_VHDL_AOUCI_BONHOURE/BE/SOPC_dev/NIOS/software/NIOS_SoC_BarreFranche_bsp/\libhal_bsp.a(altera_avalon_jtag_uart_write.o)
                              C:/Users/SofianeAOUCI/Desktop/BE_VHDL_AOUCI_BONHOURE/BE/SOPC_dev/NIOS/software/NIOS_SoC_BarreFranche_bsp/\libhal_bsp.a(alt_putstr.o) (altera_avalon_jtag_uart_write)
C:/Users/SofianeAOUCI/Desktop/BE_VHDL_AOUCI_BONHOURE/BE/SOPC_dev/NIOS/software/NIOS_SoC_BarreFranche_bsp/\libhal_bsp.a(alt_dcache_flush_all.o)
                              C:/Users/SofianeAOUCI/Desktop/BE_VHDL_AOUCI_BONHOURE/BE/SOPC_dev/NIOS/software/NIOS_SoC_BarreFranche_bsp/\libhal_bsp.a(alt_load.o) (alt_dcache_flush_all)
C:/Users/SofianeAOUCI/Desktop/BE_VHDL_AOUCI_BONHOURE/BE/SOPC_dev/NIOS/software/NIOS_SoC_BarreFranche_bsp/\libhal_bsp.a(alt_errno.o)
                              C:/Users/SofianeAOUCI/Desktop/BE_VHDL_AOUCI_BONHOURE/BE/SOPC_dev/NIOS/software/NIOS_SoC_BarreFranche_bsp/\libhal_bsp.a(alt_write.o) (alt_errno)
C:/Users/SofianeAOUCI/Desktop/BE_VHDL_AOUCI_BONHOURE/BE/SOPC_dev/NIOS/software/NIOS_SoC_BarreFranche_bsp/\libhal_bsp.a(alt_icache_flush_all.o)
                              C:/Users/SofianeAOUCI/Desktop/BE_VHDL_AOUCI_BONHOURE/BE/SOPC_dev/NIOS/software/NIOS_SoC_BarreFranche_bsp/\libhal_bsp.a(alt_load.o) (alt_icache_flush_all)
C:/Users/SofianeAOUCI/Desktop/BE_VHDL_AOUCI_BONHOURE/BE/SOPC_dev/NIOS/software/NIOS_SoC_BarreFranche_bsp/\libhal_bsp.a(altera_nios2_gen2_irq.o)
                              C:/Users/SofianeAOUCI/Desktop/BE_VHDL_AOUCI_BONHOURE/BE/SOPC_dev/NIOS/software/NIOS_SoC_BarreFranche_bsp/\libhal_bsp.a(alt_sys_init.o) (altera_nios2_gen2_irq_init)

Allocating common symbols
Common symbol       size              file

errno               0x4               c:/devtools/intel/intelfpga_lite/18.1/nios2eds/bin/gnu/h-x86_64-mingw32/bin/../lib/gcc/nios2-elf/5.3.0/../../../../../H-x86_64-mingw32/nios2-elf/lib/mno-hw-mul\libsmallc.a(lib_a-int_errno.o)

Memory Configuration

Name             Origin             Length             Attributes
reset            0x0000000000010000 0x0000000000000020
SRAM             0x0000000000010020 0x0000000000009fe0
*default*        0x0000000000000000 0xffffffffffffffff

Linker script and memory map

LOAD C:/Users/SofianeAOUCI/Desktop/BE_VHDL_AOUCI_BONHOURE/BE/SOPC_dev/NIOS/software/NIOS_SoC_BarreFranche_bsp//obj/HAL/src/crt0.o
LOAD obj/default/hello_world_small.o
LOAD c:/devtools/intel/intelfpga_lite/18.1/nios2eds/bin/gnu/h-x86_64-mingw32/bin/../lib/gcc/nios2-elf/5.3.0/../../../../../H-x86_64-mingw32/nios2-elf/lib/mno-hw-mul\libstdc++.a
LOAD c:/devtools/intel/intelfpga_lite/18.1/nios2eds/bin/gnu/h-x86_64-mingw32/bin/../lib/gcc/nios2-elf/5.3.0/../../../../../H-x86_64-mingw32/nios2-elf/lib/mno-hw-mul\libm.a
LOAD c:/devtools/intel/intelfpga_lite/18.1/nios2eds/bin/gnu/h-x86_64-mingw32/bin/../lib/gcc/nios2-elf/5.3.0/mno-hw-mul\libgcc.a
START GROUP
LOAD c:/devtools/intel/intelfpga_lite/18.1/nios2eds/bin/gnu/h-x86_64-mingw32/bin/../lib/gcc/nios2-elf/5.3.0/../../../../../H-x86_64-mingw32/nios2-elf/lib/mno-hw-mul\libsmallc.a
LOAD c:/devtools/intel/intelfpga_lite/18.1/nios2eds/bin/gnu/h-x86_64-mingw32/bin/../lib/gcc/nios2-elf/5.3.0/mno-hw-mul\libgcc.a
LOAD C:/Users/SofianeAOUCI/Desktop/BE_VHDL_AOUCI_BONHOURE/BE/SOPC_dev/NIOS/software/NIOS_SoC_BarreFranche_bsp/\libhal_bsp.a
LOAD c:/devtools/intel/intelfpga_lite/18.1/nios2eds/bin/gnu/h-x86_64-mingw32/bin/../lib/gcc/nios2-elf/5.3.0/../../../../../H-x86_64-mingw32/nios2-elf/lib/mno-hw-mul\libm.a
END GROUP
LOAD c:/devtools/intel/intelfpga_lite/18.1/nios2eds/bin/gnu/h-x86_64-mingw32/bin/../lib/gcc/nios2-elf/5.3.0/mno-hw-mul\libgcc.a
                0x0000000000010000                __alt_mem_SRAM = 0x10000

.entry          0x0000000000010000       0x20
 *(.entry)
 .entry         0x0000000000010000       0x20 C:/Users/SofianeAOUCI/Desktop/BE_VHDL_AOUCI_BONHOURE/BE/SOPC_dev/NIOS/software/NIOS_SoC_BarreFranche_bsp//obj/HAL/src/crt0.o
                0x0000000000010000                __reset
                0x000000000001000c                _exit

.exceptions     0x0000000000010020        0x0
                0x0000000000010020                PROVIDE (__ram_exceptions_start, ABSOLUTE (.))
                0x0000000000010020                . = ALIGN (0x20)
 *(.irq)
 *(.exceptions.entry.label)
 *(.exceptions.entry.user)
 *(.exceptions.entry.ecc_fatal)
 *(.exceptions.entry)
 *(.exceptions.irqtest.user)
 *(.exceptions.irqtest)
 *(.exceptions.irqhandler.user)
 *(.exceptions.irqhandler)
 *(.exceptions.irqreturn.user)
 *(.exceptions.irqreturn)
 *(.exceptions.notirq.label)
 *(.exceptions.notirq.user)
 *(.exceptions.notirq)
 *(.exceptions.soft.user)
 *(.exceptions.soft)
 *(.exceptions.unknown.user)
 *(.exceptions.unknown)
 *(.exceptions.exit.label)
 *(.exceptions.exit.user)
 *(.exceptions.exit)
 *(.exceptions)
                0x0000000000010020                PROVIDE (__ram_exceptions_end, ABSOLUTE (.))
                0x0000000000010020                PROVIDE (__flash_exceptions_start, LOADADDR (.exceptions))

.text           0x0000000000010020      0xc68
                [!provide]                        PROVIDE (stext, ABSOLUTE (.))
 *(.interp)
 *(.hash)
 *(.dynsym)
 *(.dynstr)
 *(.gnu.version)
 *(.gnu.version_d)
 *(.gnu.version_r)
 *(.rel.init)
 *(.rela.init)
 *(.rel.text .rel.text.* .rel.gnu.linkonce.t.*)
 *(.rela.text .rela.text.* .rela.gnu.linkonce.t.*)
 *(.rel.fini)
 *(.rela.fini)
 *(.rel.rodata .rel.rodata.* .rel.gnu.linkonce.r.*)
 *(.rela.rodata .rela.rodata.* .rela.gnu.linkonce.r.*)
 *(.rel.data .rel.data.* .rel.gnu.linkonce.d.*)
 *(.rela.data .rela.data.* .rela.gnu.linkonce.d.*)
 *(.rel.tdata .rel.tdata.* .rel.gnu.linkonce.td.*)
 *(.rela.tdata .rela.tdata.* .rela.gnu.linkonce.td.*)
 *(.rel.tbss .rel.tbss.* .rel.gnu.linkonce.tb.*)
 *(.rela.tbss .rela.tbss.* .rela.gnu.linkonce.tb.*)
 *(.rel.ctors)
 *(.rela.ctors)
 *(.rel.dtors)
 *(.rela.dtors)
 *(.rel.got)
 *(.rela.got)
 *(.rel.sdata .rel.sdata.* .rel.gnu.linkonce.s.*)
 *(.rela.sdata .rela.sdata.* .rela.gnu.linkonce.s.*)
 *(.rel.sbss .rel.sbss.* .rel.gnu.linkonce.sb.*)
 *(.rela.sbss .rela.sbss.* .rela.gnu.linkonce.sb.*)
 *(.rel.sdata2 .rel.sdata2.* .rel.gnu.linkonce.s2.*)
 *(.rela.sdata2 .rela.sdata2.* .rela.gnu.linkonce.s2.*)
 *(.rel.sbss2 .rel.sbss2.* .rel.gnu.linkonce.sb2.*)
 *(.rela.sbss2 .rela.sbss2.* .rela.gnu.linkonce.sb2.*)
 *(.rel.bss .rel.bss.* .rel.gnu.linkonce.b.*)
 *(.rela.bss .rela.bss.* .rela.gnu.linkonce.b.*)
 *(.rel.plt)
 *(.rela.plt)
 *(.rel.dyn)
 *(.init)
 *(.plt)
 *(.text .stub .text.* .gnu.linkonce.t.*)
 .text          0x0000000000010020       0x3c C:/Users/SofianeAOUCI/Desktop/BE_VHDL_AOUCI_BONHOURE/BE/SOPC_dev/NIOS/software/NIOS_SoC_BarreFranche_bsp//obj/HAL/src/crt0.o
                0x0000000000010020                _start
 .text          0x000000000001005c       0x20 obj/default/hello_world_small.o
                0x000000000001005c                delay
 .text.startup  0x000000000001007c       0xbc obj/default/hello_world_small.o
                0x000000000001007c                main
 .text          0x0000000000010138        0x0 c:/devtools/intel/intelfpga_lite/18.1/nios2eds/bin/gnu/h-x86_64-mingw32/bin/../lib/gcc/nios2-elf/5.3.0/../../../../../H-x86_64-mingw32/nios2-elf/lib/mno-hw-mul\libsmallc.a(lib_a-printf.o)
 .text._printf_r
                0x0000000000010138       0x3c c:/devtools/intel/intelfpga_lite/18.1/nios2eds/bin/gnu/h-x86_64-mingw32/bin/../lib/gcc/nios2-elf/5.3.0/../../../../../H-x86_64-mingw32/nios2-elf/lib/mno-hw-mul\libsmallc.a(lib_a-printf.o)
                0x0000000000010138                _printf_r
 .text.printf   0x0000000000010174       0x4c c:/devtools/intel/intelfpga_lite/18.1/nios2eds/bin/gnu/h-x86_64-mingw32/bin/../lib/gcc/nios2-elf/5.3.0/../../../../../H-x86_64-mingw32/nios2-elf/lib/mno-hw-mul\libsmallc.a(lib_a-printf.o)
                0x0000000000010174                printf
 .text          0x00000000000101c0        0x0 c:/devtools/intel/intelfpga_lite/18.1/nios2eds/bin/gnu/h-x86_64-mingw32/bin/../lib/gcc/nios2-elf/5.3.0/../../../../../H-x86_64-mingw32/nios2-elf/lib/mno-hw-mul\libsmallc.a(lib_a-vfprintf.o)
 .text.print_repeat
                0x00000000000101c0       0x6c c:/devtools/intel/intelfpga_lite/18.1/nios2eds/bin/gnu/h-x86_64-mingw32/bin/../lib/gcc/nios2-elf/5.3.0/../../../../../H-x86_64-mingw32/nios2-elf/lib/mno-hw-mul\libsmallc.a(lib_a-vfprintf.o)
 .text.___vfprintf_internal_r
                0x000000000001022c      0x52c c:/devtools/intel/intelfpga_lite/18.1/nios2eds/bin/gnu/h-x86_64-mingw32/bin/../lib/gcc/nios2-elf/5.3.0/../../../../../H-x86_64-mingw32/nios2-elf/lib/mno-hw-mul\libsmallc.a(lib_a-vfprintf.o)
                0x000000000001022c                ___vfprintf_internal_r
 .text.__vfprintf_internal
                0x0000000000010758       0x1c c:/devtools/intel/intelfpga_lite/18.1/nios2eds/bin/gnu/h-x86_64-mingw32/bin/../lib/gcc/nios2-elf/5.3.0/../../../../../H-x86_64-mingw32/nios2-elf/lib/mno-hw-mul\libsmallc.a(lib_a-vfprintf.o)
                0x0000000000010758                __vfprintf_internal
 .text          0x0000000000010774        0x0 c:/devtools/intel/intelfpga_lite/18.1/nios2eds/bin/gnu/h-x86_64-mingw32/bin/../lib/gcc/nios2-elf/5.3.0/../../../../../H-x86_64-mingw32/nios2-elf/lib/mno-hw-mul\libsmallc.a(lib_a-fvwrite_small_dev.o)
 .text.__sfvwrite_small_dev
                0x0000000000010774       0xb8 c:/devtools/intel/intelfpga_lite/18.1/nios2eds/bin/gnu/h-x86_64-mingw32/bin/../lib/gcc/nios2-elf/5.3.0/../../../../../H-x86_64-mingw32/nios2-elf/lib/mno-hw-mul\libsmallc.a(lib_a-fvwrite_small_dev.o)
                0x0000000000010774                __sfvwrite_small_dev
 .text          0x000000000001082c        0x0 c:/devtools/intel/intelfpga_lite/18.1/nios2eds/bin/gnu/h-x86_64-mingw32/bin/../lib/gcc/nios2-elf/5.3.0/../../../../../H-x86_64-mingw32/nios2-elf/lib/mno-hw-mul\libsmallc.a(lib_a-impure.o)
 .text          0x000000000001082c        0x0 c:/devtools/intel/intelfpga_lite/18.1/nios2eds/bin/gnu/h-x86_64-mingw32/bin/../lib/gcc/nios2-elf/5.3.0/../../../../../H-x86_64-mingw32/nios2-elf/lib/mno-hw-mul\libsmallc.a(lib_a-strlen.o)
 .text.strlen   0x000000000001082c       0x1c c:/devtools/intel/intelfpga_lite/18.1/nios2eds/bin/gnu/h-x86_64-mingw32/bin/../lib/gcc/nios2-elf/5.3.0/../../../../../H-x86_64-mingw32/nios2-elf/lib/mno-hw-mul\libsmallc.a(lib_a-strlen.o)
                0x000000000001082c                strlen
 .text          0x0000000000010848        0x0 c:/devtools/intel/intelfpga_lite/18.1/nios2eds/bin/gnu/h-x86_64-mingw32/bin/../lib/gcc/nios2-elf/5.3.0/../../../../../H-x86_64-mingw32/nios2-elf/lib/mno-hw-mul\libsmallc.a(lib_a-writer.o)
 .text._write_r
                0x0000000000010848       0x58 c:/devtools/intel/intelfpga_lite/18.1/nios2eds/bin/gnu/h-x86_64-mingw32/bin/../lib/gcc/nios2-elf/5.3.0/../../../../../H-x86_64-mingw32/nios2-elf/lib/mno-hw-mul\libsmallc.a(lib_a-writer.o)
                0x0000000000010848                _write_r
 .text          0x00000000000108a0        0x0 c:/devtools/intel/intelfpga_lite/18.1/nios2eds/bin/gnu/h-x86_64-mingw32/bin/../lib/gcc/nios2-elf/5.3.0/../../../../../H-x86_64-mingw32/nios2-elf/lib/mno-hw-mul\libsmallc.a(lib_a-int_errno.o)
 .text          0x00000000000108a0      0x1b4 c:/devtools/intel/intelfpga_lite/18.1/nios2eds/bin/gnu/h-x86_64-mingw32/bin/../lib/gcc/nios2-elf/5.3.0/mno-hw-mul\libgcc.a(lib2-divmod.o)
                0x00000000000108a0                __divsi3
                0x0000000000010924                __modsi3
                0x0000000000010998                __udivsi3
                0x00000000000109fc                __umodsi3
 .text          0x0000000000010a54       0x28 c:/devtools/intel/intelfpga_lite/18.1/nios2eds/bin/gnu/h-x86_64-mingw32/bin/../lib/gcc/nios2-elf/5.3.0/mno-hw-mul\libgcc.a(lib2-mul.o)
                0x0000000000010a54                __mulsi3
 .text          0x0000000000010a7c       0xe0 C:/Users/SofianeAOUCI/Desktop/BE_VHDL_AOUCI_BONHOURE/BE/SOPC_dev/NIOS/software/NIOS_SoC_BarreFranche_bsp/\libhal_bsp.a(alt_load.o)
                0x0000000000010a7c                alt_load
 .text          0x0000000000010b5c       0x2c C:/Users/SofianeAOUCI/Desktop/BE_VHDL_AOUCI_BONHOURE/BE/SOPC_dev/NIOS/software/NIOS_SoC_BarreFranche_bsp/\libhal_bsp.a(alt_main.o)
                0x0000000000010b5c                alt_main
 .text          0x0000000000010b88       0x38 C:/Users/SofianeAOUCI/Desktop/BE_VHDL_AOUCI_BONHOURE/BE/SOPC_dev/NIOS/software/NIOS_SoC_BarreFranche_bsp/\libhal_bsp.a(alt_putstr.o)
                0x0000000000010b88                alt_putstr
 .text          0x0000000000010bc0       0x60 C:/Users/SofianeAOUCI/Desktop/BE_VHDL_AOUCI_BONHOURE/BE/SOPC_dev/NIOS/software/NIOS_SoC_BarreFranche_bsp/\libhal_bsp.a(alt_write.o)
                0x0000000000010bc0                write
 .text          0x0000000000010c20       0x24 C:/Users/SofianeAOUCI/Desktop/BE_VHDL_AOUCI_BONHOURE/BE/SOPC_dev/NIOS/software/NIOS_SoC_BarreFranche_bsp/\libhal_bsp.a(alt_sys_init.o)
                0x0000000000010c20                alt_irq_init
                0x0000000000010c40                alt_sys_init
 .text          0x0000000000010c44       0x34 C:/Users/SofianeAOUCI/Desktop/BE_VHDL_AOUCI_BONHOURE/BE/SOPC_dev/NIOS/software/NIOS_SoC_BarreFranche_bsp/\libhal_bsp.a(altera_avalon_jtag_uart_write.o)
                0x0000000000010c44                altera_avalon_jtag_uart_write
 .text          0x0000000000010c78        0x4 C:/Users/SofianeAOUCI/Desktop/BE_VHDL_AOUCI_BONHOURE/BE/SOPC_dev/NIOS/software/NIOS_SoC_BarreFranche_bsp/\libhal_bsp.a(alt_dcache_flush_all.o)
                0x0000000000010c78                alt_dcache_flush_all
 .text          0x0000000000010c7c        0x0 C:/Users/SofianeAOUCI/Desktop/BE_VHDL_AOUCI_BONHOURE/BE/SOPC_dev/NIOS/software/NIOS_SoC_BarreFranche_bsp/\libhal_bsp.a(alt_errno.o)
 .text          0x0000000000010c7c        0x4 C:/Users/SofianeAOUCI/Desktop/BE_VHDL_AOUCI_BONHOURE/BE/SOPC_dev/NIOS/software/NIOS_SoC_BarreFranche_bsp/\libhal_bsp.a(alt_icache_flush_all.o)
                0x0000000000010c7c                alt_icache_flush_all
 .text          0x0000000000010c80        0x8 C:/Users/SofianeAOUCI/Desktop/BE_VHDL_AOUCI_BONHOURE/BE/SOPC_dev/NIOS/software/NIOS_SoC_BarreFranche_bsp/\libhal_bsp.a(altera_nios2_gen2_irq.o)
                0x0000000000010c80                altera_nios2_gen2_irq_init
 *(.gnu.warning.*)
 *(.fini)
                [!provide]                        PROVIDE (__etext, ABSOLUTE (.))
                [!provide]                        PROVIDE (_etext, ABSOLUTE (.))
                [!provide]                        PROVIDE (etext, ABSOLUTE (.))
 *(.eh_frame_hdr)
                0x0000000000010c88                . = ALIGN (0x4)
                [!provide]                        PROVIDE (__preinit_array_start, ABSOLUTE (.))
 *(.preinit_array)
                [!provide]                        PROVIDE (__preinit_array_end, ABSOLUTE (.))
                [!provide]                        PROVIDE (__init_array_start, ABSOLUTE (.))
 *(.init_array)
                [!provide]                        PROVIDE (__init_array_end, ABSOLUTE (.))
                [!provide]                        PROVIDE (__fini_array_start, ABSOLUTE (.))
 *(.fini_array)
                [!provide]                        PROVIDE (__fini_array_end, ABSOLUTE (.))
 *(.eh_frame)
 *(.gcc_except_table .gcc_except_table.*)
 *(.dynamic)
                [!provide]                        PROVIDE (__CTOR_LIST__, ABSOLUTE (.))
 *(.ctors)
 *(SORT(.ctors.*))
                [!provide]                        PROVIDE (__CTOR_END__, ABSOLUTE (.))
                [!provide]                        PROVIDE (__DTOR_LIST__, ABSOLUTE (.))
 *(.dtors)
 *(SORT(.dtors.*))
                [!provide]                        PROVIDE (__DTOR_END__, ABSOLUTE (.))
 *(.jcr)
                0x0000000000010c88                . = ALIGN (0x4)

.rodata         0x0000000000010c88       0x2c
                0x0000000000010c88                PROVIDE (__ram_rodata_start, ABSOLUTE (.))
                0x0000000000010c88                . = ALIGN (0x4)
 *(.rodata .rodata.* .gnu.linkonce.r.*)
 .rodata.str1.4
                0x0000000000010c88       0x2c obj/default/hello_world_small.o
                                         0x2b (size before relaxing)
 *(.rodata1)
                0x0000000000010cb4                . = ALIGN (0x4)
                0x0000000000010cb4                PROVIDE (__ram_rodata_end, ABSOLUTE (.))
                0x0000000000010c88                PROVIDE (__flash_rodata_start, LOADADDR (.rodata))

.rwdata         0x0000000000010cb4       0xf0 load address 0x0000000000010da4
                0x0000000000010cb4                PROVIDE (__ram_rwdata_start, ABSOLUTE (.))
                0x0000000000010cb4                . = ALIGN (0x4)
 *(.got.plt)
 *(.got)
 *(.data1)
 *(.data .data.* .gnu.linkonce.d.*)
 .data          0x0000000000010cb4        0x0 C:/Users/SofianeAOUCI/Desktop/BE_VHDL_AOUCI_BONHOURE/BE/SOPC_dev/NIOS/software/NIOS_SoC_BarreFranche_bsp//obj/HAL/src/crt0.o
 .data          0x0000000000010cb4        0x0 obj/default/hello_world_small.o
 .data          0x0000000000010cb4        0x0 c:/devtools/intel/intelfpga_lite/18.1/nios2eds/bin/gnu/h-x86_64-mingw32/bin/../lib/gcc/nios2-elf/5.3.0/../../../../../H-x86_64-mingw32/nios2-elf/lib/mno-hw-mul\libsmallc.a(lib_a-printf.o)
 .data          0x0000000000010cb4        0x0 c:/devtools/intel/intelfpga_lite/18.1/nios2eds/bin/gnu/h-x86_64-mingw32/bin/../lib/gcc/nios2-elf/5.3.0/../../../../../H-x86_64-mingw32/nios2-elf/lib/mno-hw-mul\libsmallc.a(lib_a-vfprintf.o)
 .data          0x0000000000010cb4        0x0 c:/devtools/intel/intelfpga_lite/18.1/nios2eds/bin/gnu/h-x86_64-mingw32/bin/../lib/gcc/nios2-elf/5.3.0/../../../../../H-x86_64-mingw32/nios2-elf/lib/mno-hw-mul\libsmallc.a(lib_a-fvwrite_small_dev.o)
 .data          0x0000000000010cb4        0x0 c:/devtools/intel/intelfpga_lite/18.1/nios2eds/bin/gnu/h-x86_64-mingw32/bin/../lib/gcc/nios2-elf/5.3.0/../../../../../H-x86_64-mingw32/nios2-elf/lib/mno-hw-mul\libsmallc.a(lib_a-impure.o)
 .data.impure_data
                0x0000000000010cb4       0xe0 c:/devtools/intel/intelfpga_lite/18.1/nios2eds/bin/gnu/h-x86_64-mingw32/bin/../lib/gcc/nios2-elf/5.3.0/../../../../../H-x86_64-mingw32/nios2-elf/lib/mno-hw-mul\libsmallc.a(lib_a-impure.o)
 .data          0x0000000000010d94        0x0 c:/devtools/intel/intelfpga_lite/18.1/nios2eds/bin/gnu/h-x86_64-mingw32/bin/../lib/gcc/nios2-elf/5.3.0/../../../../../H-x86_64-mingw32/nios2-elf/lib/mno-hw-mul\libsmallc.a(lib_a-strlen.o)
 .data          0x0000000000010d94        0x0 c:/devtools/intel/intelfpga_lite/18.1/nios2eds/bin/gnu/h-x86_64-mingw32/bin/../lib/gcc/nios2-elf/5.3.0/../../../../../H-x86_64-mingw32/nios2-elf/lib/mno-hw-mul\libsmallc.a(lib_a-writer.o)
 .data          0x0000000000010d94        0x0 c:/devtools/intel/intelfpga_lite/18.1/nios2eds/bin/gnu/h-x86_64-mingw32/bin/../lib/gcc/nios2-elf/5.3.0/../../../../../H-x86_64-mingw32/nios2-elf/lib/mno-hw-mul\libsmallc.a(lib_a-int_errno.o)
 .data          0x0000000000010d94        0x0 c:/devtools/intel/intelfpga_lite/18.1/nios2eds/bin/gnu/h-x86_64-mingw32/bin/../lib/gcc/nios2-elf/5.3.0/mno-hw-mul\libgcc.a(lib2-divmod.o)
 .data          0x0000000000010d94        0x0 c:/devtools/intel/intelfpga_lite/18.1/nios2eds/bin/gnu/h-x86_64-mingw32/bin/../lib/gcc/nios2-elf/5.3.0/mno-hw-mul\libgcc.a(lib2-mul.o)
 .data          0x0000000000010d94        0x0 C:/Users/SofianeAOUCI/Desktop/BE_VHDL_AOUCI_BONHOURE/BE/SOPC_dev/NIOS/software/NIOS_SoC_BarreFranche_bsp/\libhal_bsp.a(alt_load.o)
 .data          0x0000000000010d94        0x0 C:/Users/SofianeAOUCI/Desktop/BE_VHDL_AOUCI_BONHOURE/BE/SOPC_dev/NIOS/software/NIOS_SoC_BarreFranche_bsp/\libhal_bsp.a(alt_main.o)
 .data          0x0000000000010d94        0x0 C:/Users/SofianeAOUCI/Desktop/BE_VHDL_AOUCI_BONHOURE/BE/SOPC_dev/NIOS/software/NIOS_SoC_BarreFranche_bsp/\libhal_bsp.a(alt_putstr.o)
 .data          0x0000000000010d94        0x0 C:/Users/SofianeAOUCI/Desktop/BE_VHDL_AOUCI_BONHOURE/BE/SOPC_dev/NIOS/software/NIOS_SoC_BarreFranche_bsp/\libhal_bsp.a(alt_write.o)
 .data          0x0000000000010d94        0x0 C:/Users/SofianeAOUCI/Desktop/BE_VHDL_AOUCI_BONHOURE/BE/SOPC_dev/NIOS/software/NIOS_SoC_BarreFranche_bsp/\libhal_bsp.a(alt_sys_init.o)
 .data          0x0000000000010d94        0x0 C:/Users/SofianeAOUCI/Desktop/BE_VHDL_AOUCI_BONHOURE/BE/SOPC_dev/NIOS/software/NIOS_SoC_BarreFranche_bsp/\libhal_bsp.a(altera_avalon_jtag_uart_write.o)
 .data          0x0000000000010d94        0x0 C:/Users/SofianeAOUCI/Desktop/BE_VHDL_AOUCI_BONHOURE/BE/SOPC_dev/NIOS/software/NIOS_SoC_BarreFranche_bsp/\libhal_bsp.a(alt_dcache_flush_all.o)
 .data          0x0000000000010d94        0x0 C:/Users/SofianeAOUCI/Desktop/BE_VHDL_AOUCI_BONHOURE/BE/SOPC_dev/NIOS/software/NIOS_SoC_BarreFranche_bsp/\libhal_bsp.a(alt_errno.o)
 .data          0x0000000000010d94        0x0 C:/Users/SofianeAOUCI/Desktop/BE_VHDL_AOUCI_BONHOURE/BE/SOPC_dev/NIOS/software/NIOS_SoC_BarreFranche_bsp/\libhal_bsp.a(alt_icache_flush_all.o)
 .data          0x0000000000010d94        0x0 C:/Users/SofianeAOUCI/Desktop/BE_VHDL_AOUCI_BONHOURE/BE/SOPC_dev/NIOS/software/NIOS_SoC_BarreFranche_bsp/\libhal_bsp.a(altera_nios2_gen2_irq.o)
                0x0000000000018d94                _gp = ABSOLUTE ((. + 0x8000))
                [!provide]                        PROVIDE (gp, _gp)
 *(.rwdata .rwdata.*)
 *(.sdata .sdata.* .gnu.linkonce.s.*)
 .sdata._global_impure_ptr
                0x0000000000010d94        0x4 c:/devtools/intel/intelfpga_lite/18.1/nios2eds/bin/gnu/h-x86_64-mingw32/bin/../lib/gcc/nios2-elf/5.3.0/../../../../../H-x86_64-mingw32/nios2-elf/lib/mno-hw-mul\libsmallc.a(lib_a-impure.o)
                0x0000000000010d94                _global_impure_ptr
 .sdata._impure_ptr
                0x0000000000010d98        0x4 c:/devtools/intel/intelfpga_lite/18.1/nios2eds/bin/gnu/h-x86_64-mingw32/bin/../lib/gcc/nios2-elf/5.3.0/../../../../../H-x86_64-mingw32/nios2-elf/lib/mno-hw-mul\libsmallc.a(lib_a-impure.o)
                0x0000000000010d98                _impure_ptr
 .sdata         0x0000000000010d9c        0x4 C:/Users/SofianeAOUCI/Desktop/BE_VHDL_AOUCI_BONHOURE/BE/SOPC_dev/NIOS/software/NIOS_SoC_BarreFranche_bsp/\libhal_bsp.a(alt_sys_init.o)
                0x0000000000010d9c                jtag
 .sdata         0x0000000000010da0        0x4 C:/Users/SofianeAOUCI/Desktop/BE_VHDL_AOUCI_BONHOURE/BE/SOPC_dev/NIOS/software/NIOS_SoC_BarreFranche_bsp/\libhal_bsp.a(alt_errno.o)
                0x0000000000010da0                alt_errno
 *(.sdata2 .sdata2.* .gnu.linkonce.s2.*)
                0x0000000000010da4                . = ALIGN (0x4)
                0x0000000000010da4                _edata = ABSOLUTE (.)
                [!provide]                        PROVIDE (edata, ABSOLUTE (.))
                0x0000000000010da4                PROVIDE (__ram_rwdata_end, ABSOLUTE (.))
                0x0000000000010da4                PROVIDE (__flash_rwdata_start, LOADADDR (.rwdata))

.bss            0x0000000000010e94       0x10
                0x0000000000010e94                __bss_start = ABSOLUTE (.)
                [!provide]                        PROVIDE (__sbss_start, ABSOLUTE (.))
                [!provide]                        PROVIDE (___sbss_start, ABSOLUTE (.))
 *(.dynsbss)
 *(.sbss .sbss.* .gnu.linkonce.sb.*)
 .sbss          0x0000000000010e94        0x4 c:/devtools/intel/intelfpga_lite/18.1/nios2eds/bin/gnu/h-x86_64-mingw32/bin/../lib/gcc/nios2-elf/5.3.0/../../../../../H-x86_64-mingw32/nios2-elf/lib/mno-hw-mul\libsmallc.a(lib_a-int_errno.o)
                0x0000000000010e94                errno
 .sbss          0x0000000000010e98        0xc C:/Users/SofianeAOUCI/Desktop/BE_VHDL_AOUCI_BONHOURE/BE/SOPC_dev/NIOS/software/NIOS_SoC_BarreFranche_bsp/\libhal_bsp.a(alt_main.o)
                0x0000000000010e98                alt_envp
                0x0000000000010e9c                alt_argv
                0x0000000000010ea0                alt_argc
 *(.sbss2 .sbss2.* .gnu.linkonce.sb2.*)
 *(.scommon)
                [!provide]                        PROVIDE (__sbss_end, ABSOLUTE (.))
                [!provide]                        PROVIDE (___sbss_end, ABSOLUTE (.))
 *(.dynbss)
 *(.bss .bss.* .gnu.linkonce.b.*)
 .bss           0x0000000000010ea4        0x0 C:/Users/SofianeAOUCI/Desktop/BE_VHDL_AOUCI_BONHOURE/BE/SOPC_dev/NIOS/software/NIOS_SoC_BarreFranche_bsp//obj/HAL/src/crt0.o
 .bss           0x0000000000010ea4        0x0 obj/default/hello_world_small.o
 .bss           0x0000000000010ea4        0x0 c:/devtools/intel/intelfpga_lite/18.1/nios2eds/bin/gnu/h-x86_64-mingw32/bin/../lib/gcc/nios2-elf/5.3.0/../../../../../H-x86_64-mingw32/nios2-elf/lib/mno-hw-mul\libsmallc.a(lib_a-printf.o)
 .bss           0x0000000000010ea4        0x0 c:/devtools/intel/intelfpga_lite/18.1/nios2eds/bin/gnu/h-x86_64-mingw32/bin/../lib/gcc/nios2-elf/5.3.0/../../../../../H-x86_64-mingw32/nios2-elf/lib/mno-hw-mul\libsmallc.a(lib_a-vfprintf.o)
 .bss           0x0000000000010ea4        0x0 c:/devtools/intel/intelfpga_lite/18.1/nios2eds/bin/gnu/h-x86_64-mingw32/bin/../lib/gcc/nios2-elf/5.3.0/../../../../../H-x86_64-mingw32/nios2-elf/lib/mno-hw-mul\libsmallc.a(lib_a-fvwrite_small_dev.o)
 .bss           0x0000000000010ea4        0x0 c:/devtools/intel/intelfpga_lite/18.1/nios2eds/bin/gnu/h-x86_64-mingw32/bin/../lib/gcc/nios2-elf/5.3.0/../../../../../H-x86_64-mingw32/nios2-elf/lib/mno-hw-mul\libsmallc.a(lib_a-impure.o)
 .bss           0x0000000000010ea4        0x0 c:/devtools/intel/intelfpga_lite/18.1/nios2eds/bin/gnu/h-x86_64-mingw32/bin/../lib/gcc/nios2-elf/5.3.0/../../../../../H-x86_64-mingw32/nios2-elf/lib/mno-hw-mul\libsmallc.a(lib_a-strlen.o)
 .bss           0x0000000000010ea4        0x0 c:/devtools/intel/intelfpga_lite/18.1/nios2eds/bin/gnu/h-x86_64-mingw32/bin/../lib/gcc/nios2-elf/5.3.0/../../../../../H-x86_64-mingw32/nios2-elf/lib/mno-hw-mul\libsmallc.a(lib_a-writer.o)
 .bss           0x0000000000010ea4        0x0 c:/devtools/intel/intelfpga_lite/18.1/nios2eds/bin/gnu/h-x86_64-mingw32/bin/../lib/gcc/nios2-elf/5.3.0/../../../../../H-x86_64-mingw32/nios2-elf/lib/mno-hw-mul\libsmallc.a(lib_a-int_errno.o)
 .bss           0x0000000000010ea4        0x0 c:/devtools/intel/intelfpga_lite/18.1/nios2eds/bin/gnu/h-x86_64-mingw32/bin/../lib/gcc/nios2-elf/5.3.0/mno-hw-mul\libgcc.a(lib2-divmod.o)
 .bss           0x0000000000010ea4        0x0 c:/devtools/intel/intelfpga_lite/18.1/nios2eds/bin/gnu/h-x86_64-mingw32/bin/../lib/gcc/nios2-elf/5.3.0/mno-hw-mul\libgcc.a(lib2-mul.o)
 .bss           0x0000000000010ea4        0x0 C:/Users/SofianeAOUCI/Desktop/BE_VHDL_AOUCI_BONHOURE/BE/SOPC_dev/NIOS/software/NIOS_SoC_BarreFranche_bsp/\libhal_bsp.a(alt_load.o)
 .bss           0x0000000000010ea4        0x0 C:/Users/SofianeAOUCI/Desktop/BE_VHDL_AOUCI_BONHOURE/BE/SOPC_dev/NIOS/software/NIOS_SoC_BarreFranche_bsp/\libhal_bsp.a(alt_main.o)
 .bss           0x0000000000010ea4        0x0 C:/Users/SofianeAOUCI/Desktop/BE_VHDL_AOUCI_BONHOURE/BE/SOPC_dev/NIOS/software/NIOS_SoC_BarreFranche_bsp/\libhal_bsp.a(alt_putstr.o)
 .bss           0x0000000000010ea4        0x0 C:/Users/SofianeAOUCI/Desktop/BE_VHDL_AOUCI_BONHOURE/BE/SOPC_dev/NIOS/software/NIOS_SoC_BarreFranche_bsp/\libhal_bsp.a(alt_write.o)
 .bss           0x0000000000010ea4        0x0 C:/Users/SofianeAOUCI/Desktop/BE_VHDL_AOUCI_BONHOURE/BE/SOPC_dev/NIOS/software/NIOS_SoC_BarreFranche_bsp/\libhal_bsp.a(alt_sys_init.o)
 .bss           0x0000000000010ea4        0x0 C:/Users/SofianeAOUCI/Desktop/BE_VHDL_AOUCI_BONHOURE/BE/SOPC_dev/NIOS/software/NIOS_SoC_BarreFranche_bsp/\libhal_bsp.a(altera_avalon_jtag_uart_write.o)
 .bss           0x0000000000010ea4        0x0 C:/Users/SofianeAOUCI/Desktop/BE_VHDL_AOUCI_BONHOURE/BE/SOPC_dev/NIOS/software/NIOS_SoC_BarreFranche_bsp/\libhal_bsp.a(alt_dcache_flush_all.o)
 .bss           0x0000000000010ea4        0x0 C:/Users/SofianeAOUCI/Desktop/BE_VHDL_AOUCI_BONHOURE/BE/SOPC_dev/NIOS/software/NIOS_SoC_BarreFranche_bsp/\libhal_bsp.a(alt_errno.o)
 .bss           0x0000000000010ea4        0x0 C:/Users/SofianeAOUCI/Desktop/BE_VHDL_AOUCI_BONHOURE/BE/SOPC_dev/NIOS/software/NIOS_SoC_BarreFranche_bsp/\libhal_bsp.a(alt_icache_flush_all.o)
 .bss           0x0000000000010ea4        0x0 C:/Users/SofianeAOUCI/Desktop/BE_VHDL_AOUCI_BONHOURE/BE/SOPC_dev/NIOS/software/NIOS_SoC_BarreFranche_bsp/\libhal_bsp.a(altera_nios2_gen2_irq.o)
 *(COMMON)
                0x0000000000010ea4                . = ALIGN (0x4)
                0x0000000000010ea4                __bss_end = ABSOLUTE (.)

.SRAM           0x0000000000010ea4        0x0
                [!provide]                        PROVIDE (_alt_partition_SRAM_start, ABSOLUTE (.))
 *(.SRAM .SRAM. SRAM.*)
                0x0000000000010ea4                . = ALIGN (0x4)
                [!provide]                        PROVIDE (_alt_partition_SRAM_end, ABSOLUTE (.))
                0x0000000000010ea4                _end = ABSOLUTE (.)
                0x0000000000010ea4                end = ABSOLUTE (.)
                0x0000000000010ea4                __alt_stack_base = ABSOLUTE (.)
                [!provide]                        PROVIDE (_alt_partition_SRAM_load_addr, LOADADDR (.SRAM))

.stab
 *(.stab)

.stabstr
 *(.stabstr)

.stab.excl
 *(.stab.excl)

.stab.exclstr
 *(.stab.exclstr)

.stab.index
 *(.stab.index)

.stab.indexstr
 *(.stab.indexstr)

.comment        0x0000000000000000       0x23
 *(.comment)
 .comment       0x0000000000000000       0x23 obj/default/hello_world_small.o
                                         0x24 (size before relaxing)
 .comment       0x0000000000000023       0x24 c:/devtools/intel/intelfpga_lite/18.1/nios2eds/bin/gnu/h-x86_64-mingw32/bin/../lib/gcc/nios2-elf/5.3.0/../../../../../H-x86_64-mingw32/nios2-elf/lib/mno-hw-mul\libsmallc.a(lib_a-printf.o)
 .comment       0x0000000000000023       0x24 c:/devtools/intel/intelfpga_lite/18.1/nios2eds/bin/gnu/h-x86_64-mingw32/bin/../lib/gcc/nios2-elf/5.3.0/../../../../../H-x86_64-mingw32/nios2-elf/lib/mno-hw-mul\libsmallc.a(lib_a-vfprintf.o)
 .comment       0x0000000000000023       0x24 c:/devtools/intel/intelfpga_lite/18.1/nios2eds/bin/gnu/h-x86_64-mingw32/bin/../lib/gcc/nios2-elf/5.3.0/../../../../../H-x86_64-mingw32/nios2-elf/lib/mno-hw-mul\libsmallc.a(lib_a-fvwrite_small_dev.o)
 .comment       0x0000000000000023       0x24 c:/devtools/intel/intelfpga_lite/18.1/nios2eds/bin/gnu/h-x86_64-mingw32/bin/../lib/gcc/nios2-elf/5.3.0/../../../../../H-x86_64-mingw32/nios2-elf/lib/mno-hw-mul\libsmallc.a(lib_a-impure.o)
 .comment       0x0000000000000023       0x24 c:/devtools/intel/intelfpga_lite/18.1/nios2eds/bin/gnu/h-x86_64-mingw32/bin/../lib/gcc/nios2-elf/5.3.0/../../../../../H-x86_64-mingw32/nios2-elf/lib/mno-hw-mul\libsmallc.a(lib_a-strlen.o)
 .comment       0x0000000000000023       0x24 c:/devtools/intel/intelfpga_lite/18.1/nios2eds/bin/gnu/h-x86_64-mingw32/bin/../lib/gcc/nios2-elf/5.3.0/../../../../../H-x86_64-mingw32/nios2-elf/lib/mno-hw-mul\libsmallc.a(lib_a-writer.o)
 .comment       0x0000000000000023       0x24 c:/devtools/intel/intelfpga_lite/18.1/nios2eds/bin/gnu/h-x86_64-mingw32/bin/../lib/gcc/nios2-elf/5.3.0/../../../../../H-x86_64-mingw32/nios2-elf/lib/mno-hw-mul\libsmallc.a(lib_a-int_errno.o)
 .comment       0x0000000000000023       0x24 c:/devtools/intel/intelfpga_lite/18.1/nios2eds/bin/gnu/h-x86_64-mingw32/bin/../lib/gcc/nios2-elf/5.3.0/mno-hw-mul\libgcc.a(lib2-divmod.o)
 .comment       0x0000000000000023       0x24 c:/devtools/intel/intelfpga_lite/18.1/nios2eds/bin/gnu/h-x86_64-mingw32/bin/../lib/gcc/nios2-elf/5.3.0/mno-hw-mul\libgcc.a(lib2-mul.o)
 .comment       0x0000000000000023       0x24 C:/Users/SofianeAOUCI/Desktop/BE_VHDL_AOUCI_BONHOURE/BE/SOPC_dev/NIOS/software/NIOS_SoC_BarreFranche_bsp/\libhal_bsp.a(alt_load.o)
 .comment       0x0000000000000023       0x24 C:/Users/SofianeAOUCI/Desktop/BE_VHDL_AOUCI_BONHOURE/BE/SOPC_dev/NIOS/software/NIOS_SoC_BarreFranche_bsp/\libhal_bsp.a(alt_main.o)
 .comment       0x0000000000000023       0x24 C:/Users/SofianeAOUCI/Desktop/BE_VHDL_AOUCI_BONHOURE/BE/SOPC_dev/NIOS/software/NIOS_SoC_BarreFranche_bsp/\libhal_bsp.a(alt_putstr.o)
 .comment       0x0000000000000023       0x24 C:/Users/SofianeAOUCI/Desktop/BE_VHDL_AOUCI_BONHOURE/BE/SOPC_dev/NIOS/software/NIOS_SoC_BarreFranche_bsp/\libhal_bsp.a(alt_write.o)
 .comment       0x0000000000000023       0x24 C:/Users/SofianeAOUCI/Desktop/BE_VHDL_AOUCI_BONHOURE/BE/SOPC_dev/NIOS/software/NIOS_SoC_BarreFranche_bsp/\libhal_bsp.a(alt_sys_init.o)
 .comment       0x0000000000000023       0x24 C:/Users/SofianeAOUCI/Desktop/BE_VHDL_AOUCI_BONHOURE/BE/SOPC_dev/NIOS/software/NIOS_SoC_BarreFranche_bsp/\libhal_bsp.a(altera_avalon_jtag_uart_write.o)
 .comment       0x0000000000000023       0x24 C:/Users/SofianeAOUCI/Desktop/BE_VHDL_AOUCI_BONHOURE/BE/SOPC_dev/NIOS/software/NIOS_SoC_BarreFranche_bsp/\libhal_bsp.a(alt_dcache_flush_all.o)
 .comment       0x0000000000000023       0x24 C:/Users/SofianeAOUCI/Desktop/BE_VHDL_AOUCI_BONHOURE/BE/SOPC_dev/NIOS/software/NIOS_SoC_BarreFranche_bsp/\libhal_bsp.a(alt_errno.o)
 .comment       0x0000000000000023       0x24 C:/Users/SofianeAOUCI/Desktop/BE_VHDL_AOUCI_BONHOURE/BE/SOPC_dev/NIOS/software/NIOS_SoC_BarreFranche_bsp/\libhal_bsp.a(alt_icache_flush_all.o)
 .comment       0x0000000000000023       0x24 C:/Users/SofianeAOUCI/Desktop/BE_VHDL_AOUCI_BONHOURE/BE/SOPC_dev/NIOS/software/NIOS_SoC_BarreFranche_bsp/\libhal_bsp.a(altera_nios2_gen2_irq.o)

.debug
 *(.debug)

.line
 *(.line)

.debug_srcinfo
 *(.debug_srcinfo)

.debug_sfnames
 *(.debug_sfnames)

.debug_aranges  0x0000000000000000      0x2b0
 *(.debug_aranges)
 .debug_aranges
                0x0000000000000000       0x28 C:/Users/SofianeAOUCI/Desktop/BE_VHDL_AOUCI_BONHOURE/BE/SOPC_dev/NIOS/software/NIOS_SoC_BarreFranche_bsp//obj/HAL/src/crt0.o
 .debug_aranges
                0x0000000000000028       0x28 obj/default/hello_world_small.o
 .debug_aranges
                0x0000000000000050       0x28 c:/devtools/intel/intelfpga_lite/18.1/nios2eds/bin/gnu/h-x86_64-mingw32/bin/../lib/gcc/nios2-elf/5.3.0/../../../../../H-x86_64-mingw32/nios2-elf/lib/mno-hw-mul\libsmallc.a(lib_a-printf.o)
 .debug_aranges
                0x0000000000000078       0x30 c:/devtools/intel/intelfpga_lite/18.1/nios2eds/bin/gnu/h-x86_64-mingw32/bin/../lib/gcc/nios2-elf/5.3.0/../../../../../H-x86_64-mingw32/nios2-elf/lib/mno-hw-mul\libsmallc.a(lib_a-vfprintf.o)
 .debug_aranges
                0x00000000000000a8       0x20 c:/devtools/intel/intelfpga_lite/18.1/nios2eds/bin/gnu/h-x86_64-mingw32/bin/../lib/gcc/nios2-elf/5.3.0/../../../../../H-x86_64-mingw32/nios2-elf/lib/mno-hw-mul\libsmallc.a(lib_a-fvwrite_small_dev.o)
 .debug_aranges
                0x00000000000000c8       0x18 c:/devtools/intel/intelfpga_lite/18.1/nios2eds/bin/gnu/h-x86_64-mingw32/bin/../lib/gcc/nios2-elf/5.3.0/../../../../../H-x86_64-mingw32/nios2-elf/lib/mno-hw-mul\libsmallc.a(lib_a-impure.o)
 .debug_aranges
                0x00000000000000e0       0x20 c:/devtools/intel/intelfpga_lite/18.1/nios2eds/bin/gnu/h-x86_64-mingw32/bin/../lib/gcc/nios2-elf/5.3.0/../../../../../H-x86_64-mingw32/nios2-elf/lib/mno-hw-mul\libsmallc.a(lib_a-strlen.o)
 .debug_aranges
                0x0000000000000100       0x20 c:/devtools/intel/intelfpga_lite/18.1/nios2eds/bin/gnu/h-x86_64-mingw32/bin/../lib/gcc/nios2-elf/5.3.0/../../../../../H-x86_64-mingw32/nios2-elf/lib/mno-hw-mul\libsmallc.a(lib_a-writer.o)
 .debug_aranges
                0x0000000000000120       0x18 c:/devtools/intel/intelfpga_lite/18.1/nios2eds/bin/gnu/h-x86_64-mingw32/bin/../lib/gcc/nios2-elf/5.3.0/../../../../../H-x86_64-mingw32/nios2-elf/lib/mno-hw-mul\libsmallc.a(lib_a-int_errno.o)
 .debug_aranges
                0x0000000000000138       0x20 c:/devtools/intel/intelfpga_lite/18.1/nios2eds/bin/gnu/h-x86_64-mingw32/bin/../lib/gcc/nios2-elf/5.3.0/mno-hw-mul\libgcc.a(lib2-divmod.o)
 .debug_aranges
                0x0000000000000158       0x20 c:/devtools/intel/intelfpga_lite/18.1/nios2eds/bin/gnu/h-x86_64-mingw32/bin/../lib/gcc/nios2-elf/5.3.0/mno-hw-mul\libgcc.a(lib2-mul.o)
 .debug_aranges
                0x0000000000000178       0x20 C:/Users/SofianeAOUCI/Desktop/BE_VHDL_AOUCI_BONHOURE/BE/SOPC_dev/NIOS/software/NIOS_SoC_BarreFranche_bsp/\libhal_bsp.a(alt_load.o)
 .debug_aranges
                0x0000000000000198       0x20 C:/Users/SofianeAOUCI/Desktop/BE_VHDL_AOUCI_BONHOURE/BE/SOPC_dev/NIOS/software/NIOS_SoC_BarreFranche_bsp/\libhal_bsp.a(alt_main.o)
 .debug_aranges
                0x00000000000001b8       0x20 C:/Users/SofianeAOUCI/Desktop/BE_VHDL_AOUCI_BONHOURE/BE/SOPC_dev/NIOS/software/NIOS_SoC_BarreFranche_bsp/\libhal_bsp.a(alt_putstr.o)
 .debug_aranges
                0x00000000000001d8       0x20 C:/Users/SofianeAOUCI/Desktop/BE_VHDL_AOUCI_BONHOURE/BE/SOPC_dev/NIOS/software/NIOS_SoC_BarreFranche_bsp/\libhal_bsp.a(alt_write.o)
 .debug_aranges
                0x00000000000001f8       0x20 C:/Users/SofianeAOUCI/Desktop/BE_VHDL_AOUCI_BONHOURE/BE/SOPC_dev/NIOS/software/NIOS_SoC_BarreFranche_bsp/\libhal_bsp.a(alt_sys_init.o)
 .debug_aranges
                0x0000000000000218       0x20 C:/Users/SofianeAOUCI/Desktop/BE_VHDL_AOUCI_BONHOURE/BE/SOPC_dev/NIOS/software/NIOS_SoC_BarreFranche_bsp/\libhal_bsp.a(altera_avalon_jtag_uart_write.o)
 .debug_aranges
                0x0000000000000238       0x20 C:/Users/SofianeAOUCI/Desktop/BE_VHDL_AOUCI_BONHOURE/BE/SOPC_dev/NIOS/software/NIOS_SoC_BarreFranche_bsp/\libhal_bsp.a(alt_dcache_flush_all.o)
 .debug_aranges
                0x0000000000000258       0x18 C:/Users/SofianeAOUCI/Desktop/BE_VHDL_AOUCI_BONHOURE/BE/SOPC_dev/NIOS/software/NIOS_SoC_BarreFranche_bsp/\libhal_bsp.a(alt_errno.o)
 .debug_aranges
                0x0000000000000270       0x20 C:/Users/SofianeAOUCI/Desktop/BE_VHDL_AOUCI_BONHOURE/BE/SOPC_dev/NIOS/software/NIOS_SoC_BarreFranche_bsp/\libhal_bsp.a(alt_icache_flush_all.o)
 .debug_aranges
                0x0000000000000290       0x20 C:/Users/SofianeAOUCI/Desktop/BE_VHDL_AOUCI_BONHOURE/BE/SOPC_dev/NIOS/software/NIOS_SoC_BarreFranche_bsp/\libhal_bsp.a(altera_nios2_gen2_irq.o)

.debug_pubnames
 *(.debug_pubnames)

.debug_info     0x0000000000000000     0x3629
 *(.debug_info .gnu.linkonce.wi.*)
 .debug_info    0x0000000000000000       0x9d C:/Users/SofianeAOUCI/Desktop/BE_VHDL_AOUCI_BONHOURE/BE/SOPC_dev/NIOS/software/NIOS_SoC_BarreFranche_bsp//obj/HAL/src/crt0.o
 .debug_info    0x000000000000009d      0x14c obj/default/hello_world_small.o
 .debug_info    0x00000000000001e9      0x699 c:/devtools/intel/intelfpga_lite/18.1/nios2eds/bin/gnu/h-x86_64-mingw32/bin/../lib/gcc/nios2-elf/5.3.0/../../../../../H-x86_64-mingw32/nios2-elf/lib/mno-hw-mul\libsmallc.a(lib_a-printf.o)
 .debug_info    0x0000000000000882      0xb2b c:/devtools/intel/intelfpga_lite/18.1/nios2eds/bin/gnu/h-x86_64-mingw32/bin/../lib/gcc/nios2-elf/5.3.0/../../../../../H-x86_64-mingw32/nios2-elf/lib/mno-hw-mul\libsmallc.a(lib_a-vfprintf.o)
 .debug_info    0x00000000000013ad      0x62b c:/devtools/intel/intelfpga_lite/18.1/nios2eds/bin/gnu/h-x86_64-mingw32/bin/../lib/gcc/nios2-elf/5.3.0/../../../../../H-x86_64-mingw32/nios2-elf/lib/mno-hw-mul\libsmallc.a(lib_a-fvwrite_small_dev.o)
 .debug_info    0x00000000000019d8      0x5a9 c:/devtools/intel/intelfpga_lite/18.1/nios2eds/bin/gnu/h-x86_64-mingw32/bin/../lib/gcc/nios2-elf/5.3.0/../../../../../H-x86_64-mingw32/nios2-elf/lib/mno-hw-mul\libsmallc.a(lib_a-impure.o)
 .debug_info    0x0000000000001f81       0xc9 c:/devtools/intel/intelfpga_lite/18.1/nios2eds/bin/gnu/h-x86_64-mingw32/bin/../lib/gcc/nios2-elf/5.3.0/../../../../../H-x86_64-mingw32/nios2-elf/lib/mno-hw-mul\libsmallc.a(lib_a-strlen.o)
 .debug_info    0x000000000000204a      0x630 c:/devtools/intel/intelfpga_lite/18.1/nios2eds/bin/gnu/h-x86_64-mingw32/bin/../lib/gcc/nios2-elf/5.3.0/../../../../../H-x86_64-mingw32/nios2-elf/lib/mno-hw-mul\libsmallc.a(lib_a-writer.o)
 .debug_info    0x000000000000267a       0x8a c:/devtools/intel/intelfpga_lite/18.1/nios2eds/bin/gnu/h-x86_64-mingw32/bin/../lib/gcc/nios2-elf/5.3.0/../../../../../H-x86_64-mingw32/nios2-elf/lib/mno-hw-mul\libsmallc.a(lib_a-int_errno.o)
 .debug_info    0x0000000000002704      0x2c6 c:/devtools/intel/intelfpga_lite/18.1/nios2eds/bin/gnu/h-x86_64-mingw32/bin/../lib/gcc/nios2-elf/5.3.0/mno-hw-mul\libgcc.a(lib2-divmod.o)
 .debug_info    0x00000000000029ca       0xb4 c:/devtools/intel/intelfpga_lite/18.1/nios2eds/bin/gnu/h-x86_64-mingw32/bin/../lib/gcc/nios2-elf/5.3.0/mno-hw-mul\libgcc.a(lib2-mul.o)
 .debug_info    0x0000000000002a7e      0x1c9 C:/Users/SofianeAOUCI/Desktop/BE_VHDL_AOUCI_BONHOURE/BE/SOPC_dev/NIOS/software/NIOS_SoC_BarreFranche_bsp/\libhal_bsp.a(alt_load.o)
 .debug_info    0x0000000000002c47      0x169 C:/Users/SofianeAOUCI/Desktop/BE_VHDL_AOUCI_BONHOURE/BE/SOPC_dev/NIOS/software/NIOS_SoC_BarreFranche_bsp/\libhal_bsp.a(alt_main.o)
 .debug_info    0x0000000000002db0      0x13a C:/Users/SofianeAOUCI/Desktop/BE_VHDL_AOUCI_BONHOURE/BE/SOPC_dev/NIOS/software/NIOS_SoC_BarreFranche_bsp/\libhal_bsp.a(alt_putstr.o)
 .debug_info    0x0000000000002eea      0x1c7 C:/Users/SofianeAOUCI/Desktop/BE_VHDL_AOUCI_BONHOURE/BE/SOPC_dev/NIOS/software/NIOS_SoC_BarreFranche_bsp/\libhal_bsp.a(alt_write.o)
 .debug_info    0x00000000000030b1      0x185 C:/Users/SofianeAOUCI/Desktop/BE_VHDL_AOUCI_BONHOURE/BE/SOPC_dev/NIOS/software/NIOS_SoC_BarreFranche_bsp/\libhal_bsp.a(alt_sys_init.o)
 .debug_info    0x0000000000003236      0x197 C:/Users/SofianeAOUCI/Desktop/BE_VHDL_AOUCI_BONHOURE/BE/SOPC_dev/NIOS/software/NIOS_SoC_BarreFranche_bsp/\libhal_bsp.a(altera_avalon_jtag_uart_write.o)
 .debug_info    0x00000000000033cd       0x92 C:/Users/SofianeAOUCI/Desktop/BE_VHDL_AOUCI_BONHOURE/BE/SOPC_dev/NIOS/software/NIOS_SoC_BarreFranche_bsp/\libhal_bsp.a(alt_dcache_flush_all.o)
 .debug_info    0x000000000000345f       0xa6 C:/Users/SofianeAOUCI/Desktop/BE_VHDL_AOUCI_BONHOURE/BE/SOPC_dev/NIOS/software/NIOS_SoC_BarreFranche_bsp/\libhal_bsp.a(alt_errno.o)
 .debug_info    0x0000000000003505       0x92 C:/Users/SofianeAOUCI/Desktop/BE_VHDL_AOUCI_BONHOURE/BE/SOPC_dev/NIOS/software/NIOS_SoC_BarreFranche_bsp/\libhal_bsp.a(alt_icache_flush_all.o)
 .debug_info    0x0000000000003597       0x92 C:/Users/SofianeAOUCI/Desktop/BE_VHDL_AOUCI_BONHOURE/BE/SOPC_dev/NIOS/software/NIOS_SoC_BarreFranche_bsp/\libhal_bsp.a(altera_nios2_gen2_irq.o)

.debug_abbrev   0x0000000000000000     0x1336
 *(.debug_abbrev)
 .debug_abbrev  0x0000000000000000       0x12 C:/Users/SofianeAOUCI/Desktop/BE_VHDL_AOUCI_BONHOURE/BE/SOPC_dev/NIOS/software/NIOS_SoC_BarreFranche_bsp//obj/HAL/src/crt0.o
 .debug_abbrev  0x0000000000000012       0xf3 obj/default/hello_world_small.o
 .debug_abbrev  0x0000000000000105      0x1ee c:/devtools/intel/intelfpga_lite/18.1/nios2eds/bin/gnu/h-x86_64-mingw32/bin/../lib/gcc/nios2-elf/5.3.0/../../../../../H-x86_64-mingw32/nios2-elf/lib/mno-hw-mul\libsmallc.a(lib_a-printf.o)
 .debug_abbrev  0x00000000000002f3      0x2a1 c:/devtools/intel/intelfpga_lite/18.1/nios2eds/bin/gnu/h-x86_64-mingw32/bin/../lib/gcc/nios2-elf/5.3.0/../../../../../H-x86_64-mingw32/nios2-elf/lib/mno-hw-mul\libsmallc.a(lib_a-vfprintf.o)
 .debug_abbrev  0x0000000000000594      0x1bc c:/devtools/intel/intelfpga_lite/18.1/nios2eds/bin/gnu/h-x86_64-mingw32/bin/../lib/gcc/nios2-elf/5.3.0/../../../../../H-x86_64-mingw32/nios2-elf/lib/mno-hw-mul\libsmallc.a(lib_a-fvwrite_small_dev.o)
 .debug_abbrev  0x0000000000000750      0x14a c:/devtools/intel/intelfpga_lite/18.1/nios2eds/bin/gnu/h-x86_64-mingw32/bin/../lib/gcc/nios2-elf/5.3.0/../../../../../H-x86_64-mingw32/nios2-elf/lib/mno-hw-mul\libsmallc.a(lib_a-impure.o)
 .debug_abbrev  0x000000000000089a       0x7f c:/devtools/intel/intelfpga_lite/18.1/nios2eds/bin/gnu/h-x86_64-mingw32/bin/../lib/gcc/nios2-elf/5.3.0/../../../../../H-x86_64-mingw32/nios2-elf/lib/mno-hw-mul\libsmallc.a(lib_a-strlen.o)
 .debug_abbrev  0x0000000000000919      0x1a6 c:/devtools/intel/intelfpga_lite/18.1/nios2eds/bin/gnu/h-x86_64-mingw32/bin/../lib/gcc/nios2-elf/5.3.0/../../../../../H-x86_64-mingw32/nios2-elf/lib/mno-hw-mul\libsmallc.a(lib_a-writer.o)
 .debug_abbrev  0x0000000000000abf       0x37 c:/devtools/intel/intelfpga_lite/18.1/nios2eds/bin/gnu/h-x86_64-mingw32/bin/../lib/gcc/nios2-elf/5.3.0/../../../../../H-x86_64-mingw32/nios2-elf/lib/mno-hw-mul\libsmallc.a(lib_a-int_errno.o)
 .debug_abbrev  0x0000000000000af6      0x10e c:/devtools/intel/intelfpga_lite/18.1/nios2eds/bin/gnu/h-x86_64-mingw32/bin/../lib/gcc/nios2-elf/5.3.0/mno-hw-mul\libgcc.a(lib2-divmod.o)
 .debug_abbrev  0x0000000000000c04       0x6f c:/devtools/intel/intelfpga_lite/18.1/nios2eds/bin/gnu/h-x86_64-mingw32/bin/../lib/gcc/nios2-elf/5.3.0/mno-hw-mul\libgcc.a(lib2-mul.o)
 .debug_abbrev  0x0000000000000c73       0xd8 C:/Users/SofianeAOUCI/Desktop/BE_VHDL_AOUCI_BONHOURE/BE/SOPC_dev/NIOS/software/NIOS_SoC_BarreFranche_bsp/\libhal_bsp.a(alt_load.o)
 .debug_abbrev  0x0000000000000d4b       0xee C:/Users/SofianeAOUCI/Desktop/BE_VHDL_AOUCI_BONHOURE/BE/SOPC_dev/NIOS/software/NIOS_SoC_BarreFranche_bsp/\libhal_bsp.a(alt_main.o)
 .debug_abbrev  0x0000000000000e39       0xd3 C:/Users/SofianeAOUCI/Desktop/BE_VHDL_AOUCI_BONHOURE/BE/SOPC_dev/NIOS/software/NIOS_SoC_BarreFranche_bsp/\libhal_bsp.a(alt_putstr.o)
 .debug_abbrev  0x0000000000000f0c      0x12e C:/Users/SofianeAOUCI/Desktop/BE_VHDL_AOUCI_BONHOURE/BE/SOPC_dev/NIOS/software/NIOS_SoC_BarreFranche_bsp/\libhal_bsp.a(alt_write.o)
 .debug_abbrev  0x000000000000103a      0x107 C:/Users/SofianeAOUCI/Desktop/BE_VHDL_AOUCI_BONHOURE/BE/SOPC_dev/NIOS/software/NIOS_SoC_BarreFranche_bsp/\libhal_bsp.a(alt_sys_init.o)
 .debug_abbrev  0x0000000000001141       0xd5 C:/Users/SofianeAOUCI/Desktop/BE_VHDL_AOUCI_BONHOURE/BE/SOPC_dev/NIOS/software/NIOS_SoC_BarreFranche_bsp/\libhal_bsp.a(altera_avalon_jtag_uart_write.o)
 .debug_abbrev  0x0000000000001216       0x42 C:/Users/SofianeAOUCI/Desktop/BE_VHDL_AOUCI_BONHOURE/BE/SOPC_dev/NIOS/software/NIOS_SoC_BarreFranche_bsp/\libhal_bsp.a(alt_dcache_flush_all.o)
 .debug_abbrev  0x0000000000001258       0x5a C:/Users/SofianeAOUCI/Desktop/BE_VHDL_AOUCI_BONHOURE/BE/SOPC_dev/NIOS/software/NIOS_SoC_BarreFranche_bsp/\libhal_bsp.a(alt_errno.o)
 .debug_abbrev  0x00000000000012b2       0x42 C:/Users/SofianeAOUCI/Desktop/BE_VHDL_AOUCI_BONHOURE/BE/SOPC_dev/NIOS/software/NIOS_SoC_BarreFranche_bsp/\libhal_bsp.a(alt_icache_flush_all.o)
 .debug_abbrev  0x00000000000012f4       0x42 C:/Users/SofianeAOUCI/Desktop/BE_VHDL_AOUCI_BONHOURE/BE/SOPC_dev/NIOS/software/NIOS_SoC_BarreFranche_bsp/\libhal_bsp.a(altera_nios2_gen2_irq.o)

.debug_line     0x0000000000000000     0x168c
 *(.debug_line)
 .debug_line    0x0000000000000000       0x66 C:/Users/SofianeAOUCI/Desktop/BE_VHDL_AOUCI_BONHOURE/BE/SOPC_dev/NIOS/software/NIOS_SoC_BarreFranche_bsp//obj/HAL/src/crt0.o
 .debug_line    0x0000000000000066      0x199 obj/default/hello_world_small.o
 .debug_line    0x00000000000001ff      0x203 c:/devtools/intel/intelfpga_lite/18.1/nios2eds/bin/gnu/h-x86_64-mingw32/bin/../lib/gcc/nios2-elf/5.3.0/../../../../../H-x86_64-mingw32/nios2-elf/lib/mno-hw-mul\libsmallc.a(lib_a-printf.o)
 .debug_line    0x0000000000000402      0x351 c:/devtools/intel/intelfpga_lite/18.1/nios2eds/bin/gnu/h-x86_64-mingw32/bin/../lib/gcc/nios2-elf/5.3.0/../../../../../H-x86_64-mingw32/nios2-elf/lib/mno-hw-mul\libsmallc.a(lib_a-vfprintf.o)
 .debug_line    0x0000000000000753      0x1f0 c:/devtools/intel/intelfpga_lite/18.1/nios2eds/bin/gnu/h-x86_64-mingw32/bin/../lib/gcc/nios2-elf/5.3.0/../../../../../H-x86_64-mingw32/nios2-elf/lib/mno-hw-mul\libsmallc.a(lib_a-fvwrite_small_dev.o)
 .debug_line    0x0000000000000943      0x156 c:/devtools/intel/intelfpga_lite/18.1/nios2eds/bin/gnu/h-x86_64-mingw32/bin/../lib/gcc/nios2-elf/5.3.0/../../../../../H-x86_64-mingw32/nios2-elf/lib/mno-hw-mul\libsmallc.a(lib_a-impure.o)
 .debug_line    0x0000000000000a99      0x15c c:/devtools/intel/intelfpga_lite/18.1/nios2eds/bin/gnu/h-x86_64-mingw32/bin/../lib/gcc/nios2-elf/5.3.0/../../../../../H-x86_64-mingw32/nios2-elf/lib/mno-hw-mul\libsmallc.a(lib_a-strlen.o)
 .debug_line    0x0000000000000bf5      0x1ed c:/devtools/intel/intelfpga_lite/18.1/nios2eds/bin/gnu/h-x86_64-mingw32/bin/../lib/gcc/nios2-elf/5.3.0/../../../../../H-x86_64-mingw32/nios2-elf/lib/mno-hw-mul\libsmallc.a(lib_a-writer.o)
 .debug_line    0x0000000000000de2       0x5f c:/devtools/intel/intelfpga_lite/18.1/nios2eds/bin/gnu/h-x86_64-mingw32/bin/../lib/gcc/nios2-elf/5.3.0/../../../../../H-x86_64-mingw32/nios2-elf/lib/mno-hw-mul\libsmallc.a(lib_a-int_errno.o)
 .debug_line    0x0000000000000e41      0x105 c:/devtools/intel/intelfpga_lite/18.1/nios2eds/bin/gnu/h-x86_64-mingw32/bin/../lib/gcc/nios2-elf/5.3.0/mno-hw-mul\libgcc.a(lib2-divmod.o)
 .debug_line    0x0000000000000f46       0x80 c:/devtools/intel/intelfpga_lite/18.1/nios2eds/bin/gnu/h-x86_64-mingw32/bin/../lib/gcc/nios2-elf/5.3.0/mno-hw-mul\libgcc.a(lib2-mul.o)
 .debug_line    0x0000000000000fc6       0xa4 C:/Users/SofianeAOUCI/Desktop/BE_VHDL_AOUCI_BONHOURE/BE/SOPC_dev/NIOS/software/NIOS_SoC_BarreFranche_bsp/\libhal_bsp.a(alt_load.o)
 .debug_line    0x000000000000106a       0xbd C:/Users/SofianeAOUCI/Desktop/BE_VHDL_AOUCI_BONHOURE/BE/SOPC_dev/NIOS/software/NIOS_SoC_BarreFranche_bsp/\libhal_bsp.a(alt_main.o)
 .debug_line    0x0000000000001127       0xaf C:/Users/SofianeAOUCI/Desktop/BE_VHDL_AOUCI_BONHOURE/BE/SOPC_dev/NIOS/software/NIOS_SoC_BarreFranche_bsp/\libhal_bsp.a(alt_putstr.o)
 .debug_line    0x00000000000011d6      0x188 C:/Users/SofianeAOUCI/Desktop/BE_VHDL_AOUCI_BONHOURE/BE/SOPC_dev/NIOS/software/NIOS_SoC_BarreFranche_bsp/\libhal_bsp.a(alt_write.o)
 .debug_line    0x000000000000135e      0x101 C:/Users/SofianeAOUCI/Desktop/BE_VHDL_AOUCI_BONHOURE/BE/SOPC_dev/NIOS/software/NIOS_SoC_BarreFranche_bsp/\libhal_bsp.a(alt_sys_init.o)
 .debug_line    0x000000000000145f       0xf0 C:/Users/SofianeAOUCI/Desktop/BE_VHDL_AOUCI_BONHOURE/BE/SOPC_dev/NIOS/software/NIOS_SoC_BarreFranche_bsp/\libhal_bsp.a(altera_avalon_jtag_uart_write.o)
 .debug_line    0x000000000000154f       0x4e C:/Users/SofianeAOUCI/Desktop/BE_VHDL_AOUCI_BONHOURE/BE/SOPC_dev/NIOS/software/NIOS_SoC_BarreFranche_bsp/\libhal_bsp.a(alt_dcache_flush_all.o)
 .debug_line    0x000000000000159d       0x51 C:/Users/SofianeAOUCI/Desktop/BE_VHDL_AOUCI_BONHOURE/BE/SOPC_dev/NIOS/software/NIOS_SoC_BarreFranche_bsp/\libhal_bsp.a(alt_errno.o)
 .debug_line    0x00000000000015ee       0x4e C:/Users/SofianeAOUCI/Desktop/BE_VHDL_AOUCI_BONHOURE/BE/SOPC_dev/NIOS/software/NIOS_SoC_BarreFranche_bsp/\libhal_bsp.a(alt_icache_flush_all.o)
 .debug_line    0x000000000000163c       0x50 C:/Users/SofianeAOUCI/Desktop/BE_VHDL_AOUCI_BONHOURE/BE/SOPC_dev/NIOS/software/NIOS_SoC_BarreFranche_bsp/\libhal_bsp.a(altera_nios2_gen2_irq.o)

.debug_frame    0x0000000000000000      0x3ac
 *(.debug_frame)
 .debug_frame   0x0000000000000000       0x44 obj/default/hello_world_small.o
 .debug_frame   0x0000000000000044       0x48 c:/devtools/intel/intelfpga_lite/18.1/nios2eds/bin/gnu/h-x86_64-mingw32/bin/../lib/gcc/nios2-elf/5.3.0/../../../../../H-x86_64-mingw32/nios2-elf/lib/mno-hw-mul\libsmallc.a(lib_a-printf.o)
 .debug_frame   0x000000000000008c       0x8c c:/devtools/intel/intelfpga_lite/18.1/nios2eds/bin/gnu/h-x86_64-mingw32/bin/../lib/gcc/nios2-elf/5.3.0/../../../../../H-x86_64-mingw32/nios2-elf/lib/mno-hw-mul\libsmallc.a(lib_a-vfprintf.o)
 .debug_frame   0x0000000000000118       0x58 c:/devtools/intel/intelfpga_lite/18.1/nios2eds/bin/gnu/h-x86_64-mingw32/bin/../lib/gcc/nios2-elf/5.3.0/../../../../../H-x86_64-mingw32/nios2-elf/lib/mno-hw-mul\libsmallc.a(lib_a-fvwrite_small_dev.o)
 .debug_frame   0x0000000000000170       0x20 c:/devtools/intel/intelfpga_lite/18.1/nios2eds/bin/gnu/h-x86_64-mingw32/bin/../lib/gcc/nios2-elf/5.3.0/../../../../../H-x86_64-mingw32/nios2-elf/lib/mno-hw-mul\libsmallc.a(lib_a-strlen.o)
 .debug_frame   0x0000000000000190       0x38 c:/devtools/intel/intelfpga_lite/18.1/nios2eds/bin/gnu/h-x86_64-mingw32/bin/../lib/gcc/nios2-elf/5.3.0/../../../../../H-x86_64-mingw32/nios2-elf/lib/mno-hw-mul\libsmallc.a(lib_a-writer.o)
 .debug_frame   0x00000000000001c8       0x50 c:/devtools/intel/intelfpga_lite/18.1/nios2eds/bin/gnu/h-x86_64-mingw32/bin/../lib/gcc/nios2-elf/5.3.0/mno-hw-mul\libgcc.a(lib2-divmod.o)
 .debug_frame   0x0000000000000218       0x20 c:/devtools/intel/intelfpga_lite/18.1/nios2eds/bin/gnu/h-x86_64-mingw32/bin/../lib/gcc/nios2-elf/5.3.0/mno-hw-mul\libgcc.a(lib2-mul.o)
 .debug_frame   0x0000000000000238       0x30 C:/Users/SofianeAOUCI/Desktop/BE_VHDL_AOUCI_BONHOURE/BE/SOPC_dev/NIOS/software/NIOS_SoC_BarreFranche_bsp/\libhal_bsp.a(alt_load.o)
 .debug_frame   0x0000000000000268       0x2c C:/Users/SofianeAOUCI/Desktop/BE_VHDL_AOUCI_BONHOURE/BE/SOPC_dev/NIOS/software/NIOS_SoC_BarreFranche_bsp/\libhal_bsp.a(alt_main.o)
 .debug_frame   0x0000000000000294       0x30 C:/Users/SofianeAOUCI/Desktop/BE_VHDL_AOUCI_BONHOURE/BE/SOPC_dev/NIOS/software/NIOS_SoC_BarreFranche_bsp/\libhal_bsp.a(alt_putstr.o)
 .debug_frame   0x00000000000002c4       0x2c C:/Users/SofianeAOUCI/Desktop/BE_VHDL_AOUCI_BONHOURE/BE/SOPC_dev/NIOS/software/NIOS_SoC_BarreFranche_bsp/\libhal_bsp.a(alt_write.o)
 .debug_frame   0x00000000000002f0       0x3c C:/Users/SofianeAOUCI/Desktop/BE_VHDL_AOUCI_BONHOURE/BE/SOPC_dev/NIOS/software/NIOS_SoC_BarreFranche_bsp/\libhal_bsp.a(alt_sys_init.o)
 .debug_frame   0x000000000000032c       0x20 C:/Users/SofianeAOUCI/Desktop/BE_VHDL_AOUCI_BONHOURE/BE/SOPC_dev/NIOS/software/NIOS_SoC_BarreFranche_bsp/\libhal_bsp.a(altera_avalon_jtag_uart_write.o)
 .debug_frame   0x000000000000034c       0x20 C:/Users/SofianeAOUCI/Desktop/BE_VHDL_AOUCI_BONHOURE/BE/SOPC_dev/NIOS/software/NIOS_SoC_BarreFranche_bsp/\libhal_bsp.a(alt_dcache_flush_all.o)
 .debug_frame   0x000000000000036c       0x20 C:/Users/SofianeAOUCI/Desktop/BE_VHDL_AOUCI_BONHOURE/BE/SOPC_dev/NIOS/software/NIOS_SoC_BarreFranche_bsp/\libhal_bsp.a(alt_icache_flush_all.o)
 .debug_frame   0x000000000000038c       0x20 C:/Users/SofianeAOUCI/Desktop/BE_VHDL_AOUCI_BONHOURE/BE/SOPC_dev/NIOS/software/NIOS_SoC_BarreFranche_bsp/\libhal_bsp.a(altera_nios2_gen2_irq.o)

.debug_str      0x0000000000000000      0xfb0
 *(.debug_str)
 .debug_str     0x0000000000000000      0x131 obj/default/hello_world_small.o
                                        0x162 (size before relaxing)
 .debug_str     0x0000000000000131      0x446 c:/devtools/intel/intelfpga_lite/18.1/nios2eds/bin/gnu/h-x86_64-mingw32/bin/../lib/gcc/nios2-elf/5.3.0/../../../../../H-x86_64-mingw32/nios2-elf/lib/mno-hw-mul\libsmallc.a(lib_a-printf.o)
                                        0x504 (size before relaxing)
 .debug_str     0x0000000000000577      0x1ff c:/devtools/intel/intelfpga_lite/18.1/nios2eds/bin/gnu/h-x86_64-mingw32/bin/../lib/gcc/nios2-elf/5.3.0/../../../../../H-x86_64-mingw32/nios2-elf/lib/mno-hw-mul\libsmallc.a(lib_a-vfprintf.o)
                                        0x67f (size before relaxing)
 .debug_str     0x0000000000000776       0x78 c:/devtools/intel/intelfpga_lite/18.1/nios2eds/bin/gnu/h-x86_64-mingw32/bin/../lib/gcc/nios2-elf/5.3.0/../../../../../H-x86_64-mingw32/nios2-elf/lib/mno-hw-mul\libsmallc.a(lib_a-fvwrite_small_dev.o)
                                        0x4d4 (size before relaxing)
 .debug_str     0x00000000000007ee       0xef c:/devtools/intel/intelfpga_lite/18.1/nios2eds/bin/gnu/h-x86_64-mingw32/bin/../lib/gcc/nios2-elf/5.3.0/../../../../../H-x86_64-mingw32/nios2-elf/lib/mno-hw-mul\libsmallc.a(lib_a-impure.o)
                                        0x4be (size before relaxing)
 .debug_str     0x00000000000008dd       0xd2 c:/devtools/intel/intelfpga_lite/18.1/nios2eds/bin/gnu/h-x86_64-mingw32/bin/../lib/gcc/nios2-elf/5.3.0/../../../../../H-x86_64-mingw32/nios2-elf/lib/mno-hw-mul\libsmallc.a(lib_a-strlen.o)
                                        0x1e5 (size before relaxing)
 .debug_str     0x00000000000009af       0x45 c:/devtools/intel/intelfpga_lite/18.1/nios2eds/bin/gnu/h-x86_64-mingw32/bin/../lib/gcc/nios2-elf/5.3.0/../../../../../H-x86_64-mingw32/nios2-elf/lib/mno-hw-mul\libsmallc.a(lib_a-writer.o)
                                        0x4b8 (size before relaxing)
 .debug_str     0x00000000000009f4       0x3f c:/devtools/intel/intelfpga_lite/18.1/nios2eds/bin/gnu/h-x86_64-mingw32/bin/../lib/gcc/nios2-elf/5.3.0/../../../../../H-x86_64-mingw32/nios2-elf/lib/mno-hw-mul\libsmallc.a(lib_a-int_errno.o)
                                        0x1d8 (size before relaxing)
 .debug_str     0x0000000000000a33      0x187 c:/devtools/intel/intelfpga_lite/18.1/nios2eds/bin/gnu/h-x86_64-mingw32/bin/../lib/gcc/nios2-elf/5.3.0/mno-hw-mul\libgcc.a(lib2-divmod.o)
                                        0x1d2 (size before relaxing)
 .debug_str     0x0000000000000bba       0x40 c:/devtools/intel/intelfpga_lite/18.1/nios2eds/bin/gnu/h-x86_64-mingw32/bin/../lib/gcc/nios2-elf/5.3.0/mno-hw-mul\libgcc.a(lib2-mul.o)
                                        0x193 (size before relaxing)
 .debug_str     0x0000000000000bfa      0x184 C:/Users/SofianeAOUCI/Desktop/BE_VHDL_AOUCI_BONHOURE/BE/SOPC_dev/NIOS/software/NIOS_SoC_BarreFranche_bsp/\libhal_bsp.a(alt_load.o)
                                        0x26b (size before relaxing)
 .debug_str     0x0000000000000d7e       0x8a C:/Users/SofianeAOUCI/Desktop/BE_VHDL_AOUCI_BONHOURE/BE/SOPC_dev/NIOS/software/NIOS_SoC_BarreFranche_bsp/\libhal_bsp.a(alt_main.o)
                                        0x1e4 (size before relaxing)
 .debug_str     0x0000000000000e08       0x58 C:/Users/SofianeAOUCI/Desktop/BE_VHDL_AOUCI_BONHOURE/BE/SOPC_dev/NIOS/software/NIOS_SoC_BarreFranche_bsp/\libhal_bsp.a(alt_putstr.o)
                                        0x1ba (size before relaxing)
 .debug_str     0x0000000000000e60       0x2c C:/Users/SofianeAOUCI/Desktop/BE_VHDL_AOUCI_BONHOURE/BE/SOPC_dev/NIOS/software/NIOS_SoC_BarreFranche_bsp/\libhal_bsp.a(alt_write.o)
                                        0x208 (size before relaxing)
 .debug_str     0x0000000000000e8c       0x86 C:/Users/SofianeAOUCI/Desktop/BE_VHDL_AOUCI_BONHOURE/BE/SOPC_dev/NIOS/software/NIOS_SoC_BarreFranche_bsp/\libhal_bsp.a(alt_sys_init.o)
                                        0x24e (size before relaxing)
 .debug_str     0x0000000000000f12       0x2c C:/Users/SofianeAOUCI/Desktop/BE_VHDL_AOUCI_BONHOURE/BE/SOPC_dev/NIOS/software/NIOS_SoC_BarreFranche_bsp/\libhal_bsp.a(altera_avalon_jtag_uart_write.o)
                                        0x244 (size before relaxing)
 .debug_str     0x0000000000000f3e       0x1f C:/Users/SofianeAOUCI/Desktop/BE_VHDL_AOUCI_BONHOURE/BE/SOPC_dev/NIOS/software/NIOS_SoC_BarreFranche_bsp/\libhal_bsp.a(alt_dcache_flush_all.o)
                                        0x184 (size before relaxing)
 .debug_str     0x0000000000000f5d       0x14 C:/Users/SofianeAOUCI/Desktop/BE_VHDL_AOUCI_BONHOURE/BE/SOPC_dev/NIOS/software/NIOS_SoC_BarreFranche_bsp/\libhal_bsp.a(alt_errno.o)
                                        0x174 (size before relaxing)
 .debug_str     0x0000000000000f71       0x1f C:/Users/SofianeAOUCI/Desktop/BE_VHDL_AOUCI_BONHOURE/BE/SOPC_dev/NIOS/software/NIOS_SoC_BarreFranche_bsp/\libhal_bsp.a(alt_icache_flush_all.o)
                                        0x184 (size before relaxing)
 .debug_str     0x0000000000000f90       0x20 C:/Users/SofianeAOUCI/Desktop/BE_VHDL_AOUCI_BONHOURE/BE/SOPC_dev/NIOS/software/NIOS_SoC_BarreFranche_bsp/\libhal_bsp.a(altera_nios2_gen2_irq.o)
                                        0x18b (size before relaxing)

.debug_loc      0x0000000000000000     0x1300
 *(.debug_loc)
 .debug_loc     0x0000000000000000       0xc6 c:/devtools/intel/intelfpga_lite/18.1/nios2eds/bin/gnu/h-x86_64-mingw32/bin/../lib/gcc/nios2-elf/5.3.0/../../../../../H-x86_64-mingw32/nios2-elf/lib/mno-hw-mul\libsmallc.a(lib_a-printf.o)
 .debug_loc     0x00000000000000c6      0x954 c:/devtools/intel/intelfpga_lite/18.1/nios2eds/bin/gnu/h-x86_64-mingw32/bin/../lib/gcc/nios2-elf/5.3.0/../../../../../H-x86_64-mingw32/nios2-elf/lib/mno-hw-mul\libsmallc.a(lib_a-vfprintf.o)
 .debug_loc     0x0000000000000a1a      0x110 c:/devtools/intel/intelfpga_lite/18.1/nios2eds/bin/gnu/h-x86_64-mingw32/bin/../lib/gcc/nios2-elf/5.3.0/../../../../../H-x86_64-mingw32/nios2-elf/lib/mno-hw-mul\libsmallc.a(lib_a-fvwrite_small_dev.o)
 .debug_loc     0x0000000000000b2a       0x1e c:/devtools/intel/intelfpga_lite/18.1/nios2eds/bin/gnu/h-x86_64-mingw32/bin/../lib/gcc/nios2-elf/5.3.0/../../../../../H-x86_64-mingw32/nios2-elf/lib/mno-hw-mul\libsmallc.a(lib_a-strlen.o)
 .debug_loc     0x0000000000000b48       0xa5 c:/devtools/intel/intelfpga_lite/18.1/nios2eds/bin/gnu/h-x86_64-mingw32/bin/../lib/gcc/nios2-elf/5.3.0/../../../../../H-x86_64-mingw32/nios2-elf/lib/mno-hw-mul\libsmallc.a(lib_a-writer.o)
 .debug_loc     0x0000000000000bed      0x4ce c:/devtools/intel/intelfpga_lite/18.1/nios2eds/bin/gnu/h-x86_64-mingw32/bin/../lib/gcc/nios2-elf/5.3.0/mno-hw-mul\libgcc.a(lib2-divmod.o)
 .debug_loc     0x00000000000010bb       0x93 c:/devtools/intel/intelfpga_lite/18.1/nios2eds/bin/gnu/h-x86_64-mingw32/bin/../lib/gcc/nios2-elf/5.3.0/mno-hw-mul\libgcc.a(lib2-mul.o)
 .debug_loc     0x000000000000114e       0x37 C:/Users/SofianeAOUCI/Desktop/BE_VHDL_AOUCI_BONHOURE/BE/SOPC_dev/NIOS/software/NIOS_SoC_BarreFranche_bsp/\libhal_bsp.a(alt_putstr.o)
 .debug_loc     0x0000000000001185       0xcf C:/Users/SofianeAOUCI/Desktop/BE_VHDL_AOUCI_BONHOURE/BE/SOPC_dev/NIOS/software/NIOS_SoC_BarreFranche_bsp/\libhal_bsp.a(alt_write.o)
 .debug_loc     0x0000000000001254       0x21 C:/Users/SofianeAOUCI/Desktop/BE_VHDL_AOUCI_BONHOURE/BE/SOPC_dev/NIOS/software/NIOS_SoC_BarreFranche_bsp/\libhal_bsp.a(alt_sys_init.o)
 .debug_loc     0x0000000000001275       0x8b C:/Users/SofianeAOUCI/Desktop/BE_VHDL_AOUCI_BONHOURE/BE/SOPC_dev/NIOS/software/NIOS_SoC_BarreFranche_bsp/\libhal_bsp.a(altera_avalon_jtag_uart_write.o)

.debug_macinfo
 *(.debug_macinfo)

.debug_weaknames
 *(.debug_weaknames)

.debug_funcnames
 *(.debug_funcnames)

.debug_typenames
 *(.debug_typenames)

.debug_varnames
 *(.debug_varnames)

.debug_alt_sim_info
                0x0000000000000000       0x10
 *(.debug_alt_sim_info)
 .debug_alt_sim_info
                0x0000000000000000       0x10 C:/Users/SofianeAOUCI/Desktop/BE_VHDL_AOUCI_BONHOURE/BE/SOPC_dev/NIOS/software/NIOS_SoC_BarreFranche_bsp//obj/HAL/src/crt0.o
                0x000000000001a000                __alt_data_end = 0x1a000
                0x000000000001a000                PROVIDE (__alt_stack_pointer, __alt_data_end)
                [!provide]                        PROVIDE (__alt_stack_limit, __alt_stack_base)
                [!provide]                        PROVIDE (__alt_heap_start, end)
                [!provide]                        PROVIDE (__alt_heap_limit, 0x1a000)
OUTPUT(NIOS_SoC_BarreFranche.elf elf32-littlenios2)

.debug_ranges   0x0000000000000000      0x240
 .debug_ranges  0x0000000000000000       0x20 C:/Users/SofianeAOUCI/Desktop/BE_VHDL_AOUCI_BONHOURE/BE/SOPC_dev/NIOS/software/NIOS_SoC_BarreFranche_bsp//obj/HAL/src/crt0.o
 .debug_ranges  0x0000000000000020       0x30 obj/default/hello_world_small.o
 .debug_ranges  0x0000000000000050       0x18 c:/devtools/intel/intelfpga_lite/18.1/nios2eds/bin/gnu/h-x86_64-mingw32/bin/../lib/gcc/nios2-elf/5.3.0/../../../../../H-x86_64-mingw32/nios2-elf/lib/mno-hw-mul\libsmallc.a(lib_a-printf.o)
 .debug_ranges  0x0000000000000068       0xc8 c:/devtools/intel/intelfpga_lite/18.1/nios2eds/bin/gnu/h-x86_64-mingw32/bin/../lib/gcc/nios2-elf/5.3.0/../../../../../H-x86_64-mingw32/nios2-elf/lib/mno-hw-mul\libsmallc.a(lib_a-vfprintf.o)
 .debug_ranges  0x0000000000000130       0x28 c:/devtools/intel/intelfpga_lite/18.1/nios2eds/bin/gnu/h-x86_64-mingw32/bin/../lib/gcc/nios2-elf/5.3.0/../../../../../H-x86_64-mingw32/nios2-elf/lib/mno-hw-mul\libsmallc.a(lib_a-fvwrite_small_dev.o)
 .debug_ranges  0x0000000000000158       0x10 c:/devtools/intel/intelfpga_lite/18.1/nios2eds/bin/gnu/h-x86_64-mingw32/bin/../lib/gcc/nios2-elf/5.3.0/../../../../../H-x86_64-mingw32/nios2-elf/lib/mno-hw-mul\libsmallc.a(lib_a-strlen.o)
 .debug_ranges  0x0000000000000168       0x10 c:/devtools/intel/intelfpga_lite/18.1/nios2eds/bin/gnu/h-x86_64-mingw32/bin/../lib/gcc/nios2-elf/5.3.0/../../../../../H-x86_64-mingw32/nios2-elf/lib/mno-hw-mul\libsmallc.a(lib_a-writer.o)
 .debug_ranges  0x0000000000000178       0x60 c:/devtools/intel/intelfpga_lite/18.1/nios2eds/bin/gnu/h-x86_64-mingw32/bin/../lib/gcc/nios2-elf/5.3.0/mno-hw-mul\libgcc.a(lib2-divmod.o)
 .debug_ranges  0x00000000000001d8       0x48 C:/Users/SofianeAOUCI/Desktop/BE_VHDL_AOUCI_BONHOURE/BE/SOPC_dev/NIOS/software/NIOS_SoC_BarreFranche_bsp/\libhal_bsp.a(alt_load.o)
 .debug_ranges  0x0000000000000220       0x20 C:/Users/SofianeAOUCI/Desktop/BE_VHDL_AOUCI_BONHOURE/BE/SOPC_dev/NIOS/software/NIOS_SoC_BarreFranche_bsp/\libhal_bsp.a(alt_write.o)
